Archive member included to satisfy reference by file (symbol)

c:/program files (x86)/atmel/studio/7.0/toolchain/avr8/avr8-gnu-toolchain/bin/../lib/gcc/avr/5.4.0/avr51\libgcc.a(_mulsi3.o)
                              Libraria/function.o (__mulsi3)
c:/program files (x86)/atmel/studio/7.0/toolchain/avr8/avr8-gnu-toolchain/bin/../lib/gcc/avr/5.4.0/avr51\libgcc.a(_udivmodhi4.o)
                              Libraria/clock.o (__udivmodhi4)
c:/program files (x86)/atmel/studio/7.0/toolchain/avr8/avr8-gnu-toolchain/bin/../lib/gcc/avr/5.4.0/avr51\libgcc.a(_divmodhi4.o)
                              Libraria/atmega128uart.o (__divmodhi4)
c:/program files (x86)/atmel/studio/7.0/toolchain/avr8/avr8-gnu-toolchain/bin/../lib/gcc/avr/5.4.0/avr51\libgcc.a(_udivmodsi4.o)
                              Libraria/atmega128twi.o (__udivmodsi4)
c:/program files (x86)/atmel/studio/7.0/toolchain/avr8/avr8-gnu-toolchain/bin/../lib/gcc/avr/5.4.0/avr51\libgcc.a(_divmodsi4.o)
                              Libraria/function.o (__divmodsi4)
c:/program files (x86)/atmel/studio/7.0/toolchain/avr8/avr8-gnu-toolchain/bin/../lib/gcc/avr/5.4.0/avr51\libgcc.a(_negsi2.o)
                              c:/program files (x86)/atmel/studio/7.0/toolchain/avr8/avr8-gnu-toolchain/bin/../lib/gcc/avr/5.4.0/avr51\libgcc.a(_divmodsi4.o) (__negsi2)
c:/program files (x86)/atmel/studio/7.0/toolchain/avr8/avr8-gnu-toolchain/bin/../lib/gcc/avr/5.4.0/avr51\libgcc.a(_exit.o)
                              C:/Program Files (x86)/Atmel/Studio/7.0/Packs/atmel/ATmega_DFP/1.2.209/gcc/dev/atmega128/avr51/crtatmega128.o (exit)
c:/program files (x86)/atmel/studio/7.0/toolchain/avr8/avr8-gnu-toolchain/bin/../lib/gcc/avr/5.4.0/avr51\libgcc.a(_tablejump2.o)
                              Libraria/atmega128interrupt.o (__tablejump2__)
c:/program files (x86)/atmel/studio/7.0/toolchain/avr8/avr8-gnu-toolchain/bin/../lib/gcc/avr/5.4.0/avr51\libgcc.a(_copy_data.o)
                              Libraria/atmega128uart.o (__do_copy_data)
c:/program files (x86)/atmel/studio/7.0/toolchain/avr8/avr8-gnu-toolchain/bin/../lib/gcc/avr/5.4.0/avr51\libgcc.a(_clear_bss.o)
                              Libraria/atmega128analog.o (__do_clear_bss)
c:/program files (x86)/atmel/studio/7.0/toolchain/avr8/avr8-gnu-toolchain/bin/../lib/gcc/avr/5.4.0/avr51\libgcc.a(_umulhisi3.o)
                              Libraria/clock.o (__umulhisi3)
c:/program files (x86)/atmel/studio/7.0/toolchain/avr8/avr8-gnu-toolchain/bin/../lib/gcc/avr/5.4.0/avr51\libgcc.a(_muluhisi3.o)
                              c:/program files (x86)/atmel/studio/7.0/toolchain/avr8/avr8-gnu-toolchain/bin/../lib/gcc/avr/5.4.0/avr51\libgcc.a(_mulsi3.o) (__muluhisi3)
C:/Program Files (x86)/Atmel/Studio/7.0/Packs/atmel/ATmega_DFP/1.2.209/gcc/dev/atmega128/avr51\libatmega128.a(eerd_block.o)
                              Libraria/eeprom.o (eeprom_read_block)
C:/Program Files (x86)/Atmel/Studio/7.0/Packs/atmel/ATmega_DFP/1.2.209/gcc/dev/atmega128/avr51\libatmega128.a(eerd_byte.o)
                              Libraria/eeprom.o (eeprom_read_byte)
C:/Program Files (x86)/Atmel/Studio/7.0/Packs/atmel/ATmega_DFP/1.2.209/gcc/dev/atmega128/avr51\libatmega128.a(eerd_word.o)
                              Libraria/eeprom.o (eeprom_read_word)
C:/Program Files (x86)/Atmel/Studio/7.0/Packs/atmel/ATmega_DFP/1.2.209/gcc/dev/atmega128/avr51\libatmega128.a(eeupd_block.o)
                              Libraria/eeprom.o (eeprom_update_block)
C:/Program Files (x86)/Atmel/Studio/7.0/Packs/atmel/ATmega_DFP/1.2.209/gcc/dev/atmega128/avr51\libatmega128.a(eeupd_byte.o)
                              Libraria/eeprom.o (eeprom_update_byte)
C:/Program Files (x86)/Atmel/Studio/7.0/Packs/atmel/ATmega_DFP/1.2.209/gcc/dev/atmega128/avr51\libatmega128.a(eeupd_dword.o)
                              Libraria/eeprom.o (eeprom_update_float)
C:/Program Files (x86)/Atmel/Studio/7.0/Packs/atmel/ATmega_DFP/1.2.209/gcc/dev/atmega128/avr51\libatmega128.a(eeupd_word.o)
                              Libraria/eeprom.o (eeprom_update_word)
C:/Program Files (x86)/Atmel/Studio/7.0/Packs/atmel/ATmega_DFP/1.2.209/gcc/dev/atmega128/avr51\libatmega128.a(eewr_block.o)
                              Libraria/eeprom.o (eeprom_write_block)
C:/Program Files (x86)/Atmel/Studio/7.0/Packs/atmel/ATmega_DFP/1.2.209/gcc/dev/atmega128/avr51\libatmega128.a(eewr_byte.o)
                              Libraria/eeprom.o (eeprom_write_byte)
C:/Program Files (x86)/Atmel/Studio/7.0/Packs/atmel/ATmega_DFP/1.2.209/gcc/dev/atmega128/avr51\libatmega128.a(eewr_dword.o)
                              Libraria/eeprom.o (eeprom_write_dword)
C:/Program Files (x86)/Atmel/Studio/7.0/Packs/atmel/ATmega_DFP/1.2.209/gcc/dev/atmega128/avr51\libatmega128.a(eewr_word.o)
                              Libraria/eeprom.o (eeprom_write_word)

Allocating common symbols
Common symbol       size              file

keypad_PORT         0x2               Libraria/keypad.o
lcd0_PIN            0x2               Libraria/lcd.o
uart_msg            0x40              Libraria/atmega128uart.o
CLOCK_timp          0x9               Libraria/clock.o
CLOCK_alarm_flag    0x1               Libraria/clock.o
FUNCstr             0x10              Libraria/function.o
timer1_state        0x1               Libraria/atmega128timer.o
alarmtime           0x3               Libraria/clock.o
UART_TxHead         0x1               Libraria/atmega128uart.o
mm74c923_mem        0x1               Libraria/mm74c923.o
MM74C923_KEY_CODE_INDEX
                    0x1               Libraria/mm74c923.o
keypadstring        0xf               Libraria/keypad.o
keypad_dataf        0x4               Libraria/keypad.o
lcd1_DDR            0x2               Libraria/lcd.o
MM74C923func        0x4a              Libraria/mm74c923.o
keypad_datai        0x4               Libraria/keypad.o
mm74c923_PIN        0x2               Libraria/mm74c923.o
lcd1_detect         0x1               Libraria/lcd.o
lcd1_PIN            0x2               Libraria/lcd.o
MM74C923_KEY_BUFFER_INDEX
                    0x1               Libraria/mm74c923.o
UART_LastRxError    0x1               Libraria/atmega128uart.o
tmp2                0x7               Libraria/lfsm.o
lcd0_DDR            0x2               Libraria/lcd.o
UART1_TxTail        0x1               Libraria/atmega128uart.o
KEYPADSTRINGINDEX   0x1               Libraria/keypad.o
lcd0_detect         0x1               Libraria/lcd.o
UART1_RxBuf         0x40              Libraria/atmega128uart.o
int6                0x6               main.o
uart1_index         0x2               Libraria/atmega128uart.o
UART_TxTail         0x1               Libraria/atmega128uart.o
UART1_RxHead        0x1               Libraria/atmega128uart.o
UART1_LastRxError   0x1               Libraria/atmega128uart.o
timer3_state        0x1               Libraria/atmega128timer.o
UART1_TxHead        0x1               Libraria/atmega128uart.o
keypad_PIN          0x2               Libraria/keypad.o
mm74c923_PORT       0x2               Libraria/mm74c923.o
TIMER0_COMPARE_MATCH
                    0x2               main.o
uart1_msg           0x40              Libraria/atmega128uart.o
relogio             0x14              main.o
data                0x7               Libraria/lfsm.o
timer2_state        0x1               Libraria/atmega128timer.o
time                0x3               Libraria/clock.o
mm74c923_tmp        0x1               Libraria/mm74c923.o
uart_index          0x1               Libraria/atmega128uart.o
count               0x1               main.o
UART1_TxBuf         0x40              Libraria/atmega128uart.o
MM74C923_pointer    0x2               Libraria/mm74c923.o
lcd0_PORT           0x2               Libraria/lcd.o
twi_chip_id         0x1               Libraria/atmega128twi.o
lcd1_PORT           0x2               Libraria/lcd.o
keypad_DDR          0x2               Libraria/keypad.o
UART_TxBuf          0x40              Libraria/atmega128uart.o
mm74c923_DDR        0x2               Libraria/mm74c923.o
laptime             0x3               Libraria/clock.o
i2c_output          0x1               Libraria/atmega128twi.o
a                   0x2               main.o
UART_RxHead         0x1               Libraria/atmega128uart.o
UART_RxTail         0x1               Libraria/atmega128uart.o
MM74C923_KEY_BUFFER
                    0x10              Libraria/mm74c923.o
UART1_RxTail        0x1               Libraria/atmega128uart.o
tmp1                0x7               Libraria/lfsm.o
timer0_state        0x1               Libraria/atmega128timer.o
CLOCK_compare_active
                    0x1               Libraria/clock.o
UART_RxBuf          0x40              Libraria/atmega128uart.o

Discarded input sections

 .data          0x00000000        0x0 C:/Program Files (x86)/Atmel/Studio/7.0/Packs/atmel/ATmega_DFP/1.2.209/gcc/dev/atmega128/avr51/crtatmega128.o
 .bss           0x00000000        0x0 C:/Program Files (x86)/Atmel/Studio/7.0/Packs/atmel/ATmega_DFP/1.2.209/gcc/dev/atmega128/avr51/crtatmega128.o
 .text          0x00000000        0x0 Libraria/atmega128analog.o
 .data          0x00000000        0x0 Libraria/atmega128analog.o
 .bss           0x00000000        0x0 Libraria/atmega128analog.o
 .text          0x00000000        0x0 Libraria/atmega128interrupt.o
 .data          0x00000000        0x0 Libraria/atmega128interrupt.o
 .bss           0x00000000        0x0 Libraria/atmega128interrupt.o
 .text          0x00000000        0x0 Libraria/atmega128spi.o
 .data          0x00000000        0x0 Libraria/atmega128spi.o
 .bss           0x00000000        0x0 Libraria/atmega128spi.o
 .text.spi_transfer_sync
                0x00000000       0x2c Libraria/atmega128spi.o
 .text.spi_transmit_sync
                0x00000000       0x24 Libraria/atmega128spi.o
 .text.spi_fast_shift
                0x00000000        0xa Libraria/atmega128spi.o
 .text.SPIenable
                0x00000000      0x10c Libraria/atmega128spi.o
 .text.spi_default
                0x00000000       0x16 Libraria/atmega128spi.o
 .text          0x00000000        0x0 Libraria/atmega128timer.o
 .data          0x00000000        0x0 Libraria/atmega128timer.o
 .bss           0x00000000        0x0 Libraria/atmega128timer.o
 .text.TIMER_COUNTER0_start
                0x00000000       0x8a Libraria/atmega128timer.o
 .text.TIMER_COUNTER0_compoutmode
                0x00000000       0x2a Libraria/atmega128timer.o
 .text.TIMER_COUNTER0_compare
                0x00000000        0x4 Libraria/atmega128timer.o
 .text.TIMER_COUNTER0_stop
                0x00000000        0xe Libraria/atmega128timer.o
 .text.TIMER_COUNTER2_start
                0x00000000       0x8a Libraria/atmega128timer.o
 .text.TIMER_COUNTER2_compoutmode
                0x00000000       0x2a Libraria/atmega128timer.o
 .text.TIMER_COUNTER2_compare
                0x00000000        0x4 Libraria/atmega128timer.o
 .text.TIMER_COUNTER2_stop
                0x00000000        0xe Libraria/atmega128timer.o
 .text.TIMER_COUNTER0enable
                0x00000000       0x84 Libraria/atmega128timer.o
 .text.TIMER_COUNTER2enable
                0x00000000       0x7e Libraria/atmega128timer.o
 .text          0x00000000        0x0 Libraria/atmega128twi.o
 .data          0x00000000        0x0 Libraria/atmega128twi.o
 .bss           0x00000000        0x0 Libraria/atmega128twi.o
 .text.twi_status
                0x00000000        0x8 Libraria/atmega128twi.o
 .text          0x00000000        0x0 Libraria/atmega128uart.o
 .data          0x00000000        0x0 Libraria/atmega128uart.o
 .bss           0x00000000        0x0 Libraria/atmega128uart.o
 .text.uart_getc
                0x00000000       0x22 Libraria/atmega128uart.o
 .text.uart_putc
                0x00000000       0x2e Libraria/atmega128uart.o
 .text.uart_puts
                0x00000000       0x1e Libraria/atmega128uart.o
 .text.uart_available
                0x00000000       0x1a Libraria/atmega128uart.o
 .text.uart_flush
                0x00000000        0xa Libraria/atmega128uart.o
 .text.UARTenable
                0x00000000      0x19a Libraria/atmega128uart.o
 .text.UART_Rx_pop
                0x00000000       0x22 Libraria/atmega128uart.o
 .text.uart_read
                0x00000000       0x48 Libraria/atmega128uart.o
 .text.UART_Tx_push
                0x00000000       0x1e Libraria/atmega128uart.o
 .text          0x00000000        0x0 Libraria/clock.o
 .data          0x00000000        0x0 Libraria/clock.o
 .bss           0x00000000        0x0 Libraria/clock.o
 .text          0x00000000        0x0 Libraria/eeprom.o
 .data          0x00000000        0x0 Libraria/eeprom.o
 .bss           0x00000000        0x0 Libraria/eeprom.o
 .text.EEPROMenable
                0x00000000       0x66 Libraria/eeprom.o
 .debug_info    0x00000000      0x2de Libraria/eeprom.o
 .debug_abbrev  0x00000000       0xb5 Libraria/eeprom.o
 .debug_aranges
                0x00000000       0x20 Libraria/eeprom.o
 .debug_ranges  0x00000000       0x10 Libraria/eeprom.o
 .debug_line    0x00000000      0x12c Libraria/eeprom.o
 .debug_str     0x00000000      0x270 Libraria/eeprom.o
 .comment       0x00000000       0x31 Libraria/eeprom.o
 .debug_frame   0x00000000       0x24 Libraria/eeprom.o
 .text          0x00000000        0x0 Libraria/function.o
 .data          0x00000000        0x0 Libraria/function.o
 .bss           0x00000000        0x0 Libraria/function.o
 .text.leap_year_check
                0x00000000       0x70 Libraria/function.o
 .text          0x00000000        0x0 Libraria/keypad.o
 .data          0x00000000        0x0 Libraria/keypad.o
 .bss           0x00000000        0x0 Libraria/keypad.o
 .text.KEYPADlh
                0x00000000        0x6 Libraria/keypad.o
 .text.KEYPADhl
                0x00000000        0x6 Libraria/keypad.o
 .text          0x00000000        0x0 Libraria/lcd.o
 .data          0x00000000        0x0 Libraria/lcd.o
 .bss           0x00000000        0x0 Libraria/lcd.o
 .text.LCD0_write
                0x00000000      0x188 Libraria/lcd.o
 .text.LCD0_read
                0x00000000       0xf6 Libraria/lcd.o
 .text.LCD0_BF  0x00000000       0x28 Libraria/lcd.o
 .text.LCD0_putch
                0x00000000        0xe Libraria/lcd.o
 .text.LCD0_getch
                0x00000000       0x16 Libraria/lcd.o
 .text.LCD0_string
                0x00000000       0x26 Libraria/lcd.o
 .text.LCD0_string_size
                0x00000000       0x66 Libraria/lcd.o
 .text.LCD0_hspace
                0x00000000       0x1e Libraria/lcd.o
 .text.LCD0_gotoxy
                0x00000000       0x5e Libraria/lcd.o
 .text.LCD0_clear
                0x00000000       0x18 Libraria/lcd.o
 .text.LCD0_inic
                0x00000000       0x98 Libraria/lcd.o
 .text.LCD0enable
                0x00000000       0xb0 Libraria/lcd.o
 .text.LCD0_reboot
                0x00000000       0x24 Libraria/lcd.o
 .text.LCD0_strobe
                0x00000000       0x1e Libraria/lcd.o
 .text.LCD1_strobe
                0x00000000       0x1e Libraria/lcd.o
 .text.LCD_ticks
                0x00000000       0x14 Libraria/lcd.o
 .text          0x00000000        0x0 Libraria/lfsm.o
 .data          0x00000000        0x0 Libraria/lfsm.o
 .bss           0x00000000        0x0 Libraria/lfsm.o
 .text.LFSMquant
                0x00000000       0x68 Libraria/lfsm.o
 .text.LFSMdeleteall
                0x00000000       0xa0 Libraria/lfsm.o
 .text.LFSMgetoutput
                0x00000000        0x6 Libraria/lfsm.o
 .text.LFSMgetstatus
                0x00000000        0x6 Libraria/lfsm.o
 .text.LFSMsetoutput
                0x00000000        0x8 Libraria/lfsm.o
 .text.LFSMgetpage
                0x00000000        0x6 Libraria/lfsm.o
 .text.LFSMsetpage
                0x00000000        0x6 Libraria/lfsm.o
 .text.LFSMread
                0x00000000      0x280 Libraria/lfsm.o
 .text.LFSMremove
                0x00000000      0x25e Libraria/lfsm.o
 .text.LFSMlearn
                0x00000000      0x186 Libraria/lfsm.o
 .text.LFSMenable
                0x00000000       0x66 Libraria/lfsm.o
 .text.LFSMlh   0x00000000        0x6 Libraria/lfsm.o
 .text.LFSMhl   0x00000000        0x6 Libraria/lfsm.o
 .text.LFSMoutputcalc
                0x00000000        0xc Libraria/lfsm.o
 .rodata.tmask  0x00000000        0x1 Libraria/lfsm.o
 .debug_info    0x00000000      0xeff Libraria/lfsm.o
 .debug_abbrev  0x00000000      0x2d5 Libraria/lfsm.o
 .debug_loc     0x00000000     0x1222 Libraria/lfsm.o
 .debug_aranges
                0x00000000       0x88 Libraria/lfsm.o
 .debug_ranges  0x00000000       0x78 Libraria/lfsm.o
 .debug_line    0x00000000      0x6ff Libraria/lfsm.o
 .debug_str     0x00000000      0x3ef Libraria/lfsm.o
 .comment       0x00000000       0x31 Libraria/lfsm.o
 .debug_frame   0x00000000      0x258 Libraria/lfsm.o
 COMMON         0x00000000       0x15 Libraria/lfsm.o
 .text          0x00000000        0x0 Libraria/mm74c923.o
 .data          0x00000000        0x0 Libraria/mm74c923.o
 .bss           0x00000000        0x0 Libraria/mm74c923.o
 .text.MM74C923_activate
                0x00000000       0x18 Libraria/mm74c923.o
 .text.MM74C923_getch
                0x00000000       0xee Libraria/mm74c923.o
 .text.MM74C923_gets
                0x00000000       0x38 Libraria/mm74c923.o
 .text.MM74C923_data
                0x00000000       0x2c Libraria/mm74c923.o
 .text.MM74C923_data_clear
                0x00000000        0xa Libraria/mm74c923.o
 .text.MM74C923enable
                0x00000000       0xf0 Libraria/mm74c923.o
 .bss.MM74C923_KEY_BUFFER_EMPTY
                0x00000000        0x1 Libraria/mm74c923.o
 .data.MM74C923_KEY_CODE
                0x00000000       0x35 Libraria/mm74c923.o
 .debug_info    0x00000000      0x811 Libraria/mm74c923.o
 .debug_abbrev  0x00000000      0x1ce Libraria/mm74c923.o
 .debug_loc     0x00000000      0x1c1 Libraria/mm74c923.o
 .debug_aranges
                0x00000000       0x48 Libraria/mm74c923.o
 .debug_ranges  0x00000000       0x38 Libraria/mm74c923.o
 .debug_line    0x00000000      0x2a9 Libraria/mm74c923.o
 .debug_str     0x00000000      0x444 Libraria/mm74c923.o
 .comment       0x00000000       0x31 Libraria/mm74c923.o
 .debug_frame   0x00000000       0xb4 Libraria/mm74c923.o
 COMMON         0x00000000       0x66 Libraria/mm74c923.o
 .text          0x00000000        0x0 Libraria/rotenc.o
 .data          0x00000000        0x0 Libraria/rotenc.o
 .bss           0x00000000        0x0 Libraria/rotenc.o
 .text.RotEnc_rte
                0x00000000       0xca Libraria/rotenc.o
 .text.ROTENCenable
                0x00000000       0x60 Libraria/rotenc.o
 .debug_info    0x00000000      0x19e Libraria/rotenc.o
 .debug_abbrev  0x00000000       0xe4 Libraria/rotenc.o
 .debug_loc     0x00000000      0x1e5 Libraria/rotenc.o
 .debug_aranges
                0x00000000       0x28 Libraria/rotenc.o
 .debug_ranges  0x00000000       0x18 Libraria/rotenc.o
 .debug_line    0x00000000      0x122 Libraria/rotenc.o
 .debug_str     0x00000000      0x1eb Libraria/rotenc.o
 .comment       0x00000000       0x31 Libraria/rotenc.o
 .debug_frame   0x00000000       0x54 Libraria/rotenc.o
 .text          0x00000000        0x0 main.o
 .data          0x00000000        0x0 main.o
 .bss           0x00000000        0x0 main.o
 .text          0x00000000        0x0 c:/program files (x86)/atmel/studio/7.0/toolchain/avr8/avr8-gnu-toolchain/bin/../lib/gcc/avr/5.4.0/avr51\libgcc.a(_mulsi3.o)
 .data          0x00000000        0x0 c:/program files (x86)/atmel/studio/7.0/toolchain/avr8/avr8-gnu-toolchain/bin/../lib/gcc/avr/5.4.0/avr51\libgcc.a(_mulsi3.o)
 .bss           0x00000000        0x0 c:/program files (x86)/atmel/studio/7.0/toolchain/avr8/avr8-gnu-toolchain/bin/../lib/gcc/avr/5.4.0/avr51\libgcc.a(_mulsi3.o)
 .text.libgcc.div
                0x00000000        0x0 c:/program files (x86)/atmel/studio/7.0/toolchain/avr8/avr8-gnu-toolchain/bin/../lib/gcc/avr/5.4.0/avr51\libgcc.a(_mulsi3.o)
 .text.libgcc   0x00000000        0x0 c:/program files (x86)/atmel/studio/7.0/toolchain/avr8/avr8-gnu-toolchain/bin/../lib/gcc/avr/5.4.0/avr51\libgcc.a(_mulsi3.o)
 .text.libgcc.prologue
                0x00000000        0x0 c:/program files (x86)/atmel/studio/7.0/toolchain/avr8/avr8-gnu-toolchain/bin/../lib/gcc/avr/5.4.0/avr51\libgcc.a(_mulsi3.o)
 .text.libgcc.builtins
                0x00000000        0x0 c:/program files (x86)/atmel/studio/7.0/toolchain/avr8/avr8-gnu-toolchain/bin/../lib/gcc/avr/5.4.0/avr51\libgcc.a(_mulsi3.o)
 .text.libgcc.fmul
                0x00000000        0x0 c:/program files (x86)/atmel/studio/7.0/toolchain/avr8/avr8-gnu-toolchain/bin/../lib/gcc/avr/5.4.0/avr51\libgcc.a(_mulsi3.o)
 .text.libgcc.fixed
                0x00000000        0x0 c:/program files (x86)/atmel/studio/7.0/toolchain/avr8/avr8-gnu-toolchain/bin/../lib/gcc/avr/5.4.0/avr51\libgcc.a(_mulsi3.o)
 .text          0x00000000        0x0 c:/program files (x86)/atmel/studio/7.0/toolchain/avr8/avr8-gnu-toolchain/bin/../lib/gcc/avr/5.4.0/avr51\libgcc.a(_udivmodhi4.o)
 .data          0x00000000        0x0 c:/program files (x86)/atmel/studio/7.0/toolchain/avr8/avr8-gnu-toolchain/bin/../lib/gcc/avr/5.4.0/avr51\libgcc.a(_udivmodhi4.o)
 .bss           0x00000000        0x0 c:/program files (x86)/atmel/studio/7.0/toolchain/avr8/avr8-gnu-toolchain/bin/../lib/gcc/avr/5.4.0/avr51\libgcc.a(_udivmodhi4.o)
 .text.libgcc.mul
                0x00000000        0x0 c:/program files (x86)/atmel/studio/7.0/toolchain/avr8/avr8-gnu-toolchain/bin/../lib/gcc/avr/5.4.0/avr51\libgcc.a(_udivmodhi4.o)
 .text.libgcc   0x00000000        0x0 c:/program files (x86)/atmel/studio/7.0/toolchain/avr8/avr8-gnu-toolchain/bin/../lib/gcc/avr/5.4.0/avr51\libgcc.a(_udivmodhi4.o)
 .text.libgcc.prologue
                0x00000000        0x0 c:/program files (x86)/atmel/studio/7.0/toolchain/avr8/avr8-gnu-toolchain/bin/../lib/gcc/avr/5.4.0/avr51\libgcc.a(_udivmodhi4.o)
 .text.libgcc.builtins
                0x00000000        0x0 c:/program files (x86)/atmel/studio/7.0/toolchain/avr8/avr8-gnu-toolchain/bin/../lib/gcc/avr/5.4.0/avr51\libgcc.a(_udivmodhi4.o)
 .text.libgcc.fmul
                0x00000000        0x0 c:/program files (x86)/atmel/studio/7.0/toolchain/avr8/avr8-gnu-toolchain/bin/../lib/gcc/avr/5.4.0/avr51\libgcc.a(_udivmodhi4.o)
 .text.libgcc.fixed
                0x00000000        0x0 c:/program files (x86)/atmel/studio/7.0/toolchain/avr8/avr8-gnu-toolchain/bin/../lib/gcc/avr/5.4.0/avr51\libgcc.a(_udivmodhi4.o)
 .text          0x00000000        0x0 c:/program files (x86)/atmel/studio/7.0/toolchain/avr8/avr8-gnu-toolchain/bin/../lib/gcc/avr/5.4.0/avr51\libgcc.a(_divmodhi4.o)
 .data          0x00000000        0x0 c:/program files (x86)/atmel/studio/7.0/toolchain/avr8/avr8-gnu-toolchain/bin/../lib/gcc/avr/5.4.0/avr51\libgcc.a(_divmodhi4.o)
 .bss           0x00000000        0x0 c:/program files (x86)/atmel/studio/7.0/toolchain/avr8/avr8-gnu-toolchain/bin/../lib/gcc/avr/5.4.0/avr51\libgcc.a(_divmodhi4.o)
 .text.libgcc.mul
                0x00000000        0x0 c:/program files (x86)/atmel/studio/7.0/toolchain/avr8/avr8-gnu-toolchain/bin/../lib/gcc/avr/5.4.0/avr51\libgcc.a(_divmodhi4.o)
 .text.libgcc   0x00000000        0x0 c:/program files (x86)/atmel/studio/7.0/toolchain/avr8/avr8-gnu-toolchain/bin/../lib/gcc/avr/5.4.0/avr51\libgcc.a(_divmodhi4.o)
 .text.libgcc.prologue
                0x00000000        0x0 c:/program files (x86)/atmel/studio/7.0/toolchain/avr8/avr8-gnu-toolchain/bin/../lib/gcc/avr/5.4.0/avr51\libgcc.a(_divmodhi4.o)
 .text.libgcc.builtins
                0x00000000        0x0 c:/program files (x86)/atmel/studio/7.0/toolchain/avr8/avr8-gnu-toolchain/bin/../lib/gcc/avr/5.4.0/avr51\libgcc.a(_divmodhi4.o)
 .text.libgcc.fmul
                0x00000000        0x0 c:/program files (x86)/atmel/studio/7.0/toolchain/avr8/avr8-gnu-toolchain/bin/../lib/gcc/avr/5.4.0/avr51\libgcc.a(_divmodhi4.o)
 .text.libgcc.fixed
                0x00000000        0x0 c:/program files (x86)/atmel/studio/7.0/toolchain/avr8/avr8-gnu-toolchain/bin/../lib/gcc/avr/5.4.0/avr51\libgcc.a(_divmodhi4.o)
 .text          0x00000000        0x0 c:/program files (x86)/atmel/studio/7.0/toolchain/avr8/avr8-gnu-toolchain/bin/../lib/gcc/avr/5.4.0/avr51\libgcc.a(_udivmodsi4.o)
 .data          0x00000000        0x0 c:/program files (x86)/atmel/studio/7.0/toolchain/avr8/avr8-gnu-toolchain/bin/../lib/gcc/avr/5.4.0/avr51\libgcc.a(_udivmodsi4.o)
 .bss           0x00000000        0x0 c:/program files (x86)/atmel/studio/7.0/toolchain/avr8/avr8-gnu-toolchain/bin/../lib/gcc/avr/5.4.0/avr51\libgcc.a(_udivmodsi4.o)
 .text.libgcc.mul
                0x00000000        0x0 c:/program files (x86)/atmel/studio/7.0/toolchain/avr8/avr8-gnu-toolchain/bin/../lib/gcc/avr/5.4.0/avr51\libgcc.a(_udivmodsi4.o)
 .text.libgcc   0x00000000        0x0 c:/program files (x86)/atmel/studio/7.0/toolchain/avr8/avr8-gnu-toolchain/bin/../lib/gcc/avr/5.4.0/avr51\libgcc.a(_udivmodsi4.o)
 .text.libgcc.prologue
                0x00000000        0x0 c:/program files (x86)/atmel/studio/7.0/toolchain/avr8/avr8-gnu-toolchain/bin/../lib/gcc/avr/5.4.0/avr51\libgcc.a(_udivmodsi4.o)
 .text.libgcc.builtins
                0x00000000        0x0 c:/program files (x86)/atmel/studio/7.0/toolchain/avr8/avr8-gnu-toolchain/bin/../lib/gcc/avr/5.4.0/avr51\libgcc.a(_udivmodsi4.o)
 .text.libgcc.fmul
                0x00000000        0x0 c:/program files (x86)/atmel/studio/7.0/toolchain/avr8/avr8-gnu-toolchain/bin/../lib/gcc/avr/5.4.0/avr51\libgcc.a(_udivmodsi4.o)
 .text.libgcc.fixed
                0x00000000        0x0 c:/program files (x86)/atmel/studio/7.0/toolchain/avr8/avr8-gnu-toolchain/bin/../lib/gcc/avr/5.4.0/avr51\libgcc.a(_udivmodsi4.o)
 .text          0x00000000        0x0 c:/program files (x86)/atmel/studio/7.0/toolchain/avr8/avr8-gnu-toolchain/bin/../lib/gcc/avr/5.4.0/avr51\libgcc.a(_divmodsi4.o)
 .data          0x00000000        0x0 c:/program files (x86)/atmel/studio/7.0/toolchain/avr8/avr8-gnu-toolchain/bin/../lib/gcc/avr/5.4.0/avr51\libgcc.a(_divmodsi4.o)
 .bss           0x00000000        0x0 c:/program files (x86)/atmel/studio/7.0/toolchain/avr8/avr8-gnu-toolchain/bin/../lib/gcc/avr/5.4.0/avr51\libgcc.a(_divmodsi4.o)
 .text.libgcc.mul
                0x00000000        0x0 c:/program files (x86)/atmel/studio/7.0/toolchain/avr8/avr8-gnu-toolchain/bin/../lib/gcc/avr/5.4.0/avr51\libgcc.a(_divmodsi4.o)
 .text.libgcc   0x00000000        0x0 c:/program files (x86)/atmel/studio/7.0/toolchain/avr8/avr8-gnu-toolchain/bin/../lib/gcc/avr/5.4.0/avr51\libgcc.a(_divmodsi4.o)
 .text.libgcc.prologue
                0x00000000        0x0 c:/program files (x86)/atmel/studio/7.0/toolchain/avr8/avr8-gnu-toolchain/bin/../lib/gcc/avr/5.4.0/avr51\libgcc.a(_divmodsi4.o)
 .text.libgcc.builtins
                0x00000000        0x0 c:/program files (x86)/atmel/studio/7.0/toolchain/avr8/avr8-gnu-toolchain/bin/../lib/gcc/avr/5.4.0/avr51\libgcc.a(_divmodsi4.o)
 .text.libgcc.fmul
                0x00000000        0x0 c:/program files (x86)/atmel/studio/7.0/toolchain/avr8/avr8-gnu-toolchain/bin/../lib/gcc/avr/5.4.0/avr51\libgcc.a(_divmodsi4.o)
 .text.libgcc.fixed
                0x00000000        0x0 c:/program files (x86)/atmel/studio/7.0/toolchain/avr8/avr8-gnu-toolchain/bin/../lib/gcc/avr/5.4.0/avr51\libgcc.a(_divmodsi4.o)
 .text          0x00000000        0x0 c:/program files (x86)/atmel/studio/7.0/toolchain/avr8/avr8-gnu-toolchain/bin/../lib/gcc/avr/5.4.0/avr51\libgcc.a(_negsi2.o)
 .data          0x00000000        0x0 c:/program files (x86)/atmel/studio/7.0/toolchain/avr8/avr8-gnu-toolchain/bin/../lib/gcc/avr/5.4.0/avr51\libgcc.a(_negsi2.o)
 .bss           0x00000000        0x0 c:/program files (x86)/atmel/studio/7.0/toolchain/avr8/avr8-gnu-toolchain/bin/../lib/gcc/avr/5.4.0/avr51\libgcc.a(_negsi2.o)
 .text.libgcc.mul
                0x00000000        0x0 c:/program files (x86)/atmel/studio/7.0/toolchain/avr8/avr8-gnu-toolchain/bin/../lib/gcc/avr/5.4.0/avr51\libgcc.a(_negsi2.o)
 .text.libgcc   0x00000000        0x0 c:/program files (x86)/atmel/studio/7.0/toolchain/avr8/avr8-gnu-toolchain/bin/../lib/gcc/avr/5.4.0/avr51\libgcc.a(_negsi2.o)
 .text.libgcc.prologue
                0x00000000        0x0 c:/program files (x86)/atmel/studio/7.0/toolchain/avr8/avr8-gnu-toolchain/bin/../lib/gcc/avr/5.4.0/avr51\libgcc.a(_negsi2.o)
 .text.libgcc.builtins
                0x00000000        0x0 c:/program files (x86)/atmel/studio/7.0/toolchain/avr8/avr8-gnu-toolchain/bin/../lib/gcc/avr/5.4.0/avr51\libgcc.a(_negsi2.o)
 .text.libgcc.fmul
                0x00000000        0x0 c:/program files (x86)/atmel/studio/7.0/toolchain/avr8/avr8-gnu-toolchain/bin/../lib/gcc/avr/5.4.0/avr51\libgcc.a(_negsi2.o)
 .text.libgcc.fixed
                0x00000000        0x0 c:/program files (x86)/atmel/studio/7.0/toolchain/avr8/avr8-gnu-toolchain/bin/../lib/gcc/avr/5.4.0/avr51\libgcc.a(_negsi2.o)
 .text          0x00000000        0x0 c:/program files (x86)/atmel/studio/7.0/toolchain/avr8/avr8-gnu-toolchain/bin/../lib/gcc/avr/5.4.0/avr51\libgcc.a(_exit.o)
 .data          0x00000000        0x0 c:/program files (x86)/atmel/studio/7.0/toolchain/avr8/avr8-gnu-toolchain/bin/../lib/gcc/avr/5.4.0/avr51\libgcc.a(_exit.o)
 .bss           0x00000000        0x0 c:/program files (x86)/atmel/studio/7.0/toolchain/avr8/avr8-gnu-toolchain/bin/../lib/gcc/avr/5.4.0/avr51\libgcc.a(_exit.o)
 .text.libgcc.mul
                0x00000000        0x0 c:/program files (x86)/atmel/studio/7.0/toolchain/avr8/avr8-gnu-toolchain/bin/../lib/gcc/avr/5.4.0/avr51\libgcc.a(_exit.o)
 .text.libgcc.div
                0x00000000        0x0 c:/program files (x86)/atmel/studio/7.0/toolchain/avr8/avr8-gnu-toolchain/bin/../lib/gcc/avr/5.4.0/avr51\libgcc.a(_exit.o)
 .text.libgcc   0x00000000        0x0 c:/program files (x86)/atmel/studio/7.0/toolchain/avr8/avr8-gnu-toolchain/bin/../lib/gcc/avr/5.4.0/avr51\libgcc.a(_exit.o)
 .text.libgcc.prologue
                0x00000000        0x0 c:/program files (x86)/atmel/studio/7.0/toolchain/avr8/avr8-gnu-toolchain/bin/../lib/gcc/avr/5.4.0/avr51\libgcc.a(_exit.o)
 .text.libgcc.builtins
                0x00000000        0x0 c:/program files (x86)/atmel/studio/7.0/toolchain/avr8/avr8-gnu-toolchain/bin/../lib/gcc/avr/5.4.0/avr51\libgcc.a(_exit.o)
 .text.libgcc.fmul
                0x00000000        0x0 c:/program files (x86)/atmel/studio/7.0/toolchain/avr8/avr8-gnu-toolchain/bin/../lib/gcc/avr/5.4.0/avr51\libgcc.a(_exit.o)
 .text.libgcc.fixed
                0x00000000        0x0 c:/program files (x86)/atmel/studio/7.0/toolchain/avr8/avr8-gnu-toolchain/bin/../lib/gcc/avr/5.4.0/avr51\libgcc.a(_exit.o)
 .text          0x00000000        0x0 c:/program files (x86)/atmel/studio/7.0/toolchain/avr8/avr8-gnu-toolchain/bin/../lib/gcc/avr/5.4.0/avr51\libgcc.a(_tablejump2.o)
 .data          0x00000000        0x0 c:/program files (x86)/atmel/studio/7.0/toolchain/avr8/avr8-gnu-toolchain/bin/../lib/gcc/avr/5.4.0/avr51\libgcc.a(_tablejump2.o)
 .bss           0x00000000        0x0 c:/program files (x86)/atmel/studio/7.0/toolchain/avr8/avr8-gnu-toolchain/bin/../lib/gcc/avr/5.4.0/avr51\libgcc.a(_tablejump2.o)
 .text.libgcc.mul
                0x00000000        0x0 c:/program files (x86)/atmel/studio/7.0/toolchain/avr8/avr8-gnu-toolchain/bin/../lib/gcc/avr/5.4.0/avr51\libgcc.a(_tablejump2.o)
 .text.libgcc.div
                0x00000000        0x0 c:/program files (x86)/atmel/studio/7.0/toolchain/avr8/avr8-gnu-toolchain/bin/../lib/gcc/avr/5.4.0/avr51\libgcc.a(_tablejump2.o)
 .text.libgcc.prologue
                0x00000000        0x0 c:/program files (x86)/atmel/studio/7.0/toolchain/avr8/avr8-gnu-toolchain/bin/../lib/gcc/avr/5.4.0/avr51\libgcc.a(_tablejump2.o)
 .text.libgcc.builtins
                0x00000000        0x0 c:/program files (x86)/atmel/studio/7.0/toolchain/avr8/avr8-gnu-toolchain/bin/../lib/gcc/avr/5.4.0/avr51\libgcc.a(_tablejump2.o)
 .text.libgcc.fmul
                0x00000000        0x0 c:/program files (x86)/atmel/studio/7.0/toolchain/avr8/avr8-gnu-toolchain/bin/../lib/gcc/avr/5.4.0/avr51\libgcc.a(_tablejump2.o)
 .text.libgcc.fixed
                0x00000000        0x0 c:/program files (x86)/atmel/studio/7.0/toolchain/avr8/avr8-gnu-toolchain/bin/../lib/gcc/avr/5.4.0/avr51\libgcc.a(_tablejump2.o)
 .text          0x00000000        0x0 c:/program files (x86)/atmel/studio/7.0/toolchain/avr8/avr8-gnu-toolchain/bin/../lib/gcc/avr/5.4.0/avr51\libgcc.a(_copy_data.o)
 .data          0x00000000        0x0 c:/program files (x86)/atmel/studio/7.0/toolchain/avr8/avr8-gnu-toolchain/bin/../lib/gcc/avr/5.4.0/avr51\libgcc.a(_copy_data.o)
 .bss           0x00000000        0x0 c:/program files (x86)/atmel/studio/7.0/toolchain/avr8/avr8-gnu-toolchain/bin/../lib/gcc/avr/5.4.0/avr51\libgcc.a(_copy_data.o)
 .text.libgcc.mul
                0x00000000        0x0 c:/program files (x86)/atmel/studio/7.0/toolchain/avr8/avr8-gnu-toolchain/bin/../lib/gcc/avr/5.4.0/avr51\libgcc.a(_copy_data.o)
 .text.libgcc.div
                0x00000000        0x0 c:/program files (x86)/atmel/studio/7.0/toolchain/avr8/avr8-gnu-toolchain/bin/../lib/gcc/avr/5.4.0/avr51\libgcc.a(_copy_data.o)
 .text.libgcc   0x00000000        0x0 c:/program files (x86)/atmel/studio/7.0/toolchain/avr8/avr8-gnu-toolchain/bin/../lib/gcc/avr/5.4.0/avr51\libgcc.a(_copy_data.o)
 .text.libgcc.prologue
                0x00000000        0x0 c:/program files (x86)/atmel/studio/7.0/toolchain/avr8/avr8-gnu-toolchain/bin/../lib/gcc/avr/5.4.0/avr51\libgcc.a(_copy_data.o)
 .text.libgcc.builtins
                0x00000000        0x0 c:/program files (x86)/atmel/studio/7.0/toolchain/avr8/avr8-gnu-toolchain/bin/../lib/gcc/avr/5.4.0/avr51\libgcc.a(_copy_data.o)
 .text.libgcc.fmul
                0x00000000        0x0 c:/program files (x86)/atmel/studio/7.0/toolchain/avr8/avr8-gnu-toolchain/bin/../lib/gcc/avr/5.4.0/avr51\libgcc.a(_copy_data.o)
 .text.libgcc.fixed
                0x00000000        0x0 c:/program files (x86)/atmel/studio/7.0/toolchain/avr8/avr8-gnu-toolchain/bin/../lib/gcc/avr/5.4.0/avr51\libgcc.a(_copy_data.o)
 .text          0x00000000        0x0 c:/program files (x86)/atmel/studio/7.0/toolchain/avr8/avr8-gnu-toolchain/bin/../lib/gcc/avr/5.4.0/avr51\libgcc.a(_clear_bss.o)
 .data          0x00000000        0x0 c:/program files (x86)/atmel/studio/7.0/toolchain/avr8/avr8-gnu-toolchain/bin/../lib/gcc/avr/5.4.0/avr51\libgcc.a(_clear_bss.o)
 .bss           0x00000000        0x0 c:/program files (x86)/atmel/studio/7.0/toolchain/avr8/avr8-gnu-toolchain/bin/../lib/gcc/avr/5.4.0/avr51\libgcc.a(_clear_bss.o)
 .text.libgcc.mul
                0x00000000        0x0 c:/program files (x86)/atmel/studio/7.0/toolchain/avr8/avr8-gnu-toolchain/bin/../lib/gcc/avr/5.4.0/avr51\libgcc.a(_clear_bss.o)
 .text.libgcc.div
                0x00000000        0x0 c:/program files (x86)/atmel/studio/7.0/toolchain/avr8/avr8-gnu-toolchain/bin/../lib/gcc/avr/5.4.0/avr51\libgcc.a(_clear_bss.o)
 .text.libgcc   0x00000000        0x0 c:/program files (x86)/atmel/studio/7.0/toolchain/avr8/avr8-gnu-toolchain/bin/../lib/gcc/avr/5.4.0/avr51\libgcc.a(_clear_bss.o)
 .text.libgcc.prologue
                0x00000000        0x0 c:/program files (x86)/atmel/studio/7.0/toolchain/avr8/avr8-gnu-toolchain/bin/../lib/gcc/avr/5.4.0/avr51\libgcc.a(_clear_bss.o)
 .text.libgcc.builtins
                0x00000000        0x0 c:/program files (x86)/atmel/studio/7.0/toolchain/avr8/avr8-gnu-toolchain/bin/../lib/gcc/avr/5.4.0/avr51\libgcc.a(_clear_bss.o)
 .text.libgcc.fmul
                0x00000000        0x0 c:/program files (x86)/atmel/studio/7.0/toolchain/avr8/avr8-gnu-toolchain/bin/../lib/gcc/avr/5.4.0/avr51\libgcc.a(_clear_bss.o)
 .text.libgcc.fixed
                0x00000000        0x0 c:/program files (x86)/atmel/studio/7.0/toolchain/avr8/avr8-gnu-toolchain/bin/../lib/gcc/avr/5.4.0/avr51\libgcc.a(_clear_bss.o)
 .text          0x00000000        0x0 c:/program files (x86)/atmel/studio/7.0/toolchain/avr8/avr8-gnu-toolchain/bin/../lib/gcc/avr/5.4.0/avr51\libgcc.a(_umulhisi3.o)
 .data          0x00000000        0x0 c:/program files (x86)/atmel/studio/7.0/toolchain/avr8/avr8-gnu-toolchain/bin/../lib/gcc/avr/5.4.0/avr51\libgcc.a(_umulhisi3.o)
 .bss           0x00000000        0x0 c:/program files (x86)/atmel/studio/7.0/toolchain/avr8/avr8-gnu-toolchain/bin/../lib/gcc/avr/5.4.0/avr51\libgcc.a(_umulhisi3.o)
 .text.libgcc.div
                0x00000000        0x0 c:/program files (x86)/atmel/studio/7.0/toolchain/avr8/avr8-gnu-toolchain/bin/../lib/gcc/avr/5.4.0/avr51\libgcc.a(_umulhisi3.o)
 .text.libgcc   0x00000000        0x0 c:/program files (x86)/atmel/studio/7.0/toolchain/avr8/avr8-gnu-toolchain/bin/../lib/gcc/avr/5.4.0/avr51\libgcc.a(_umulhisi3.o)
 .text.libgcc.prologue
                0x00000000        0x0 c:/program files (x86)/atmel/studio/7.0/toolchain/avr8/avr8-gnu-toolchain/bin/../lib/gcc/avr/5.4.0/avr51\libgcc.a(_umulhisi3.o)
 .text.libgcc.builtins
                0x00000000        0x0 c:/program files (x86)/atmel/studio/7.0/toolchain/avr8/avr8-gnu-toolchain/bin/../lib/gcc/avr/5.4.0/avr51\libgcc.a(_umulhisi3.o)
 .text.libgcc.fmul
                0x00000000        0x0 c:/program files (x86)/atmel/studio/7.0/toolchain/avr8/avr8-gnu-toolchain/bin/../lib/gcc/avr/5.4.0/avr51\libgcc.a(_umulhisi3.o)
 .text.libgcc.fixed
                0x00000000        0x0 c:/program files (x86)/atmel/studio/7.0/toolchain/avr8/avr8-gnu-toolchain/bin/../lib/gcc/avr/5.4.0/avr51\libgcc.a(_umulhisi3.o)
 .text          0x00000000        0x0 c:/program files (x86)/atmel/studio/7.0/toolchain/avr8/avr8-gnu-toolchain/bin/../lib/gcc/avr/5.4.0/avr51\libgcc.a(_muluhisi3.o)
 .data          0x00000000        0x0 c:/program files (x86)/atmel/studio/7.0/toolchain/avr8/avr8-gnu-toolchain/bin/../lib/gcc/avr/5.4.0/avr51\libgcc.a(_muluhisi3.o)
 .bss           0x00000000        0x0 c:/program files (x86)/atmel/studio/7.0/toolchain/avr8/avr8-gnu-toolchain/bin/../lib/gcc/avr/5.4.0/avr51\libgcc.a(_muluhisi3.o)
 .text.libgcc.div
                0x00000000        0x0 c:/program files (x86)/atmel/studio/7.0/toolchain/avr8/avr8-gnu-toolchain/bin/../lib/gcc/avr/5.4.0/avr51\libgcc.a(_muluhisi3.o)
 .text.libgcc   0x00000000        0x0 c:/program files (x86)/atmel/studio/7.0/toolchain/avr8/avr8-gnu-toolchain/bin/../lib/gcc/avr/5.4.0/avr51\libgcc.a(_muluhisi3.o)
 .text.libgcc.prologue
                0x00000000        0x0 c:/program files (x86)/atmel/studio/7.0/toolchain/avr8/avr8-gnu-toolchain/bin/../lib/gcc/avr/5.4.0/avr51\libgcc.a(_muluhisi3.o)
 .text.libgcc.builtins
                0x00000000        0x0 c:/program files (x86)/atmel/studio/7.0/toolchain/avr8/avr8-gnu-toolchain/bin/../lib/gcc/avr/5.4.0/avr51\libgcc.a(_muluhisi3.o)
 .text.libgcc.fmul
                0x00000000        0x0 c:/program files (x86)/atmel/studio/7.0/toolchain/avr8/avr8-gnu-toolchain/bin/../lib/gcc/avr/5.4.0/avr51\libgcc.a(_muluhisi3.o)
 .text.libgcc.fixed
                0x00000000        0x0 c:/program files (x86)/atmel/studio/7.0/toolchain/avr8/avr8-gnu-toolchain/bin/../lib/gcc/avr/5.4.0/avr51\libgcc.a(_muluhisi3.o)
 .text          0x00000000        0x0 C:/Program Files (x86)/Atmel/Studio/7.0/Packs/atmel/ATmega_DFP/1.2.209/gcc/dev/atmega128/avr51\libatmega128.a(eerd_block.o)
 .data          0x00000000        0x0 C:/Program Files (x86)/Atmel/Studio/7.0/Packs/atmel/ATmega_DFP/1.2.209/gcc/dev/atmega128/avr51\libatmega128.a(eerd_block.o)
 .bss           0x00000000        0x0 C:/Program Files (x86)/Atmel/Studio/7.0/Packs/atmel/ATmega_DFP/1.2.209/gcc/dev/atmega128/avr51\libatmega128.a(eerd_block.o)
 .text.avr-libc
                0x00000000       0x20 C:/Program Files (x86)/Atmel/Studio/7.0/Packs/atmel/ATmega_DFP/1.2.209/gcc/dev/atmega128/avr51\libatmega128.a(eerd_block.o)
 .debug_line    0x00000000       0xab C:/Program Files (x86)/Atmel/Studio/7.0/Packs/atmel/ATmega_DFP/1.2.209/gcc/dev/atmega128/avr51\libatmega128.a(eerd_block.o)
 .debug_info    0x00000000       0xad C:/Program Files (x86)/Atmel/Studio/7.0/Packs/atmel/ATmega_DFP/1.2.209/gcc/dev/atmega128/avr51\libatmega128.a(eerd_block.o)
 .debug_abbrev  0x00000000       0x14 C:/Program Files (x86)/Atmel/Studio/7.0/Packs/atmel/ATmega_DFP/1.2.209/gcc/dev/atmega128/avr51\libatmega128.a(eerd_block.o)
 .debug_aranges
                0x00000000       0x20 C:/Program Files (x86)/Atmel/Studio/7.0/Packs/atmel/ATmega_DFP/1.2.209/gcc/dev/atmega128/avr51\libatmega128.a(eerd_block.o)
 .text          0x00000000        0x0 C:/Program Files (x86)/Atmel/Studio/7.0/Packs/atmel/ATmega_DFP/1.2.209/gcc/dev/atmega128/avr51\libatmega128.a(eerd_byte.o)
 .data          0x00000000        0x0 C:/Program Files (x86)/Atmel/Studio/7.0/Packs/atmel/ATmega_DFP/1.2.209/gcc/dev/atmega128/avr51\libatmega128.a(eerd_byte.o)
 .bss           0x00000000        0x0 C:/Program Files (x86)/Atmel/Studio/7.0/Packs/atmel/ATmega_DFP/1.2.209/gcc/dev/atmega128/avr51\libatmega128.a(eerd_byte.o)
 .text.avr-libc
                0x00000000       0x10 C:/Program Files (x86)/Atmel/Studio/7.0/Packs/atmel/ATmega_DFP/1.2.209/gcc/dev/atmega128/avr51\libatmega128.a(eerd_byte.o)
 .debug_line    0x00000000       0x7a C:/Program Files (x86)/Atmel/Studio/7.0/Packs/atmel/ATmega_DFP/1.2.209/gcc/dev/atmega128/avr51\libatmega128.a(eerd_byte.o)
 .debug_info    0x00000000       0xac C:/Program Files (x86)/Atmel/Studio/7.0/Packs/atmel/ATmega_DFP/1.2.209/gcc/dev/atmega128/avr51\libatmega128.a(eerd_byte.o)
 .debug_abbrev  0x00000000       0x14 C:/Program Files (x86)/Atmel/Studio/7.0/Packs/atmel/ATmega_DFP/1.2.209/gcc/dev/atmega128/avr51\libatmega128.a(eerd_byte.o)
 .debug_aranges
                0x00000000       0x20 C:/Program Files (x86)/Atmel/Studio/7.0/Packs/atmel/ATmega_DFP/1.2.209/gcc/dev/atmega128/avr51\libatmega128.a(eerd_byte.o)
 .text          0x00000000        0x0 C:/Program Files (x86)/Atmel/Studio/7.0/Packs/atmel/ATmega_DFP/1.2.209/gcc/dev/atmega128/avr51\libatmega128.a(eerd_word.o)
 .data          0x00000000        0x0 C:/Program Files (x86)/Atmel/Studio/7.0/Packs/atmel/ATmega_DFP/1.2.209/gcc/dev/atmega128/avr51\libatmega128.a(eerd_word.o)
 .bss           0x00000000        0x0 C:/Program Files (x86)/Atmel/Studio/7.0/Packs/atmel/ATmega_DFP/1.2.209/gcc/dev/atmega128/avr51\libatmega128.a(eerd_word.o)
 .text.avr-libc
                0x00000000        0xc C:/Program Files (x86)/Atmel/Studio/7.0/Packs/atmel/ATmega_DFP/1.2.209/gcc/dev/atmega128/avr51\libatmega128.a(eerd_word.o)
 .debug_line    0x00000000       0x67 C:/Program Files (x86)/Atmel/Studio/7.0/Packs/atmel/ATmega_DFP/1.2.209/gcc/dev/atmega128/avr51\libatmega128.a(eerd_word.o)
 .debug_info    0x00000000       0xac C:/Program Files (x86)/Atmel/Studio/7.0/Packs/atmel/ATmega_DFP/1.2.209/gcc/dev/atmega128/avr51\libatmega128.a(eerd_word.o)
 .debug_abbrev  0x00000000       0x14 C:/Program Files (x86)/Atmel/Studio/7.0/Packs/atmel/ATmega_DFP/1.2.209/gcc/dev/atmega128/avr51\libatmega128.a(eerd_word.o)
 .debug_aranges
                0x00000000       0x20 C:/Program Files (x86)/Atmel/Studio/7.0/Packs/atmel/ATmega_DFP/1.2.209/gcc/dev/atmega128/avr51\libatmega128.a(eerd_word.o)
 .text          0x00000000        0x0 C:/Program Files (x86)/Atmel/Studio/7.0/Packs/atmel/ATmega_DFP/1.2.209/gcc/dev/atmega128/avr51\libatmega128.a(eeupd_block.o)
 .data          0x00000000        0x0 C:/Program Files (x86)/Atmel/Studio/7.0/Packs/atmel/ATmega_DFP/1.2.209/gcc/dev/atmega128/avr51\libatmega128.a(eeupd_block.o)
 .bss           0x00000000        0x0 C:/Program Files (x86)/Atmel/Studio/7.0/Packs/atmel/ATmega_DFP/1.2.209/gcc/dev/atmega128/avr51\libatmega128.a(eeupd_block.o)
 .text.avr-libc
                0x00000000       0x20 C:/Program Files (x86)/Atmel/Studio/7.0/Packs/atmel/ATmega_DFP/1.2.209/gcc/dev/atmega128/avr51\libatmega128.a(eeupd_block.o)
 .debug_line    0x00000000       0xa5 C:/Program Files (x86)/Atmel/Studio/7.0/Packs/atmel/ATmega_DFP/1.2.209/gcc/dev/atmega128/avr51\libatmega128.a(eeupd_block.o)
 .debug_info    0x00000000       0xae C:/Program Files (x86)/Atmel/Studio/7.0/Packs/atmel/ATmega_DFP/1.2.209/gcc/dev/atmega128/avr51\libatmega128.a(eeupd_block.o)
 .debug_abbrev  0x00000000       0x14 C:/Program Files (x86)/Atmel/Studio/7.0/Packs/atmel/ATmega_DFP/1.2.209/gcc/dev/atmega128/avr51\libatmega128.a(eeupd_block.o)
 .debug_aranges
                0x00000000       0x20 C:/Program Files (x86)/Atmel/Studio/7.0/Packs/atmel/ATmega_DFP/1.2.209/gcc/dev/atmega128/avr51\libatmega128.a(eeupd_block.o)
 .text          0x00000000        0x0 C:/Program Files (x86)/Atmel/Studio/7.0/Packs/atmel/ATmega_DFP/1.2.209/gcc/dev/atmega128/avr51\libatmega128.a(eeupd_byte.o)
 .data          0x00000000        0x0 C:/Program Files (x86)/Atmel/Studio/7.0/Packs/atmel/ATmega_DFP/1.2.209/gcc/dev/atmega128/avr51\libatmega128.a(eeupd_byte.o)
 .bss           0x00000000        0x0 C:/Program Files (x86)/Atmel/Studio/7.0/Packs/atmel/ATmega_DFP/1.2.209/gcc/dev/atmega128/avr51\libatmega128.a(eeupd_byte.o)
 .text.avr-libc
                0x00000000       0x22 C:/Program Files (x86)/Atmel/Studio/7.0/Packs/atmel/ATmega_DFP/1.2.209/gcc/dev/atmega128/avr51\libatmega128.a(eeupd_byte.o)
 .debug_line    0x00000000       0xb0 C:/Program Files (x86)/Atmel/Studio/7.0/Packs/atmel/ATmega_DFP/1.2.209/gcc/dev/atmega128/avr51\libatmega128.a(eeupd_byte.o)
 .debug_info    0x00000000       0xad C:/Program Files (x86)/Atmel/Studio/7.0/Packs/atmel/ATmega_DFP/1.2.209/gcc/dev/atmega128/avr51\libatmega128.a(eeupd_byte.o)
 .debug_abbrev  0x00000000       0x14 C:/Program Files (x86)/Atmel/Studio/7.0/Packs/atmel/ATmega_DFP/1.2.209/gcc/dev/atmega128/avr51\libatmega128.a(eeupd_byte.o)
 .debug_aranges
                0x00000000       0x20 C:/Program Files (x86)/Atmel/Studio/7.0/Packs/atmel/ATmega_DFP/1.2.209/gcc/dev/atmega128/avr51\libatmega128.a(eeupd_byte.o)
 .text          0x00000000        0x0 C:/Program Files (x86)/Atmel/Studio/7.0/Packs/atmel/ATmega_DFP/1.2.209/gcc/dev/atmega128/avr51\libatmega128.a(eeupd_dword.o)
 .data          0x00000000        0x0 C:/Program Files (x86)/Atmel/Studio/7.0/Packs/atmel/ATmega_DFP/1.2.209/gcc/dev/atmega128/avr51\libatmega128.a(eeupd_dword.o)
 .bss           0x00000000        0x0 C:/Program Files (x86)/Atmel/Studio/7.0/Packs/atmel/ATmega_DFP/1.2.209/gcc/dev/atmega128/avr51\libatmega128.a(eeupd_dword.o)
 .text.avr-libc
                0x00000000       0x18 C:/Program Files (x86)/Atmel/Studio/7.0/Packs/atmel/ATmega_DFP/1.2.209/gcc/dev/atmega128/avr51\libatmega128.a(eeupd_dword.o)
 .debug_line    0x00000000       0x7b C:/Program Files (x86)/Atmel/Studio/7.0/Packs/atmel/ATmega_DFP/1.2.209/gcc/dev/atmega128/avr51\libatmega128.a(eeupd_dword.o)
 .debug_info    0x00000000       0xae C:/Program Files (x86)/Atmel/Studio/7.0/Packs/atmel/ATmega_DFP/1.2.209/gcc/dev/atmega128/avr51\libatmega128.a(eeupd_dword.o)
 .debug_abbrev  0x00000000       0x14 C:/Program Files (x86)/Atmel/Studio/7.0/Packs/atmel/ATmega_DFP/1.2.209/gcc/dev/atmega128/avr51\libatmega128.a(eeupd_dword.o)
 .debug_aranges
                0x00000000       0x20 C:/Program Files (x86)/Atmel/Studio/7.0/Packs/atmel/ATmega_DFP/1.2.209/gcc/dev/atmega128/avr51\libatmega128.a(eeupd_dword.o)
 .text          0x00000000        0x0 C:/Program Files (x86)/Atmel/Studio/7.0/Packs/atmel/ATmega_DFP/1.2.209/gcc/dev/atmega128/avr51\libatmega128.a(eeupd_word.o)
 .data          0x00000000        0x0 C:/Program Files (x86)/Atmel/Studio/7.0/Packs/atmel/ATmega_DFP/1.2.209/gcc/dev/atmega128/avr51\libatmega128.a(eeupd_word.o)
 .bss           0x00000000        0x0 C:/Program Files (x86)/Atmel/Studio/7.0/Packs/atmel/ATmega_DFP/1.2.209/gcc/dev/atmega128/avr51\libatmega128.a(eeupd_word.o)
 .text.avr-libc
                0x00000000        0xc C:/Program Files (x86)/Atmel/Studio/7.0/Packs/atmel/ATmega_DFP/1.2.209/gcc/dev/atmega128/avr51\libatmega128.a(eeupd_word.o)
 .debug_line    0x00000000       0x62 C:/Program Files (x86)/Atmel/Studio/7.0/Packs/atmel/ATmega_DFP/1.2.209/gcc/dev/atmega128/avr51\libatmega128.a(eeupd_word.o)
 .debug_info    0x00000000       0xad C:/Program Files (x86)/Atmel/Studio/7.0/Packs/atmel/ATmega_DFP/1.2.209/gcc/dev/atmega128/avr51\libatmega128.a(eeupd_word.o)
 .debug_abbrev  0x00000000       0x14 C:/Program Files (x86)/Atmel/Studio/7.0/Packs/atmel/ATmega_DFP/1.2.209/gcc/dev/atmega128/avr51\libatmega128.a(eeupd_word.o)
 .debug_aranges
                0x00000000       0x20 C:/Program Files (x86)/Atmel/Studio/7.0/Packs/atmel/ATmega_DFP/1.2.209/gcc/dev/atmega128/avr51\libatmega128.a(eeupd_word.o)
 .text          0x00000000        0x0 C:/Program Files (x86)/Atmel/Studio/7.0/Packs/atmel/ATmega_DFP/1.2.209/gcc/dev/atmega128/avr51\libatmega128.a(eewr_block.o)
 .data          0x00000000        0x0 C:/Program Files (x86)/Atmel/Studio/7.0/Packs/atmel/ATmega_DFP/1.2.209/gcc/dev/atmega128/avr51\libatmega128.a(eewr_block.o)
 .bss           0x00000000        0x0 C:/Program Files (x86)/Atmel/Studio/7.0/Packs/atmel/ATmega_DFP/1.2.209/gcc/dev/atmega128/avr51\libatmega128.a(eewr_block.o)
 .text.avr-libc
                0x00000000       0x14 C:/Program Files (x86)/Atmel/Studio/7.0/Packs/atmel/ATmega_DFP/1.2.209/gcc/dev/atmega128/avr51\libatmega128.a(eewr_block.o)
 .debug_line    0x00000000       0x80 C:/Program Files (x86)/Atmel/Studio/7.0/Packs/atmel/ATmega_DFP/1.2.209/gcc/dev/atmega128/avr51\libatmega128.a(eewr_block.o)
 .debug_info    0x00000000       0xad C:/Program Files (x86)/Atmel/Studio/7.0/Packs/atmel/ATmega_DFP/1.2.209/gcc/dev/atmega128/avr51\libatmega128.a(eewr_block.o)
 .debug_abbrev  0x00000000       0x14 C:/Program Files (x86)/Atmel/Studio/7.0/Packs/atmel/ATmega_DFP/1.2.209/gcc/dev/atmega128/avr51\libatmega128.a(eewr_block.o)
 .debug_aranges
                0x00000000       0x20 C:/Program Files (x86)/Atmel/Studio/7.0/Packs/atmel/ATmega_DFP/1.2.209/gcc/dev/atmega128/avr51\libatmega128.a(eewr_block.o)
 .text          0x00000000        0x0 C:/Program Files (x86)/Atmel/Studio/7.0/Packs/atmel/ATmega_DFP/1.2.209/gcc/dev/atmega128/avr51\libatmega128.a(eewr_byte.o)
 .data          0x00000000        0x0 C:/Program Files (x86)/Atmel/Studio/7.0/Packs/atmel/ATmega_DFP/1.2.209/gcc/dev/atmega128/avr51\libatmega128.a(eewr_byte.o)
 .bss           0x00000000        0x0 C:/Program Files (x86)/Atmel/Studio/7.0/Packs/atmel/ATmega_DFP/1.2.209/gcc/dev/atmega128/avr51\libatmega128.a(eewr_byte.o)
 .text.avr-libc
                0x00000000       0x1a C:/Program Files (x86)/Atmel/Studio/7.0/Packs/atmel/ATmega_DFP/1.2.209/gcc/dev/atmega128/avr51\libatmega128.a(eewr_byte.o)
 .debug_line    0x00000000       0x98 C:/Program Files (x86)/Atmel/Studio/7.0/Packs/atmel/ATmega_DFP/1.2.209/gcc/dev/atmega128/avr51\libatmega128.a(eewr_byte.o)
 .debug_info    0x00000000       0xac C:/Program Files (x86)/Atmel/Studio/7.0/Packs/atmel/ATmega_DFP/1.2.209/gcc/dev/atmega128/avr51\libatmega128.a(eewr_byte.o)
 .debug_abbrev  0x00000000       0x14 C:/Program Files (x86)/Atmel/Studio/7.0/Packs/atmel/ATmega_DFP/1.2.209/gcc/dev/atmega128/avr51\libatmega128.a(eewr_byte.o)
 .debug_aranges
                0x00000000       0x20 C:/Program Files (x86)/Atmel/Studio/7.0/Packs/atmel/ATmega_DFP/1.2.209/gcc/dev/atmega128/avr51\libatmega128.a(eewr_byte.o)
 .text          0x00000000        0x0 C:/Program Files (x86)/Atmel/Studio/7.0/Packs/atmel/ATmega_DFP/1.2.209/gcc/dev/atmega128/avr51\libatmega128.a(eewr_dword.o)
 .data          0x00000000        0x0 C:/Program Files (x86)/Atmel/Studio/7.0/Packs/atmel/ATmega_DFP/1.2.209/gcc/dev/atmega128/avr51\libatmega128.a(eewr_dword.o)
 .bss           0x00000000        0x0 C:/Program Files (x86)/Atmel/Studio/7.0/Packs/atmel/ATmega_DFP/1.2.209/gcc/dev/atmega128/avr51\libatmega128.a(eewr_dword.o)
 .text.avr-libc
                0x00000000       0x10 C:/Program Files (x86)/Atmel/Studio/7.0/Packs/atmel/ATmega_DFP/1.2.209/gcc/dev/atmega128/avr51\libatmega128.a(eewr_dword.o)
 .debug_line    0x00000000       0x68 C:/Program Files (x86)/Atmel/Studio/7.0/Packs/atmel/ATmega_DFP/1.2.209/gcc/dev/atmega128/avr51\libatmega128.a(eewr_dword.o)
 .debug_info    0x00000000       0xad C:/Program Files (x86)/Atmel/Studio/7.0/Packs/atmel/ATmega_DFP/1.2.209/gcc/dev/atmega128/avr51\libatmega128.a(eewr_dword.o)
 .debug_abbrev  0x00000000       0x14 C:/Program Files (x86)/Atmel/Studio/7.0/Packs/atmel/ATmega_DFP/1.2.209/gcc/dev/atmega128/avr51\libatmega128.a(eewr_dword.o)
 .debug_aranges
                0x00000000       0x20 C:/Program Files (x86)/Atmel/Studio/7.0/Packs/atmel/ATmega_DFP/1.2.209/gcc/dev/atmega128/avr51\libatmega128.a(eewr_dword.o)
 .text          0x00000000        0x0 C:/Program Files (x86)/Atmel/Studio/7.0/Packs/atmel/ATmega_DFP/1.2.209/gcc/dev/atmega128/avr51\libatmega128.a(eewr_word.o)
 .data          0x00000000        0x0 C:/Program Files (x86)/Atmel/Studio/7.0/Packs/atmel/ATmega_DFP/1.2.209/gcc/dev/atmega128/avr51\libatmega128.a(eewr_word.o)
 .bss           0x00000000        0x0 C:/Program Files (x86)/Atmel/Studio/7.0/Packs/atmel/ATmega_DFP/1.2.209/gcc/dev/atmega128/avr51\libatmega128.a(eewr_word.o)
 .text.avr-libc
                0x00000000        0xa C:/Program Files (x86)/Atmel/Studio/7.0/Packs/atmel/ATmega_DFP/1.2.209/gcc/dev/atmega128/avr51\libatmega128.a(eewr_word.o)
 .debug_line    0x00000000       0x5b C:/Program Files (x86)/Atmel/Studio/7.0/Packs/atmel/ATmega_DFP/1.2.209/gcc/dev/atmega128/avr51\libatmega128.a(eewr_word.o)
 .debug_info    0x00000000       0xac C:/Program Files (x86)/Atmel/Studio/7.0/Packs/atmel/ATmega_DFP/1.2.209/gcc/dev/atmega128/avr51\libatmega128.a(eewr_word.o)
 .debug_abbrev  0x00000000       0x14 C:/Program Files (x86)/Atmel/Studio/7.0/Packs/atmel/ATmega_DFP/1.2.209/gcc/dev/atmega128/avr51\libatmega128.a(eewr_word.o)
 .debug_aranges
                0x00000000       0x20 C:/Program Files (x86)/Atmel/Studio/7.0/Packs/atmel/ATmega_DFP/1.2.209/gcc/dev/atmega128/avr51\libatmega128.a(eewr_word.o)

Memory Configuration

Name             Origin             Length             Attributes
text             0x00000000         0x00020000         xr
data             0x00800100         0x0000ff00         rw !x
eeprom           0x00810000         0x00010000         rw !x
fuse             0x00820000         0x00000003         rw !x
lock             0x00830000         0x00000400         rw !x
signature        0x00840000         0x00000400         rw !x
user_signatures  0x00850000         0x00000400         rw !x
*default*        0x00000000         0xffffffff

Linker script and memory map

Address of section .data set to 0x800100
LOAD C:/Program Files (x86)/Atmel/Studio/7.0/Packs/atmel/ATmega_DFP/1.2.209/gcc/dev/atmega128/avr51/crtatmega128.o
LOAD Libraria/atmega128analog.o
LOAD Libraria/atmega128interrupt.o
LOAD Libraria/atmega128spi.o
LOAD Libraria/atmega128timer.o
LOAD Libraria/atmega128twi.o
LOAD Libraria/atmega128uart.o
LOAD Libraria/clock.o
LOAD Libraria/eeprom.o
LOAD Libraria/function.o
LOAD Libraria/keypad.o
LOAD Libraria/lcd.o
LOAD Libraria/lfsm.o
LOAD Libraria/mm74c923.o
LOAD Libraria/rotenc.o
LOAD main.o
START GROUP
LOAD c:/program files (x86)/atmel/studio/7.0/toolchain/avr8/avr8-gnu-toolchain/bin/../lib/gcc/avr/5.4.0/../../../../avr/lib/avr51\libm.a
END GROUP
START GROUP
LOAD c:/program files (x86)/atmel/studio/7.0/toolchain/avr8/avr8-gnu-toolchain/bin/../lib/gcc/avr/5.4.0/avr51\libgcc.a
LOAD c:/program files (x86)/atmel/studio/7.0/toolchain/avr8/avr8-gnu-toolchain/bin/../lib/gcc/avr/5.4.0/../../../../avr/lib/avr51\libm.a
LOAD c:/program files (x86)/atmel/studio/7.0/toolchain/avr8/avr8-gnu-toolchain/bin/../lib/gcc/avr/5.4.0/../../../../avr/lib/avr51\libc.a
LOAD C:/Program Files (x86)/Atmel/Studio/7.0/Packs/atmel/ATmega_DFP/1.2.209/gcc/dev/atmega128/avr51\libatmega128.a
END GROUP
                0x00000000                __TEXT_REGION_ORIGIN__ = DEFINED (__TEXT_REGION_ORIGIN__)?__TEXT_REGION_ORIGIN__:0x0
                0x00800100                __DATA_REGION_ORIGIN__ = DEFINED (__DATA_REGION_ORIGIN__)?__DATA_REGION_ORIGIN__:0x800100
                0x00020000                __TEXT_REGION_LENGTH__ = DEFINED (__TEXT_REGION_LENGTH__)?__TEXT_REGION_LENGTH__:0x20000
                0x0000ff00                __DATA_REGION_LENGTH__ = DEFINED (__DATA_REGION_LENGTH__)?__DATA_REGION_LENGTH__:0xff00
                0x00010000                __EEPROM_REGION_LENGTH__ = DEFINED (__EEPROM_REGION_LENGTH__)?__EEPROM_REGION_LENGTH__:0x10000
                [0x00000003]                __FUSE_REGION_LENGTH__ = DEFINED (__FUSE_REGION_LENGTH__)?__FUSE_REGION_LENGTH__:0x400
                0x00000400                __LOCK_REGION_LENGTH__ = DEFINED (__LOCK_REGION_LENGTH__)?__LOCK_REGION_LENGTH__:0x400
                0x00000400                __SIGNATURE_REGION_LENGTH__ = DEFINED (__SIGNATURE_REGION_LENGTH__)?__SIGNATURE_REGION_LENGTH__:0x400
                0x00000400                __USER_SIGNATURE_REGION_LENGTH__ = DEFINED (__USER_SIGNATURE_REGION_LENGTH__)?__USER_SIGNATURE_REGION_LENGTH__:0x400

.hash
 *(.hash)

.dynsym
 *(.dynsym)

.dynstr
 *(.dynstr)

.gnu.version
 *(.gnu.version)

.gnu.version_d
 *(.gnu.version_d)

.gnu.version_r
 *(.gnu.version_r)

.rel.init
 *(.rel.init)

.rela.init
 *(.rela.init)

.rel.text
 *(.rel.text)
 *(.rel.text.*)
 *(.rel.gnu.linkonce.t*)

.rela.text
 *(.rela.text)
 *(.rela.text.*)
 *(.rela.gnu.linkonce.t*)

.rel.fini
 *(.rel.fini)

.rela.fini
 *(.rela.fini)

.rel.rodata
 *(.rel.rodata)
 *(.rel.rodata.*)
 *(.rel.gnu.linkonce.r*)

.rela.rodata
 *(.rela.rodata)
 *(.rela.rodata.*)
 *(.rela.gnu.linkonce.r*)

.rel.data
 *(.rel.data)
 *(.rel.data.*)
 *(.rel.gnu.linkonce.d*)

.rela.data
 *(.rela.data)
 *(.rela.data.*)
 *(.rela.gnu.linkonce.d*)

.rel.ctors
 *(.rel.ctors)

.rela.ctors
 *(.rela.ctors)

.rel.dtors
 *(.rel.dtors)

.rela.dtors
 *(.rela.dtors)

.rel.got
 *(.rel.got)

.rela.got
 *(.rela.got)

.rel.bss
 *(.rel.bss)

.rela.bss
 *(.rela.bss)

.rel.plt
 *(.rel.plt)

.rela.plt
 *(.rela.plt)

.text           0x00000000     0x32c8
 *(.vectors)
 .vectors       0x00000000       0x8c C:/Program Files (x86)/Atmel/Studio/7.0/Packs/atmel/ATmega_DFP/1.2.209/gcc/dev/atmega128/avr51/crtatmega128.o
                0x00000000                __vector_default
                0x00000000                __vectors
 *(.vectors)
 *(.progmem.gcc*)
 .progmem.gcc_sw_table.INTERRUPT_set
                0x0000008c       0x10 Libraria/atmega128interrupt.o
 .progmem.gcc_sw_table.INTERRUPT_off
                0x0000009c       0x10 Libraria/atmega128interrupt.o
 .progmem.gcc_sw_table.TIMER_COUNTER1enable
                0x000000ac       0x36 Libraria/atmega128timer.o
 .progmem.gcc_sw_table.TIMER_COUNTER3enable
                0x000000e2       0x36 Libraria/atmega128timer.o
                0x00000118                . = ALIGN (0x2)
                0x00000118                __trampolines_start = .
 *(.trampolines)
 .trampolines   0x00000118        0x0 linker stubs
 *(.trampolines*)
                0x00000118                __trampolines_end = .
 *libprintf_flt.a:*(.progmem.data)
 *libc.a:*(.progmem.data)
 *(.progmem*)
                0x00000118                . = ALIGN (0x2)
 *(.jumptables)
 *(.jumptables*)
 *(.lowtext)
 *(.lowtext*)
                0x00000118                __ctors_start = .
 *(.ctors)
                0x00000118                __ctors_end = .
                0x00000118                __dtors_start = .
 *(.dtors)
                0x00000118                __dtors_end = .
 SORT(*)(.ctors)
 SORT(*)(.dtors)
 *(.init0)
 .init0         0x00000118        0x0 C:/Program Files (x86)/Atmel/Studio/7.0/Packs/atmel/ATmega_DFP/1.2.209/gcc/dev/atmega128/avr51/crtatmega128.o
                0x00000118                __init
 *(.init0)
 *(.init1)
 *(.init1)
 *(.init2)
 .init2         0x00000118        0xc C:/Program Files (x86)/Atmel/Studio/7.0/Packs/atmel/ATmega_DFP/1.2.209/gcc/dev/atmega128/avr51/crtatmega128.o
 *(.init2)
 *(.init3)
 *(.init3)
 *(.init4)
 .init4         0x00000124       0x1a c:/program files (x86)/atmel/studio/7.0/toolchain/avr8/avr8-gnu-toolchain/bin/../lib/gcc/avr/5.4.0/avr51\libgcc.a(_copy_data.o)
                0x00000124                __do_copy_data
 .init4         0x0000013e       0x10 c:/program files (x86)/atmel/studio/7.0/toolchain/avr8/avr8-gnu-toolchain/bin/../lib/gcc/avr/5.4.0/avr51\libgcc.a(_clear_bss.o)
                0x0000013e                __do_clear_bss
 *(.init4)
 *(.init5)
 *(.init5)
 *(.init6)
 *(.init6)
 *(.init7)
 *(.init7)
 *(.init8)
 *(.init8)
 *(.init9)
 .init9         0x0000014e        0x8 C:/Program Files (x86)/Atmel/Studio/7.0/Packs/atmel/ATmega_DFP/1.2.209/gcc/dev/atmega128/avr51/crtatmega128.o
 *(.init9)
 *(.text)
 .text          0x00000156        0x2 C:/Program Files (x86)/Atmel/Studio/7.0/Packs/atmel/ATmega_DFP/1.2.209/gcc/dev/atmega128/avr51/crtatmega128.o
                0x00000156                __vector_32
                0x00000156                __vector_34
                0x00000156                __bad_interrupt
                0x00000156                __vector_23
                0x00000156                __vector_33
                0x00000156                __vector_9
                0x00000156                __vector_20
                0x00000156                __vector_22
                0x00000158                . = ALIGN (0x2)
 *(.text.*)
 .text.ANALOG_read
                0x00000158       0x14 Libraria/atmega128analog.o
                0x00000158                ANALOG_read
 .text.ANALOGenable
                0x0000016c      0x12c Libraria/atmega128analog.o
                0x0000016c                ANALOGenable
 .text.__vector_21
                0x00000298      0x10a Libraria/atmega128analog.o
                0x00000298                __vector_21
 .text.INTERRUPT_reset_status
                0x000003a2       0x5a Libraria/atmega128interrupt.o
                0x000003a2                INTERRUPT_reset_status
 .text.INTERRUPT_set
                0x000003fc      0x1d0 Libraria/atmega128interrupt.o
                0x000003fc                INTERRUPT_set
 .text.INTERRUPT_off
                0x000005cc       0x56 Libraria/atmega128interrupt.o
                0x000005cc                INTERRUPT_off
 .text.INTERRUPTenable
                0x00000622       0x44 Libraria/atmega128interrupt.o
                0x00000622                INTERRUPTenable
 .text.__vector_1
                0x00000666       0x14 Libraria/atmega128interrupt.o
                0x00000666                __vector_1
 .text.__vector_2
                0x0000067a       0x14 Libraria/atmega128interrupt.o
                0x0000067a                __vector_2
 .text.__vector_3
                0x0000068e       0x14 Libraria/atmega128interrupt.o
                0x0000068e                __vector_3
 .text.__vector_4
                0x000006a2       0x14 Libraria/atmega128interrupt.o
                0x000006a2                __vector_4
 .text.__vector_5
                0x000006b6       0x14 Libraria/atmega128interrupt.o
                0x000006b6                __vector_5
 .text.__vector_6
                0x000006ca       0x14 Libraria/atmega128interrupt.o
                0x000006ca                __vector_6
 .text.__vector_8
                0x000006de       0x14 Libraria/atmega128interrupt.o
                0x000006de                __vector_8
 .text.__vector_17
                0x000006f2       0x14 Libraria/atmega128spi.o
                0x000006f2                __vector_17
 .text.TIMER_COUNTER1_start
                0x00000706       0x8e Libraria/atmega128timer.o
                0x00000706                TIMER_COUNTER1_start
 .text.TIMER_COUNTER1_compoutmodeA
                0x00000794       0x2a Libraria/atmega128timer.o
                0x00000794                TIMER_COUNTER1_compoutmodeA
 .text.TIMER_COUNTER1_compoutmodeB
                0x000007be       0x2a Libraria/atmega128timer.o
                0x000007be                TIMER_COUNTER1_compoutmodeB
 .text.TIMER_COUNTER1_compoutmodeC
                0x000007e8       0x2a Libraria/atmega128timer.o
                0x000007e8                TIMER_COUNTER1_compoutmodeC
 .text.TIMER_COUNTER1_compareA
                0x00000812        0x6 Libraria/atmega128timer.o
                0x00000812                TIMER_COUNTER1_compareA
 .text.TIMER_COUNTER1_compareB
                0x00000818        0x6 Libraria/atmega128timer.o
                0x00000818                TIMER_COUNTER1_compareB
 .text.TIMER_COUNTER1_compareC
                0x0000081e        0xa Libraria/atmega128timer.o
                0x0000081e                TIMER_COUNTER1_compareC
 .text.TIMER_COUNTER1_stop
                0x00000828       0x10 Libraria/atmega128timer.o
                0x00000828                TIMER_COUNTER1_stop
 .text.TIMER_COUNTER3_start
                0x00000838       0xb6 Libraria/atmega128timer.o
                0x00000838                TIMER_COUNTER3_start
 .text.TIMER_COUNTER3_compoutmodeA
                0x000008ee       0x36 Libraria/atmega128timer.o
                0x000008ee                TIMER_COUNTER3_compoutmodeA
 .text.TIMER_COUNTER3_compoutmodeB
                0x00000924       0x36 Libraria/atmega128timer.o
                0x00000924                TIMER_COUNTER3_compoutmodeB
 .text.TIMER_COUNTER3_compoutmodeC
                0x0000095a       0x36 Libraria/atmega128timer.o
                0x0000095a                TIMER_COUNTER3_compoutmodeC
 .text.TIMER_COUNTER3_compareA
                0x00000990        0xa Libraria/atmega128timer.o
                0x00000990                TIMER_COUNTER3_compareA
 .text.TIMER_COUNTER3_compareB
                0x0000099a        0xa Libraria/atmega128timer.o
                0x0000099a                TIMER_COUNTER3_compareB
 .text.TIMER_COUNTER3_compareC
                0x000009a4        0xa Libraria/atmega128timer.o
                0x000009a4                TIMER_COUNTER3_compareC
 .text.TIMER_COUNTER3_stop
                0x000009ae       0x18 Libraria/atmega128timer.o
                0x000009ae                TIMER_COUNTER3_stop
 .text.TIMER_COUNTER1enable
                0x000009c6      0x1ec Libraria/atmega128timer.o
                0x000009c6                TIMER_COUNTER1enable
 .text.TIMER_COUNTER3enable
                0x00000bb2      0x264 Libraria/atmega128timer.o
                0x00000bb2                TIMER_COUNTER3enable
 .text.__vector_10
                0x00000e16       0x14 Libraria/atmega128timer.o
                0x00000e16                __vector_10
 .text.__vector_11
                0x00000e2a       0x14 Libraria/atmega128timer.o
                0x00000e2a                __vector_11
 .text.__vector_12
                0x00000e3e       0x14 Libraria/atmega128timer.o
                0x00000e3e                __vector_12
 .text.__vector_13
                0x00000e52       0x14 Libraria/atmega128timer.o
                0x00000e52                __vector_13
 .text.__vector_14
                0x00000e66       0x14 Libraria/atmega128timer.o
                0x00000e66                __vector_14
 .text.__vector_15
                0x00000e7a       0x14 Libraria/atmega128timer.o
                0x00000e7a                __vector_15
 .text.__vector_16
                0x00000e8e       0x14 Libraria/atmega128timer.o
                0x00000e8e                __vector_16
 .text.__vector_24
                0x00000ea2       0x14 Libraria/atmega128timer.o
                0x00000ea2                __vector_24
 .text.__vector_25
                0x00000eb6       0x14 Libraria/atmega128timer.o
                0x00000eb6                __vector_25
 .text.__vector_26
                0x00000eca       0x14 Libraria/atmega128timer.o
                0x00000eca                __vector_26
 .text.__vector_27
                0x00000ede       0x14 Libraria/atmega128timer.o
                0x00000ede                __vector_27
 .text.__vector_28
                0x00000ef2       0x14 Libraria/atmega128timer.o
                0x00000ef2                __vector_28
 .text.I2Cenable
                0x00000f06       0xe0 Libraria/atmega128twi.o
                0x00000f06                I2Cenable
 .text.twi_transmit
                0x00000fe6       0x4e Libraria/atmega128twi.o
                0x00000fe6                twi_transmit
 .text.twi_stop
                0x00001034       0x34 Libraria/atmega128twi.o
                0x00001034                twi_stop
 .text.twi_poll
                0x00001068       0x28 Libraria/atmega128twi.o
                0x00001068                twi_poll
 .text.twi_start
                0x00001090       0x20 Libraria/atmega128twi.o
                0x00001090                twi_start
 .text.twi_master_connect
                0x000010b0       0x32 Libraria/atmega128twi.o
                0x000010b0                twi_master_connect
 .text.twi_master_write
                0x000010e2       0x30 Libraria/atmega128twi.o
                0x000010e2                twi_master_write
 .text.twi_master_read
                0x00001112       0x88 Libraria/atmega128twi.o
                0x00001112                twi_master_read
 .text.uart1_getc
                0x0000119a       0x22 Libraria/atmega128uart.o
                0x0000119a                uart1_getc
 .text.uart1_Rxavailable
                0x000011bc       0x1a Libraria/atmega128uart.o
                0x000011bc                uart1_Rxavailable
 .text.uart1_Rxflush
                0x000011d6       0x14 Libraria/atmega128uart.o
                0x000011d6                uart1_Rxflush
 .text.uart1_Txflush
                0x000011ea        0xa Libraria/atmega128uart.o
                0x000011ea                uart1_Txflush
 .text.uart1_putc
                0x000011f4       0x46 Libraria/atmega128uart.o
                0x000011f4                uart1_putc
 .text.uart1_puts
                0x0000123a       0x1c Libraria/atmega128uart.o
                0x0000123a                uart1_puts
 .text.__vector_18
                0x00001256       0x6c Libraria/atmega128uart.o
                0x00001256                __vector_18
 .text.__vector_19
                0x000012c2       0x52 Libraria/atmega128uart.o
                0x000012c2                __vector_19
 .text.UART1enable
                0x00001314      0x1e0 Libraria/atmega128uart.o
                0x00001314                UART1enable
 .text.UART1_Rx_pop
                0x000014f4       0x22 Libraria/atmega128uart.o
                0x000014f4                UART1_Rx_pop
 .text.uart1_read
                0x00001516       0x58 Libraria/atmega128uart.o
                0x00001516                uart1_read
 .text.__vector_30
                0x0000156e       0x72 Libraria/atmega128uart.o
                0x0000156e                __vector_30
 .text.__vector_31
                0x000015e0       0x5c Libraria/atmega128uart.o
                0x000015e0                __vector_31
 .text.CLOCK_set
                0x0000163c        0xc Libraria/clock.o
                0x0000163c                CLOCK_set
 .text.CLOCK_increment
                0x00001648      0x114 Libraria/clock.o
                0x00001648                CLOCK_increment
 .text.CLOCK_decrement
                0x0000175c       0xac Libraria/clock.o
                0x0000175c                CLOCK_decrement
 .text.CLOCK_alarm
                0x00001808       0x1e Libraria/clock.o
                0x00001808                CLOCK_alarm
 .text.CLOCK_second_count
                0x00001826       0xfa Libraria/clock.o
                0x00001826                CLOCK_second_count
 .text.CLOCK_alarm_reset
                0x00001920        0x6 Libraria/clock.o
                0x00001920                CLOCK_alarm_reset
 .text.CLOCK_alarm_stop
                0x00001926        0x8 Libraria/clock.o
                0x00001926                CLOCK_alarm_stop
 .text.CLOCK_second_count_reset
                0x0000192e        0x6 Libraria/clock.o
                0x0000192e                CLOCK_second_count_reset
 .text.CLOCK_second_count_stop
                0x00001934        0x8 Libraria/clock.o
                0x00001934                CLOCK_second_count_stop
 .text.CLOCK_show
                0x0000193c       0xda Libraria/clock.o
                0x0000193c                CLOCK_show
 .text.CLOCKenable
                0x00001a16       0x70 Libraria/clock.o
                0x00001a16                CLOCKenable
 .text.FUNCpinmatch
                0x00001a86       0x14 Libraria/function.o
                0x00001a86                FUNCpinmatch
 .text.FUNChmerge
                0x00001a9a        0x4 Libraria/function.o
                0x00001a9a                FUNChmerge
 .text.FUNClmerge
                0x00001a9e        0x4 Libraria/function.o
                0x00001a9e                FUNClmerge
 .text.FUNChh   0x00001aa2        0x4 Libraria/function.o
                0x00001aa2                FUNChh
 .text.FUNCll   0x00001aa6        0x6 Libraria/function.o
                0x00001aa6                FUNCll
 .text.FUNClh   0x00001aac        0x6 Libraria/function.o
                0x00001aac                FUNClh
 .text.FUNChl   0x00001ab2        0x6 Libraria/function.o
                0x00001ab2                FUNChl
 .text.FUNCdiff
                0x00001ab8        0x4 Libraria/function.o
                0x00001ab8                FUNCdiff
 .text.FUNCswap
                0x00001abc       0x42 Libraria/function.o
                0x00001abc                FUNCswap
 .text.FUNCcopy
                0x00001afe       0x1c Libraria/function.o
                0x00001afe                FUNCcopy
 .text.FUNCsqueeze
                0x00001b1a       0x44 Libraria/function.o
                0x00001b1a                FUNCsqueeze
 .text.FUNCshellsort
                0x00001b5e      0x14c Libraria/function.o
                0x00001b5e                FUNCshellsort
 .text.FUNCpmax
                0x00001caa        0xa Libraria/function.o
                0x00001caa                FUNCpmax
 .text.FUNCgcd  0x00001cb4       0x1e Libraria/function.o
                0x00001cb4                FUNCgcd
 .text.FUNCstrToInt
                0x00001cd2       0x48 Libraria/function.o
                0x00001cd2                FUNCstrToInt
 .text.FUNCfilter
                0x00001d1a        0x4 Libraria/function.o
                0x00001d1a                FUNCfilter
 .text.FUNCticks
                0x00001d1e       0x14 Libraria/function.o
                0x00001d1e                FUNCticks
 .text.FUNCtwocomptoint8bit
                0x00001d32       0x1a Libraria/function.o
                0x00001d32                FUNCtwocomptoint8bit
 .text.FUNCtwocomptoint10bit
                0x00001d4c       0x18 Libraria/function.o
                0x00001d4c                FUNCtwocomptoint10bit
 .text.FUNCtwocomptointnbit
                0x00001d64       0x30 Libraria/function.o
                0x00001d64                FUNCtwocomptointnbit
 .text.FUNCdec2bcd
                0x00001d94       0x26 Libraria/function.o
                0x00001d94                FUNCdec2bcd
 .text.FUNCbcd2dec
                0x00001dba       0x16 Libraria/function.o
                0x00001dba                FUNCbcd2dec
 .text.FUNCresizestr
                0x00001dd0       0x5a Libraria/function.o
                0x00001dd0                FUNCresizestr
 .text.FUNCtrimmer
                0x00001e2a       0x82 Libraria/function.o
                0x00001e2a                FUNCtrimmer
 .text.Power    0x00001eac       0x36 Libraria/function.o
                0x00001eac                Power
 .text.StringLength
                0x00001ee2       0x1e Libraria/function.o
                0x00001ee2                StringLength
 .text.FUNCtrim
                0x00001f00       0x36 Libraria/function.o
                0x00001f00                FUNCtrim
 .text.Reverse  0x00001f36       0x3a Libraria/function.o
                0x00001f36                Reverse
 .text.FUNCi32toa
                0x00001f70       0xbc Libraria/function.o
                0x00001f70                FUNCi32toa
 .text.FUNCi16toa
                0x0000202c       0x76 Libraria/function.o
                0x0000202c                FUNCi16toa
 .text.FUNCui16toa
                0x000020a2       0x7e Libraria/function.o
                0x000020a2                FUNCui16toa
 .text.FUNCbcd2bin
                0x00002120       0x16 Libraria/function.o
                0x00002120                FUNCbcd2bin
 .text.FUNCbin2bcd
                0x00002136       0x42 Libraria/function.o
                0x00002136                FUNCbin2bcd
 .text.FUNCgcd1
                0x00002178       0xa0 Libraria/function.o
                0x00002178                FUNCgcd1
 .text.FUNCpincheck
                0x00002218       0x10 Libraria/function.o
                0x00002218                FUNCpincheck
 .text.FUNCprint_binary
                0x00002228       0x2c Libraria/function.o
                0x00002228                FUNCprint_binary
 .text.FUNCmayia
                0x00002254       0x46 Libraria/function.o
                0x00002254                FUNCmayia
 .text.FUNCenable
                0x0000229a      0x14e Libraria/function.o
                0x0000229a                FUNCenable
 .text.KEYPAD_flush
                0x000023e8       0x12 Libraria/keypad.o
                0x000023e8                KEYPAD_flush
 .text.KEYPAD_getkey
                0x000023fa      0x25a Libraria/keypad.o
                0x000023fa                KEYPAD_getkey
 .text.KEYPAD_get
                0x00002654       0x56 Libraria/keypad.o
                0x00002654                KEYPAD_get
 .text.KEYPADenable
                0x000026aa       0xaa Libraria/keypad.o
                0x000026aa                KEYPADenable
 .text.LCD1_write
                0x00002754      0x188 Libraria/lcd.o
                0x00002754                LCD1_write
 .text.LCD1_read
                0x000028dc       0xf6 Libraria/lcd.o
                0x000028dc                LCD1_read
 .text.LCD1_BF  0x000029d2       0x24 Libraria/lcd.o
                0x000029d2                LCD1_BF
 .text.LCD1_putch
                0x000029f6        0xa Libraria/lcd.o
                0x000029f6                LCD1_putch
 .text.LCD1_getch
                0x00002a00       0x12 Libraria/lcd.o
                0x00002a00                LCD1_getch
 .text.LCD1_string
                0x00002a12       0x22 Libraria/lcd.o
                0x00002a12                LCD1_string
 .text.LCD1_string_size
                0x00002a34       0x5e Libraria/lcd.o
                0x00002a34                LCD1_string_size
 .text.LCD1_hspace
                0x00002a92       0x1a Libraria/lcd.o
                0x00002a92                LCD1_hspace
 .text.LCD1_gotoxy
                0x00002aac       0x4e Libraria/lcd.o
                0x00002aac                LCD1_gotoxy
 .text.LCD1_clear
                0x00002afa       0x16 Libraria/lcd.o
                0x00002afa                LCD1_clear
 .text.LCD1_inic
                0x00002b10       0x8c Libraria/lcd.o
                0x00002b10                LCD1_inic
 .text.LCD1enable
                0x00002b9c       0xae Libraria/lcd.o
                0x00002b9c                LCD1enable
 .text.LCD1_reboot
                0x00002c4a       0x22 Libraria/lcd.o
                0x00002c4a                LCD1_reboot
 .text.PORTINIT
                0x00002c6c       0x26 main.o
                0x00002c6c                PORTINIT
 .text.main     0x00002c92      0x406 main.o
                0x00002c92                main
 .text.__vector_29
                0x00003098       0xa2 main.o
                0x00003098                __vector_29
 .text.__vector_7
                0x0000313a       0x5e main.o
                0x0000313a                __vector_7
 .text.libgcc.mul
                0x00003198       0x1e c:/program files (x86)/atmel/studio/7.0/toolchain/avr8/avr8-gnu-toolchain/bin/../lib/gcc/avr/5.4.0/avr51\libgcc.a(_mulsi3.o)
                0x00003198                __mulsi3
 .text.libgcc.div
                0x000031b6       0x28 c:/program files (x86)/atmel/studio/7.0/toolchain/avr8/avr8-gnu-toolchain/bin/../lib/gcc/avr/5.4.0/avr51\libgcc.a(_udivmodhi4.o)
                0x000031b6                __udivmodhi4
 .text.libgcc.div
                0x000031de       0x26 c:/program files (x86)/atmel/studio/7.0/toolchain/avr8/avr8-gnu-toolchain/bin/../lib/gcc/avr/5.4.0/avr51\libgcc.a(_divmodhi4.o)
                0x000031de                _div
                0x000031de                __divmodhi4
 .text.libgcc.div
                0x00003204       0x44 c:/program files (x86)/atmel/studio/7.0/toolchain/avr8/avr8-gnu-toolchain/bin/../lib/gcc/avr/5.4.0/avr51\libgcc.a(_udivmodsi4.o)
                0x00003204                __udivmodsi4
 .text.libgcc.div
                0x00003248       0x28 c:/program files (x86)/atmel/studio/7.0/toolchain/avr8/avr8-gnu-toolchain/bin/../lib/gcc/avr/5.4.0/avr51\libgcc.a(_divmodsi4.o)
                0x00003248                __divmodsi4
 .text.libgcc.div
                0x00003270       0x10 c:/program files (x86)/atmel/studio/7.0/toolchain/avr8/avr8-gnu-toolchain/bin/../lib/gcc/avr/5.4.0/avr51\libgcc.a(_negsi2.o)
                0x00003270                __negsi2
 .text.libgcc   0x00003280       0x12 c:/program files (x86)/atmel/studio/7.0/toolchain/avr8/avr8-gnu-toolchain/bin/../lib/gcc/avr/5.4.0/avr51\libgcc.a(_tablejump2.o)
                0x00003280                __tablejump2__
 .text.libgcc.mul
                0x00003292       0x1e c:/program files (x86)/atmel/studio/7.0/toolchain/avr8/avr8-gnu-toolchain/bin/../lib/gcc/avr/5.4.0/avr51\libgcc.a(_umulhisi3.o)
                0x00003292                __umulhisi3
 .text.libgcc.mul
                0x000032b0       0x14 c:/program files (x86)/atmel/studio/7.0/toolchain/avr8/avr8-gnu-toolchain/bin/../lib/gcc/avr/5.4.0/avr51\libgcc.a(_muluhisi3.o)
                0x000032b0                __muluhisi3
                0x000032c4                . = ALIGN (0x2)
 *(.fini9)
 .fini9         0x000032c4        0x0 c:/program files (x86)/atmel/studio/7.0/toolchain/avr8/avr8-gnu-toolchain/bin/../lib/gcc/avr/5.4.0/avr51\libgcc.a(_exit.o)
                0x000032c4                _exit
                0x000032c4                exit
 *(.fini9)
 *(.fini8)
 *(.fini8)
 *(.fini7)
 *(.fini7)
 *(.fini6)
 *(.fini6)
 *(.fini5)
 *(.fini5)
 *(.fini4)
 *(.fini4)
 *(.fini3)
 *(.fini3)
 *(.fini2)
 *(.fini2)
 *(.fini1)
 *(.fini1)
 *(.fini0)
 .fini0         0x000032c4        0x4 c:/program files (x86)/atmel/studio/7.0/toolchain/avr8/avr8-gnu-toolchain/bin/../lib/gcc/avr/5.4.0/avr51\libgcc.a(_exit.o)
 *(.fini0)
                0x000032c8                _etext = .

.data           0x00800100       0x3a load address 0x000032c8
                0x00800100                PROVIDE (__data_start, .)
 *(.data)
 *(.data*)
 .data.keypadvalue
                0x00800100       0x10 Libraria/keypad.o
                0x00800100                keypadvalue
 .data.memoria_1
                0x00800110       0x10 main.o
                0x00800110                memoria_1
 *(.gnu.linkonce.d*)
 *(.rodata)
 .rodata        0x00800120        0x2 Libraria/atmega128uart.o
 *(.rodata*)
 .rodata.str1.1
                0x00800122       0x17 main.o
 *(.gnu.linkonce.r*)
                0x0080013a                . = ALIGN (0x2)
 *fill*         0x00800139        0x1 
                0x0080013a                _edata = .
                0x0080013a                PROVIDE (__data_end, .)

.bss            0x0080013a      0x22b
                0x0080013a                PROVIDE (__bss_start, .)
 *(.bss)
 *(.bss*)
 .bss.adc_n_sample
                0x0080013a        0x1 Libraria/atmega128analog.o
 .bss.adc_tmp   0x0080013b        0x2 Libraria/atmega128analog.o
 .bss.adc_sample
                0x0080013d        0x2 Libraria/atmega128analog.o
 .bss.ADC_SELECTOR
                0x0080013f        0x2 Libraria/atmega128analog.o
 .bss.ADC_N_CHANNEL
                0x00800141        0x2 Libraria/atmega128analog.o
 .bss.ADC_CHANNEL_GAIN
                0x00800143       0x10 Libraria/atmega128analog.o
 .bss.ADC_VALUE
                0x00800153       0x10 Libraria/atmega128analog.o
 *(COMMON)
 COMMON         0x00800163        0x4 Libraria/atmega128timer.o
                0x00800163                timer1_state
                0x00800164                timer3_state
                0x00800165                timer2_state
                0x00800166                timer0_state
 COMMON         0x00800167        0x2 Libraria/atmega128twi.o
                0x00800167                twi_chip_id
                0x00800168                i2c_output
 COMMON         0x00800169      0x18d Libraria/atmega128uart.o
                0x00800169                uart_msg
                0x008001a9                UART_TxHead
                0x008001aa                UART_LastRxError
                0x008001ab                UART1_TxTail
                0x008001ac                UART1_RxBuf
                0x008001ec                uart1_index
                0x008001ee                UART_TxTail
                0x008001ef                UART1_RxHead
                0x008001f0                UART1_LastRxError
                0x008001f1                UART1_TxHead
                0x008001f2                uart1_msg
                0x00800232                uart_index
                0x00800233                UART1_TxBuf
                0x00800273                UART_TxBuf
                0x008002b3                UART_RxHead
                0x008002b4                UART_RxTail
                0x008002b5                UART1_RxTail
                0x008002b6                UART_RxBuf
 COMMON         0x008002f6       0x14 Libraria/clock.o
                0x008002f6                CLOCK_timp
                0x008002ff                CLOCK_alarm_flag
                0x00800300                alarmtime
                0x00800303                time
                0x00800306                laptime
                0x00800309                CLOCK_compare_active
 COMMON         0x0080030a       0x10 Libraria/function.o
                0x0080030a                FUNCstr
 COMMON         0x0080031a       0x1e Libraria/keypad.o
                0x0080031a                keypad_PORT
                0x0080031c                keypadstring
                0x0080032b                keypad_dataf
                0x0080032f                keypad_datai
                0x00800333                KEYPADSTRINGINDEX
                0x00800334                keypad_PIN
                0x00800336                keypad_DDR
 COMMON         0x00800338        0xe Libraria/lcd.o
                0x00800338                lcd0_PIN
                0x0080033a                lcd1_DDR
                0x0080033c                lcd1_detect
                0x0080033d                lcd1_PIN
                0x0080033f                lcd0_DDR
                0x00800341                lcd0_detect
                0x00800342                lcd0_PORT
                0x00800344                lcd1_PORT
 COMMON         0x00800346       0x1f main.o
                0x00800346                int6
                0x0080034c                TIMER0_COMPARE_MATCH
                0x0080034e                relogio
                0x00800362                count
                0x00800363                a
                0x00800365                PROVIDE (__bss_end, .)
                0x000032c8                __data_load_start = LOADADDR (.data)
                0x00003302                __data_load_end = (__data_load_start + SIZEOF (.data))

.noinit         0x00800365        0x0
                [!provide]                PROVIDE (__noinit_start, .)
 *(.noinit*)
                [!provide]                PROVIDE (__noinit_end, .)
                0x00800365                _end = .
                [!provide]                PROVIDE (__heap_start, .)

.eeprom         0x00810000       0x13
 *(.eeprom*)
 .eeprom        0x00810000       0x13 main.o
                0x00810000                NonVolatileString
                0x00810010                NonVolatileInt
                0x00810012                NonVolatileChar
                0x00810013                __eeprom_end = .

.fuse
 *(.fuse)
 *(.lfuse)
 *(.hfuse)
 *(.efuse)

.lock
 *(.lock*)

.signature
 *(.signature*)

.user_signatures
 *(.user_signatures*)

.stab
 *(.stab)

.stabstr
 *(.stabstr)

.stab.excl
 *(.stab.excl)

.stab.exclstr
 *(.stab.exclstr)

.stab.index
 *(.stab.index)

.stab.indexstr
 *(.stab.indexstr)

.comment        0x00000000       0x30
 *(.comment)
 .comment       0x00000000       0x30 Libraria/atmega128analog.o
                                 0x31 (size before relaxing)
 .comment       0x00000030       0x31 Libraria/atmega128interrupt.o
 .comment       0x00000030       0x31 Libraria/atmega128spi.o
 .comment       0x00000030       0x31 Libraria/atmega128timer.o
 .comment       0x00000030       0x31 Libraria/atmega128twi.o
 .comment       0x00000030       0x31 Libraria/atmega128uart.o
 .comment       0x00000030       0x31 Libraria/clock.o
 .comment       0x00000030       0x31 Libraria/function.o
 .comment       0x00000030       0x31 Libraria/keypad.o
 .comment       0x00000030       0x31 Libraria/lcd.o
 .comment       0x00000030       0x31 main.o

.note.gnu.avr.deviceinfo
                0x00000000       0x3c
 .note.gnu.avr.deviceinfo
                0x00000000       0x3c C:/Program Files (x86)/Atmel/Studio/7.0/Packs/atmel/ATmega_DFP/1.2.209/gcc/dev/atmega128/avr51/crtatmega128.o

.note.gnu.build-id
 *(.note.gnu.build-id)

.debug
 *(.debug)

.line
 *(.line)

.debug_srcinfo
 *(.debug_srcinfo)

.debug_sfnames
 *(.debug_sfnames)

.debug_aranges  0x00000000      0x6a8
 *(.debug_aranges)
 .debug_aranges
                0x00000000       0x30 Libraria/atmega128analog.o
 .debug_aranges
                0x00000030       0x70 Libraria/atmega128interrupt.o
 .debug_aranges
                0x000000a0       0x48 Libraria/atmega128spi.o
 .debug_aranges
                0x000000e8      0x158 Libraria/atmega128timer.o
 .debug_aranges
                0x00000240       0x60 Libraria/atmega128twi.o
 .debug_aranges
                0x000002a0       0xc8 Libraria/atmega128uart.o
 .debug_aranges
                0x00000368       0x70 Libraria/clock.o
 .debug_aranges
                0x000003d8      0x150 Libraria/function.o
 .debug_aranges
                0x00000528       0x48 Libraria/keypad.o
 .debug_aranges
                0x00000570      0x100 Libraria/lcd.o
 .debug_aranges
                0x00000670       0x38 main.o

.debug_pubnames
 *(.debug_pubnames)

.debug_info     0x00000000     0x65be
 *(.debug_info .gnu.linkonce.wi.*)
 .debug_info    0x00000000      0x780 C:/Program Files (x86)/Atmel/Studio/7.0/Packs/atmel/ATmega_DFP/1.2.209/gcc/dev/atmega128/avr51/crtatmega128.o
 .debug_info    0x00000780      0x25a Libraria/atmega128analog.o
 .debug_info    0x000009da      0x24f Libraria/atmega128interrupt.o
 .debug_info    0x00000c29      0x261 Libraria/atmega128spi.o
 .debug_info    0x00000e8a      0x924 Libraria/atmega128timer.o
 .debug_info    0x000017ae      0x644 Libraria/atmega128twi.o
 .debug_info    0x00001df2      0x898 Libraria/atmega128uart.o
 .debug_info    0x0000268a      0x44b Libraria/clock.o
 .debug_info    0x00002ad5     0x11e1 Libraria/function.o
 .debug_info    0x00003cb6      0x49f Libraria/keypad.o
 .debug_info    0x00004155     0x119e Libraria/lcd.o
 .debug_info    0x000052f3     0x12cb main.o

.debug_abbrev   0x00000000     0x1ca4
 *(.debug_abbrev)
 .debug_abbrev  0x00000000      0x718 C:/Program Files (x86)/Atmel/Studio/7.0/Packs/atmel/ATmega_DFP/1.2.209/gcc/dev/atmega128/avr51/crtatmega128.o
 .debug_abbrev  0x00000718      0x134 Libraria/atmega128analog.o
 .debug_abbrev  0x0000084c      0x164 Libraria/atmega128interrupt.o
 .debug_abbrev  0x000009b0      0x153 Libraria/atmega128spi.o
 .debug_abbrev  0x00000b03      0x189 Libraria/atmega128timer.o
 .debug_abbrev  0x00000c8c      0x222 Libraria/atmega128twi.o
 .debug_abbrev  0x00000eae      0x2d7 Libraria/atmega128uart.o
 .debug_abbrev  0x00001185      0x170 Libraria/clock.o
 .debug_abbrev  0x000012f5      0x2f4 Libraria/function.o
 .debug_abbrev  0x000015e9      0x1d8 Libraria/keypad.o
 .debug_abbrev  0x000017c1      0x2ed Libraria/lcd.o
 .debug_abbrev  0x00001aae      0x1f6 main.o

.debug_line     0x00000000     0x41ea
 *(.debug_line .debug_line.* .debug_line_end)
 .debug_line    0x00000000      0x169 C:/Program Files (x86)/Atmel/Studio/7.0/Packs/atmel/ATmega_DFP/1.2.209/gcc/dev/atmega128/avr51/crtatmega128.o
 .debug_line    0x00000169      0x301 Libraria/atmega128analog.o
 .debug_line    0x0000046a      0x44f Libraria/atmega128interrupt.o
 .debug_line    0x000008b9      0x2da Libraria/atmega128spi.o
 .debug_line    0x00000b93      0xb86 Libraria/atmega128timer.o
 .debug_line    0x00001719      0x3f9 Libraria/atmega128twi.o
 .debug_line    0x00001b12      0x86c Libraria/atmega128uart.o
 .debug_line    0x0000237e      0x3d9 Libraria/clock.o
 .debug_line    0x00002757      0x7ff Libraria/function.o
 .debug_line    0x00002f56      0x3b3 Libraria/keypad.o
 .debug_line    0x00003309      0xbc9 Libraria/lcd.o
 .debug_line    0x00003ed2      0x318 main.o

.debug_frame    0x00000000     0x1194
 *(.debug_frame)
 .debug_frame   0x00000000       0x84 Libraria/atmega128analog.o
 .debug_frame   0x00000084      0x128 Libraria/atmega128interrupt.o
 .debug_frame   0x000001ac       0x90 Libraria/atmega128spi.o
 .debug_frame   0x0000023c      0x344 Libraria/atmega128timer.o
 .debug_frame   0x00000580       0xbc Libraria/atmega128twi.o
 .debug_frame   0x0000063c      0x248 Libraria/atmega128uart.o
 .debug_frame   0x00000884       0xec Libraria/clock.o
 .debug_frame   0x00000970      0x410 Libraria/function.o
 .debug_frame   0x00000d80       0x90 Libraria/keypad.o
 .debug_frame   0x00000e10      0x28c Libraria/lcd.o
 .debug_frame   0x0000109c       0xf8 main.o

.debug_str      0x00000000     0x1525
 *(.debug_str)
 .debug_str     0x00000000      0x27d C:/Program Files (x86)/Atmel/Studio/7.0/Packs/atmel/ATmega_DFP/1.2.209/gcc/dev/atmega128/avr51/crtatmega128.o
 .debug_str     0x0000027d      0x25a Libraria/atmega128analog.o
                                0x2a0 (size before relaxing)
 .debug_str     0x000004d7       0xd2 Libraria/atmega128interrupt.o
                                0x260 (size before relaxing)
 .debug_str     0x000005a9       0xb3 Libraria/atmega128spi.o
                                0x252 (size before relaxing)
 .debug_str     0x0000065c      0x40a Libraria/atmega128timer.o
                                0x5f2 (size before relaxing)
 .debug_str     0x00000a66      0x106 Libraria/atmega128twi.o
                                0x2d8 (size before relaxing)
 .debug_str     0x00000b6c      0x25a Libraria/atmega128uart.o
                                0x46e (size before relaxing)
 .debug_str     0x00000dc6      0x141 Libraria/clock.o
                                0x33f (size before relaxing)
 .debug_str     0x00000f07      0x280 Libraria/function.o
                                0x53d (size before relaxing)
 .debug_str     0x00001187      0x115 Libraria/keypad.o
                                0x2ba (size before relaxing)
 .debug_str     0x0000129c      0x1e0 Libraria/lcd.o
                                0x40d (size before relaxing)
 .debug_str     0x0000147c       0xa9 main.o
                                0x64c (size before relaxing)

.debug_loc      0x00000000     0x5364
 *(.debug_loc)
 .debug_loc     0x00000000      0x2f4 Libraria/atmega128analog.o
 .debug_loc     0x000002f4      0x41f Libraria/atmega128interrupt.o
 .debug_loc     0x00000713      0x219 Libraria/atmega128spi.o
 .debug_loc     0x0000092c      0x924 Libraria/atmega128timer.o
 .debug_loc     0x00001250      0x3fb Libraria/atmega128twi.o
 .debug_loc     0x0000164b      0xce9 Libraria/atmega128uart.o
 .debug_loc     0x00002334      0x1e1 Libraria/clock.o
 .debug_loc     0x00002515     0x1770 Libraria/function.o
 .debug_loc     0x00003c85      0x3b3 Libraria/keypad.o
 .debug_loc     0x00004038     0x10ee Libraria/lcd.o
 .debug_loc     0x00005126      0x23e main.o

.debug_macinfo
 *(.debug_macinfo)

.debug_weaknames
 *(.debug_weaknames)

.debug_funcnames
 *(.debug_funcnames)

.debug_typenames
 *(.debug_typenames)

.debug_varnames
 *(.debug_varnames)

.debug_pubtypes
 *(.debug_pubtypes)

.debug_ranges   0x00000000      0x5f8
 *(.debug_ranges)
 .debug_ranges  0x00000000       0x20 Libraria/atmega128analog.o
 .debug_ranges  0x00000020       0x60 Libraria/atmega128interrupt.o
 .debug_ranges  0x00000080       0x38 Libraria/atmega128spi.o
 .debug_ranges  0x000000b8      0x148 Libraria/atmega128timer.o
 .debug_ranges  0x00000200       0x50 Libraria/atmega128twi.o
 .debug_ranges  0x00000250       0xb8 Libraria/atmega128uart.o
 .debug_ranges  0x00000308       0x60 Libraria/clock.o
 .debug_ranges  0x00000368      0x140 Libraria/function.o
 .debug_ranges  0x000004a8       0x38 Libraria/keypad.o
 .debug_ranges  0x000004e0       0xf0 Libraria/lcd.o
 .debug_ranges  0x000005d0       0x28 main.o

.debug_macro
 *(.debug_macro)
OUTPUT(Atmega128.elf elf32-avr)
LOAD linker stubs
