Archive member included to satisfy reference by file (symbol)

c:/program files (x86)/atmel/studio/7.0/toolchain/avr8/avr8-gnu-toolchain/bin/../lib/gcc/avr/5.4.0/avr51\libgcc.a(_mulsi3.o)
                              Libraria/function.o (__mulsi3)
c:/program files (x86)/atmel/studio/7.0/toolchain/avr8/avr8-gnu-toolchain/bin/../lib/gcc/avr/5.4.0/avr51\libgcc.a(_udivmodhi4.o)
                              Libraria/clock.o (__udivmodhi4)
c:/program files (x86)/atmel/studio/7.0/toolchain/avr8/avr8-gnu-toolchain/bin/../lib/gcc/avr/5.4.0/avr51\libgcc.a(_divmodhi4.o)
                              Libraria/atmega128uart.o (__divmodhi4)
c:/program files (x86)/atmel/studio/7.0/toolchain/avr8/avr8-gnu-toolchain/bin/../lib/gcc/avr/5.4.0/avr51\libgcc.a(_divmodsi4.o)
                              Libraria/function.o (__divmodsi4)
c:/program files (x86)/atmel/studio/7.0/toolchain/avr8/avr8-gnu-toolchain/bin/../lib/gcc/avr/5.4.0/avr51\libgcc.a(_negsi2.o)
                              c:/program files (x86)/atmel/studio/7.0/toolchain/avr8/avr8-gnu-toolchain/bin/../lib/gcc/avr/5.4.0/avr51\libgcc.a(_divmodsi4.o) (__negsi2)
c:/program files (x86)/atmel/studio/7.0/toolchain/avr8/avr8-gnu-toolchain/bin/../lib/gcc/avr/5.4.0/avr51\libgcc.a(_exit.o)
                              C:/Program Files (x86)/Atmel/Studio/7.0/Packs/atmel/ATmega_DFP/1.3.300/gcc/dev/atmega128/avr51/crtatmega128.o (exit)
c:/program files (x86)/atmel/studio/7.0/toolchain/avr8/avr8-gnu-toolchain/bin/../lib/gcc/avr/5.4.0/avr51\libgcc.a(_tablejump2.o)
                              Libraria/atmega128interrupt.o (__tablejump2__)
c:/program files (x86)/atmel/studio/7.0/toolchain/avr8/avr8-gnu-toolchain/bin/../lib/gcc/avr/5.4.0/avr51\libgcc.a(_copy_data.o)
                              Libraria/atmega128uart.o (__do_copy_data)
c:/program files (x86)/atmel/studio/7.0/toolchain/avr8/avr8-gnu-toolchain/bin/../lib/gcc/avr/5.4.0/avr51\libgcc.a(_clear_bss.o)
                              Libraria/74hc595.o (__do_clear_bss)
c:/program files (x86)/atmel/studio/7.0/toolchain/avr8/avr8-gnu-toolchain/bin/../lib/gcc/avr/5.4.0/avr51\libgcc.a(_umulhisi3.o)
                              Libraria/clock.o (__umulhisi3)
c:/program files (x86)/atmel/studio/7.0/toolchain/avr8/avr8-gnu-toolchain/bin/../lib/gcc/avr/5.4.0/avr51\libgcc.a(_muluhisi3.o)
                              c:/program files (x86)/atmel/studio/7.0/toolchain/avr8/avr8-gnu-toolchain/bin/../lib/gcc/avr/5.4.0/avr51\libgcc.a(_mulsi3.o) (__muluhisi3)
c:/program files (x86)/atmel/studio/7.0/toolchain/avr8/avr8-gnu-toolchain/bin/../lib/gcc/avr/5.4.0/avr51\libgcc.a(_udivmodsi4.o)
                              c:/program files (x86)/atmel/studio/7.0/toolchain/avr8/avr8-gnu-toolchain/bin/../lib/gcc/avr/5.4.0/avr51\libgcc.a(_divmodsi4.o) (__udivmodsi4)
C:/Program Files (x86)/Atmel/Studio/7.0/Packs/atmel/ATmega_DFP/1.3.300/gcc/dev/atmega128/avr51\libatmega128.a(eerd_block.o)
                              Libraria/eeprom.o (eeprom_read_block)
C:/Program Files (x86)/Atmel/Studio/7.0/Packs/atmel/ATmega_DFP/1.3.300/gcc/dev/atmega128/avr51\libatmega128.a(eerd_byte.o)
                              Libraria/eeprom.o (eeprom_read_byte)
C:/Program Files (x86)/Atmel/Studio/7.0/Packs/atmel/ATmega_DFP/1.3.300/gcc/dev/atmega128/avr51\libatmega128.a(eerd_word.o)
                              Libraria/eeprom.o (eeprom_read_word)
C:/Program Files (x86)/Atmel/Studio/7.0/Packs/atmel/ATmega_DFP/1.3.300/gcc/dev/atmega128/avr51\libatmega128.a(eeupd_block.o)
                              Libraria/eeprom.o (eeprom_update_block)
C:/Program Files (x86)/Atmel/Studio/7.0/Packs/atmel/ATmega_DFP/1.3.300/gcc/dev/atmega128/avr51\libatmega128.a(eeupd_byte.o)
                              Libraria/eeprom.o (eeprom_update_byte)
C:/Program Files (x86)/Atmel/Studio/7.0/Packs/atmel/ATmega_DFP/1.3.300/gcc/dev/atmega128/avr51\libatmega128.a(eeupd_dword.o)
                              Libraria/eeprom.o (eeprom_update_float)
C:/Program Files (x86)/Atmel/Studio/7.0/Packs/atmel/ATmega_DFP/1.3.300/gcc/dev/atmega128/avr51\libatmega128.a(eeupd_word.o)
                              Libraria/eeprom.o (eeprom_update_word)
C:/Program Files (x86)/Atmel/Studio/7.0/Packs/atmel/ATmega_DFP/1.3.300/gcc/dev/atmega128/avr51\libatmega128.a(eewr_block.o)
                              Libraria/eeprom.o (eeprom_write_block)
C:/Program Files (x86)/Atmel/Studio/7.0/Packs/atmel/ATmega_DFP/1.3.300/gcc/dev/atmega128/avr51\libatmega128.a(eewr_byte.o)
                              Libraria/eeprom.o (eeprom_write_byte)
C:/Program Files (x86)/Atmel/Studio/7.0/Packs/atmel/ATmega_DFP/1.3.300/gcc/dev/atmega128/avr51\libatmega128.a(eewr_dword.o)
                              Libraria/eeprom.o (eeprom_write_dword)
C:/Program Files (x86)/Atmel/Studio/7.0/Packs/atmel/ATmega_DFP/1.3.300/gcc/dev/atmega128/avr51\libatmega128.a(eewr_word.o)
                              Libraria/eeprom.o (eeprom_write_word)

Allocating common symbols
Common symbol       size              file

keypad_PORT         0x2               Libraria/keypad.o
lcd0_PIN            0x2               Libraria/lcd.o
uart_msg            0x40              Libraria/atmega128uart.o
CLOCK_timp          0x9               Libraria/clock.o
KEYPAD_char         0x1               Libraria/keypad.o
CLOCK_alarm_flag    0x1               Libraria/clock.o
FUNCstr             0x15              Libraria/function.o
timer1_state        0x1               Libraria/atmega128timer.o
hc595_DDR           0x2               Libraria/74hc595.o
hc595_PORT          0x2               Libraria/74hc595.o
alarmtime           0x3               Libraria/clock.o
UART_TxHead         0x1               Libraria/atmega128uart.o
keypad_dataf        0x4               Libraria/keypad.o
lcd1_DDR            0x2               Libraria/lcd.o
keypad_datai        0x4               Libraria/keypad.o
lcd1_detect         0x1               Libraria/lcd.o
lcd1_PIN            0x2               Libraria/lcd.o
UART_LastRxError    0x1               Libraria/atmega128uart.o
tmp2                0xb               Libraria/lfsm.o
lcd0_DDR            0x2               Libraria/lcd.o
UART1_TxTail        0x1               Libraria/atmega128uart.o
KEYPADSTRINGINDEX   0x1               Libraria/keypad.o
lcd0_detect         0x1               Libraria/lcd.o
UART1_RxBuf         0x40              Libraria/atmega128uart.o
HC595_datapin       0x1               Libraria/74hc595.o
uart1_index         0x2               Libraria/atmega128uart.o
HC595_outpin        0x1               Libraria/74hc595.o
UART_TxTail         0x1               Libraria/atmega128uart.o
HC595_clkpin        0x1               Libraria/74hc595.o
UART1_RxHead        0x1               Libraria/atmega128uart.o
UART1_LastRxError   0x1               Libraria/atmega128uart.o
timer3_state        0x1               Libraria/atmega128timer.o
UART1_TxHead        0x1               Libraria/atmega128uart.o
keypad_PIN          0x2               Libraria/keypad.o
i2c                 0xa               Libraria/pcf8563rtc.o
uart1_msg           0x40              Libraria/atmega128uart.o
data                0xb               Libraria/lfsm.o
timer2_state        0x1               Libraria/atmega128timer.o
time                0x3               Libraria/clock.o
uart_index          0x1               Libraria/atmega128uart.o
UART1_TxBuf         0x40              Libraria/atmega128uart.o
lcd0_PORT           0x2               Libraria/lcd.o
lcd1_PORT           0x2               Libraria/lcd.o
keypad_DDR          0x2               Libraria/keypad.o
UART_TxBuf          0x40              Libraria/atmega128uart.o
KEYPAD_string       0x15              Libraria/keypad.o
laptime             0x3               Libraria/clock.o
UART_RxHead         0x1               Libraria/atmega128uart.o
UART_RxTail         0x1               Libraria/atmega128uart.o
UART1_RxTail        0x1               Libraria/atmega128uart.o
tmp1                0xb               Libraria/lfsm.o
timer0_state        0x1               Libraria/atmega128timer.o
CLOCK_compare_active
                    0x1               Libraria/clock.o
UART_RxBuf          0x40              Libraria/atmega128uart.o

Discarded input sections

 .data          0x00000000        0x0 C:/Program Files (x86)/Atmel/Studio/7.0/Packs/atmel/ATmega_DFP/1.3.300/gcc/dev/atmega128/avr51/crtatmega128.o
 .bss           0x00000000        0x0 C:/Program Files (x86)/Atmel/Studio/7.0/Packs/atmel/ATmega_DFP/1.3.300/gcc/dev/atmega128/avr51/crtatmega128.o
 .text          0x00000000        0x0 Libraria/74hc595.o
 .data          0x00000000        0x0 Libraria/74hc595.o
 .bss           0x00000000        0x0 Libraria/74hc595.o
 .text          0x00000000        0x0 Libraria/atmega128analog.o
 .data          0x00000000        0x0 Libraria/atmega128analog.o
 .bss           0x00000000        0x0 Libraria/atmega128analog.o
 .text.ANALOG_read
                0x00000000       0x14 Libraria/atmega128analog.o
 .text.ANALOGenable
                0x00000000      0x12c Libraria/atmega128analog.o
 .text          0x00000000        0x0 Libraria/atmega128interrupt.o
 .data          0x00000000        0x0 Libraria/atmega128interrupt.o
 .bss           0x00000000        0x0 Libraria/atmega128interrupt.o
 .text.INTERRUPT_reset_status
                0x00000000       0x5a Libraria/atmega128interrupt.o
 .text.INTERRUPT_set
                0x00000000      0x1d0 Libraria/atmega128interrupt.o
 .progmem.gcc_sw_table.INTERRUPT_set
                0x00000000       0x10 Libraria/atmega128interrupt.o
 .text.INTERRUPT_off
                0x00000000       0x56 Libraria/atmega128interrupt.o
 .progmem.gcc_sw_table.INTERRUPT_off
                0x00000000       0x10 Libraria/atmega128interrupt.o
 .text.INTERRUPTenable
                0x00000000       0x44 Libraria/atmega128interrupt.o
 .text          0x00000000        0x0 Libraria/atmega128spi.o
 .data          0x00000000        0x0 Libraria/atmega128spi.o
 .bss           0x00000000        0x0 Libraria/atmega128spi.o
 .text.spi_transfer_sync
                0x00000000       0x2c Libraria/atmega128spi.o
 .text.spi_transmit_sync
                0x00000000       0x24 Libraria/atmega128spi.o
 .text.spi_fast_shift
                0x00000000        0xa Libraria/atmega128spi.o
 .text.SPIenable
                0x00000000      0x10c Libraria/atmega128spi.o
 .text.spi_default
                0x00000000       0x16 Libraria/atmega128spi.o
 .text          0x00000000        0x0 Libraria/atmega128timer.o
 .data          0x00000000        0x0 Libraria/atmega128timer.o
 .bss           0x00000000        0x0 Libraria/atmega128timer.o
 .text.TIMER_COUNTER0_start
                0x00000000       0x8a Libraria/atmega128timer.o
 .text.TIMER_COUNTER0_compoutmode
                0x00000000       0x2a Libraria/atmega128timer.o
 .text.TIMER_COUNTER0_compare
                0x00000000        0x4 Libraria/atmega128timer.o
 .text.TIMER_COUNTER0_stop
                0x00000000        0xe Libraria/atmega128timer.o
 .text.TIMER_COUNTER1_start
                0x00000000       0x8e Libraria/atmega128timer.o
 .text.TIMER_COUNTER1_compoutmodeA
                0x00000000       0x2a Libraria/atmega128timer.o
 .text.TIMER_COUNTER1_compoutmodeB
                0x00000000       0x2a Libraria/atmega128timer.o
 .text.TIMER_COUNTER1_compoutmodeC
                0x00000000       0x2a Libraria/atmega128timer.o
 .text.TIMER_COUNTER1_compareA
                0x00000000        0x6 Libraria/atmega128timer.o
 .text.TIMER_COUNTER1_compareB
                0x00000000        0x6 Libraria/atmega128timer.o
 .text.TIMER_COUNTER1_compareC
                0x00000000        0xa Libraria/atmega128timer.o
 .text.TIMER_COUNTER1_stop
                0x00000000       0x10 Libraria/atmega128timer.o
 .text.TIMER_COUNTER2_start
                0x00000000       0x8a Libraria/atmega128timer.o
 .text.TIMER_COUNTER2_compoutmode
                0x00000000       0x2a Libraria/atmega128timer.o
 .text.TIMER_COUNTER2_compare
                0x00000000        0x4 Libraria/atmega128timer.o
 .text.TIMER_COUNTER2_stop
                0x00000000        0xe Libraria/atmega128timer.o
 .text.TIMER_COUNTER3_start
                0x00000000       0xb6 Libraria/atmega128timer.o
 .text.TIMER_COUNTER3_compoutmodeA
                0x00000000       0x36 Libraria/atmega128timer.o
 .text.TIMER_COUNTER3_compoutmodeB
                0x00000000       0x36 Libraria/atmega128timer.o
 .text.TIMER_COUNTER3_compoutmodeC
                0x00000000       0x36 Libraria/atmega128timer.o
 .text.TIMER_COUNTER3_compareA
                0x00000000        0xa Libraria/atmega128timer.o
 .text.TIMER_COUNTER3_compareB
                0x00000000        0xa Libraria/atmega128timer.o
 .text.TIMER_COUNTER3_compareC
                0x00000000        0xa Libraria/atmega128timer.o
 .text.TIMER_COUNTER3_stop
                0x00000000       0x18 Libraria/atmega128timer.o
 .text.TIMER_COUNTER0enable
                0x00000000       0x84 Libraria/atmega128timer.o
 .text.TIMER_COUNTER1enable
                0x00000000      0x1ec Libraria/atmega128timer.o
 .progmem.gcc_sw_table.TIMER_COUNTER1enable
                0x00000000       0x36 Libraria/atmega128timer.o
 .text.TIMER_COUNTER2enable
                0x00000000       0x7e Libraria/atmega128timer.o
 .text.TIMER_COUNTER3enable
                0x00000000      0x264 Libraria/atmega128timer.o
 .progmem.gcc_sw_table.TIMER_COUNTER3enable
                0x00000000       0x36 Libraria/atmega128timer.o
 COMMON         0x00000000        0x4 Libraria/atmega128timer.o
 .text          0x00000000        0x0 Libraria/atmega128uart.o
 .data          0x00000000        0x0 Libraria/atmega128uart.o
 .bss           0x00000000        0x0 Libraria/atmega128uart.o
 .text.uart_getc
                0x00000000       0x22 Libraria/atmega128uart.o
 .text.uart_available
                0x00000000       0x1a Libraria/atmega128uart.o
 .text.uart_flush
                0x00000000        0xa Libraria/atmega128uart.o
 .text.uart1_getc
                0x00000000       0x22 Libraria/atmega128uart.o
 .text.uart1_Rxavailable
                0x00000000       0x1a Libraria/atmega128uart.o
 .text.uart1_Rxflush
                0x00000000       0x14 Libraria/atmega128uart.o
 .text.uart1_Txflush
                0x00000000        0xa Libraria/atmega128uart.o
 .text.uart_putc
                0x00000000       0x3e Libraria/atmega128uart.o
 .text.uart_puts
                0x00000000       0x1e Libraria/atmega128uart.o
 .text.uart1_putc
                0x00000000       0x46 Libraria/atmega128uart.o
 .text.uart1_puts
                0x00000000       0x1e Libraria/atmega128uart.o
 .text.UARTenable
                0x00000000      0x19a Libraria/atmega128uart.o
 .text.UART_Rx_pop
                0x00000000       0x22 Libraria/atmega128uart.o
 .rodata        0x00000000        0x2 Libraria/atmega128uart.o
 .text.uart_read
                0x00000000       0x48 Libraria/atmega128uart.o
 .text.UART_Tx_push
                0x00000000       0x1e Libraria/atmega128uart.o
 .text.UART1enable
                0x00000000      0x1e0 Libraria/atmega128uart.o
 .text.UART1_Rx_pop
                0x00000000       0x22 Libraria/atmega128uart.o
 .text.uart1_read
                0x00000000       0x5a Libraria/atmega128uart.o
 .text          0x00000000        0x0 Libraria/clock.o
 .data          0x00000000        0x0 Libraria/clock.o
 .bss           0x00000000        0x0 Libraria/clock.o
 .text.CLOCK_set
                0x00000000        0xc Libraria/clock.o
 .text.CLOCK_increment
                0x00000000      0x114 Libraria/clock.o
 .text.CLOCK_decrement
                0x00000000       0xac Libraria/clock.o
 .text.CLOCK_alarm
                0x00000000       0x1e Libraria/clock.o
 .text.CLOCK_second_count
                0x00000000       0xfa Libraria/clock.o
 .text.CLOCK_alarm_reset
                0x00000000        0x6 Libraria/clock.o
 .text.CLOCK_alarm_stop
                0x00000000        0x8 Libraria/clock.o
 .text.CLOCK_second_count_reset
                0x00000000        0x6 Libraria/clock.o
 .text.CLOCK_second_count_stop
                0x00000000        0x8 Libraria/clock.o
 .text.CLOCK_show
                0x00000000       0xda Libraria/clock.o
 .text.CLOCKenable
                0x00000000       0x70 Libraria/clock.o
 .debug_info    0x00000000      0x44b Libraria/clock.o
 .debug_abbrev  0x00000000      0x170 Libraria/clock.o
 .debug_loc     0x00000000      0x1e1 Libraria/clock.o
 .debug_aranges
                0x00000000       0x70 Libraria/clock.o
 .debug_ranges  0x00000000       0x60 Libraria/clock.o
 .debug_line    0x00000000      0x3d9 Libraria/clock.o
 .debug_str     0x00000000      0x344 Libraria/clock.o
 .comment       0x00000000       0x31 Libraria/clock.o
 .debug_frame   0x00000000       0xec Libraria/clock.o
 COMMON         0x00000000       0x14 Libraria/clock.o
 .text          0x00000000        0x0 Libraria/eeprom.o
 .data          0x00000000        0x0 Libraria/eeprom.o
 .bss           0x00000000        0x0 Libraria/eeprom.o
 .text          0x00000000        0x0 Libraria/function.o
 .data          0x00000000        0x0 Libraria/function.o
 .bss           0x00000000        0x0 Libraria/function.o
 .text.leap_year_check
                0x00000000       0x70 Libraria/function.o
 .text.bintobcd
                0x00000000       0x26 Libraria/function.o
 .text          0x00000000        0x0 Libraria/keypad.o
 .data          0x00000000        0x0 Libraria/keypad.o
 .bss           0x00000000        0x0 Libraria/keypad.o
 .text.KEYPADlh
                0x00000000        0x6 Libraria/keypad.o
 .text.KEYPADhl
                0x00000000        0x6 Libraria/keypad.o
 .text          0x00000000        0x0 Libraria/lcd.o
 .data          0x00000000        0x0 Libraria/lcd.o
 .bss           0x00000000        0x0 Libraria/lcd.o
 .text.LCD1_write
                0x00000000      0x188 Libraria/lcd.o
 .text.LCD1_read
                0x00000000       0xf6 Libraria/lcd.o
 .text.LCD1_BF  0x00000000       0x28 Libraria/lcd.o
 .text.LCD1_putch
                0x00000000        0xe Libraria/lcd.o
 .text.LCD1_getch
                0x00000000       0x16 Libraria/lcd.o
 .text.LCD1_string
                0x00000000       0x26 Libraria/lcd.o
 .text.LCD1_string_size
                0x00000000       0x66 Libraria/lcd.o
 .text.LCD1_hspace
                0x00000000       0x1e Libraria/lcd.o
 .text.LCD1_gotoxy
                0x00000000       0x5e Libraria/lcd.o
 .text.LCD1_clear
                0x00000000       0x18 Libraria/lcd.o
 .text.LCD0_strobe
                0x00000000       0x1e Libraria/lcd.o
 .text.LCD1_inic
                0x00000000       0x98 Libraria/lcd.o
 .text.LCD1enable
                0x00000000       0xb0 Libraria/lcd.o
 .text.LCD1_reboot
                0x00000000       0x24 Libraria/lcd.o
 .text.LCD1_strobe
                0x00000000       0x1e Libraria/lcd.o
 .text.LCD_ticks
                0x00000000       0x14 Libraria/lcd.o
 .text          0x00000000        0x0 Libraria/lfsm.o
 .data          0x00000000        0x0 Libraria/lfsm.o
 .bss           0x00000000        0x0 Libraria/lfsm.o
 .text.LFSMlh   0x00000000        0xa Libraria/lfsm.o
 .text.LFSMhl   0x00000000        0xa Libraria/lfsm.o
 .text.LFSMoutputcalc
                0x00000000       0x18 Libraria/lfsm.o
 .rodata.tmask  0x00000000        0x2 Libraria/lfsm.o
 .text          0x00000000        0x0 Libraria/pcf8563rtc.o
 .data          0x00000000        0x0 Libraria/pcf8563rtc.o
 .bss           0x00000000        0x0 Libraria/pcf8563rtc.o
 .text.PCF8563RTC_SetTime
                0x00000000       0x54 Libraria/pcf8563rtc.o
 .text.PCF8563RTC_SetHour
                0x00000000       0x38 Libraria/pcf8563rtc.o
 .text.PCF8563RTC_SetMinute
                0x00000000       0x38 Libraria/pcf8563rtc.o
 .text.PCF8563RTC_SetSecond
                0x00000000       0x38 Libraria/pcf8563rtc.o
 .text.PCF8563RTC_SetClkOut
                0x00000000       0x44 Libraria/pcf8563rtc.o
 .text.PCF8563RTC_SetDate
                0x00000000       0x62 Libraria/pcf8563rtc.o
 .text.PCF8563RTC_SetYear
                0x00000000       0x38 Libraria/pcf8563rtc.o
 .text.PCF8563RTC_SetMonth
                0x00000000       0x38 Libraria/pcf8563rtc.o
 .text.PCF8563RTC_SetWeekday
                0x00000000       0x38 Libraria/pcf8563rtc.o
 .text.PCF8563RTC_SetDay
                0x00000000       0x38 Libraria/pcf8563rtc.o
 .text.PCF8563RTC_GetTime
                0x00000000       0x74 Libraria/pcf8563rtc.o
 .text.PCF8563RTC_GetDate
                0x00000000       0x84 Libraria/pcf8563rtc.o
 .text.PCF8563RTC_bcd2dec
                0x00000000       0x16 Libraria/pcf8563rtc.o
 .text.PCF8563RTC_bintobcd
                0x00000000       0x26 Libraria/pcf8563rtc.o
 .text.PCF8563RTC_Init
                0x00000000       0x32 Libraria/pcf8563rtc.o
 .text.PCF8563RTCenable
                0x00000000       0xd0 Libraria/pcf8563rtc.o
 .debug_info    0x00000000      0x92f Libraria/pcf8563rtc.o
 .debug_abbrev  0x00000000      0x1b6 Libraria/pcf8563rtc.o
 .debug_loc     0x00000000      0x851 Libraria/pcf8563rtc.o
 .debug_aranges
                0x00000000       0x98 Libraria/pcf8563rtc.o
 .debug_ranges  0x00000000       0x88 Libraria/pcf8563rtc.o
 .debug_line    0x00000000      0x45d Libraria/pcf8563rtc.o
 .debug_str     0x00000000      0x436 Libraria/pcf8563rtc.o
 .comment       0x00000000       0x31 Libraria/pcf8563rtc.o
 .debug_frame   0x00000000      0x238 Libraria/pcf8563rtc.o
 COMMON         0x00000000        0xa Libraria/pcf8563rtc.o
 .text          0x00000000        0x0 Libraria/rotenc.o
 .data          0x00000000        0x0 Libraria/rotenc.o
 .bss           0x00000000        0x0 Libraria/rotenc.o
 .text.RotEnc_rte
                0x00000000       0xca Libraria/rotenc.o
 .text.ROTENCenable
                0x00000000       0x60 Libraria/rotenc.o
 .debug_info    0x00000000      0x19e Libraria/rotenc.o
 .debug_abbrev  0x00000000       0xe4 Libraria/rotenc.o
 .debug_loc     0x00000000      0x1e5 Libraria/rotenc.o
 .debug_aranges
                0x00000000       0x28 Libraria/rotenc.o
 .debug_ranges  0x00000000       0x18 Libraria/rotenc.o
 .debug_line    0x00000000      0x122 Libraria/rotenc.o
 .debug_str     0x00000000      0x1eb Libraria/rotenc.o
 .comment       0x00000000       0x31 Libraria/rotenc.o
 .debug_frame   0x00000000       0x54 Libraria/rotenc.o
 .text          0x00000000        0x0 main.o
 .data          0x00000000        0x0 main.o
 .bss           0x00000000        0x0 main.o
 .text          0x00000000        0x0 c:/program files (x86)/atmel/studio/7.0/toolchain/avr8/avr8-gnu-toolchain/bin/../lib/gcc/avr/5.4.0/avr51\libgcc.a(_mulsi3.o)
 .data          0x00000000        0x0 c:/program files (x86)/atmel/studio/7.0/toolchain/avr8/avr8-gnu-toolchain/bin/../lib/gcc/avr/5.4.0/avr51\libgcc.a(_mulsi3.o)
 .bss           0x00000000        0x0 c:/program files (x86)/atmel/studio/7.0/toolchain/avr8/avr8-gnu-toolchain/bin/../lib/gcc/avr/5.4.0/avr51\libgcc.a(_mulsi3.o)
 .text.libgcc.div
                0x00000000        0x0 c:/program files (x86)/atmel/studio/7.0/toolchain/avr8/avr8-gnu-toolchain/bin/../lib/gcc/avr/5.4.0/avr51\libgcc.a(_mulsi3.o)
 .text.libgcc   0x00000000        0x0 c:/program files (x86)/atmel/studio/7.0/toolchain/avr8/avr8-gnu-toolchain/bin/../lib/gcc/avr/5.4.0/avr51\libgcc.a(_mulsi3.o)
 .text.libgcc.prologue
                0x00000000        0x0 c:/program files (x86)/atmel/studio/7.0/toolchain/avr8/avr8-gnu-toolchain/bin/../lib/gcc/avr/5.4.0/avr51\libgcc.a(_mulsi3.o)
 .text.libgcc.builtins
                0x00000000        0x0 c:/program files (x86)/atmel/studio/7.0/toolchain/avr8/avr8-gnu-toolchain/bin/../lib/gcc/avr/5.4.0/avr51\libgcc.a(_mulsi3.o)
 .text.libgcc.fmul
                0x00000000        0x0 c:/program files (x86)/atmel/studio/7.0/toolchain/avr8/avr8-gnu-toolchain/bin/../lib/gcc/avr/5.4.0/avr51\libgcc.a(_mulsi3.o)
 .text.libgcc.fixed
                0x00000000        0x0 c:/program files (x86)/atmel/studio/7.0/toolchain/avr8/avr8-gnu-toolchain/bin/../lib/gcc/avr/5.4.0/avr51\libgcc.a(_mulsi3.o)
 .text          0x00000000        0x0 c:/program files (x86)/atmel/studio/7.0/toolchain/avr8/avr8-gnu-toolchain/bin/../lib/gcc/avr/5.4.0/avr51\libgcc.a(_udivmodhi4.o)
 .data          0x00000000        0x0 c:/program files (x86)/atmel/studio/7.0/toolchain/avr8/avr8-gnu-toolchain/bin/../lib/gcc/avr/5.4.0/avr51\libgcc.a(_udivmodhi4.o)
 .bss           0x00000000        0x0 c:/program files (x86)/atmel/studio/7.0/toolchain/avr8/avr8-gnu-toolchain/bin/../lib/gcc/avr/5.4.0/avr51\libgcc.a(_udivmodhi4.o)
 .text.libgcc.mul
                0x00000000        0x0 c:/program files (x86)/atmel/studio/7.0/toolchain/avr8/avr8-gnu-toolchain/bin/../lib/gcc/avr/5.4.0/avr51\libgcc.a(_udivmodhi4.o)
 .text.libgcc   0x00000000        0x0 c:/program files (x86)/atmel/studio/7.0/toolchain/avr8/avr8-gnu-toolchain/bin/../lib/gcc/avr/5.4.0/avr51\libgcc.a(_udivmodhi4.o)
 .text.libgcc.prologue
                0x00000000        0x0 c:/program files (x86)/atmel/studio/7.0/toolchain/avr8/avr8-gnu-toolchain/bin/../lib/gcc/avr/5.4.0/avr51\libgcc.a(_udivmodhi4.o)
 .text.libgcc.builtins
                0x00000000        0x0 c:/program files (x86)/atmel/studio/7.0/toolchain/avr8/avr8-gnu-toolchain/bin/../lib/gcc/avr/5.4.0/avr51\libgcc.a(_udivmodhi4.o)
 .text.libgcc.fmul
                0x00000000        0x0 c:/program files (x86)/atmel/studio/7.0/toolchain/avr8/avr8-gnu-toolchain/bin/../lib/gcc/avr/5.4.0/avr51\libgcc.a(_udivmodhi4.o)
 .text.libgcc.fixed
                0x00000000        0x0 c:/program files (x86)/atmel/studio/7.0/toolchain/avr8/avr8-gnu-toolchain/bin/../lib/gcc/avr/5.4.0/avr51\libgcc.a(_udivmodhi4.o)
 .text          0x00000000        0x0 c:/program files (x86)/atmel/studio/7.0/toolchain/avr8/avr8-gnu-toolchain/bin/../lib/gcc/avr/5.4.0/avr51\libgcc.a(_divmodhi4.o)
 .data          0x00000000        0x0 c:/program files (x86)/atmel/studio/7.0/toolchain/avr8/avr8-gnu-toolchain/bin/../lib/gcc/avr/5.4.0/avr51\libgcc.a(_divmodhi4.o)
 .bss           0x00000000        0x0 c:/program files (x86)/atmel/studio/7.0/toolchain/avr8/avr8-gnu-toolchain/bin/../lib/gcc/avr/5.4.0/avr51\libgcc.a(_divmodhi4.o)
 .text.libgcc.mul
                0x00000000        0x0 c:/program files (x86)/atmel/studio/7.0/toolchain/avr8/avr8-gnu-toolchain/bin/../lib/gcc/avr/5.4.0/avr51\libgcc.a(_divmodhi4.o)
 .text.libgcc   0x00000000        0x0 c:/program files (x86)/atmel/studio/7.0/toolchain/avr8/avr8-gnu-toolchain/bin/../lib/gcc/avr/5.4.0/avr51\libgcc.a(_divmodhi4.o)
 .text.libgcc.prologue
                0x00000000        0x0 c:/program files (x86)/atmel/studio/7.0/toolchain/avr8/avr8-gnu-toolchain/bin/../lib/gcc/avr/5.4.0/avr51\libgcc.a(_divmodhi4.o)
 .text.libgcc.builtins
                0x00000000        0x0 c:/program files (x86)/atmel/studio/7.0/toolchain/avr8/avr8-gnu-toolchain/bin/../lib/gcc/avr/5.4.0/avr51\libgcc.a(_divmodhi4.o)
 .text.libgcc.fmul
                0x00000000        0x0 c:/program files (x86)/atmel/studio/7.0/toolchain/avr8/avr8-gnu-toolchain/bin/../lib/gcc/avr/5.4.0/avr51\libgcc.a(_divmodhi4.o)
 .text.libgcc.fixed
                0x00000000        0x0 c:/program files (x86)/atmel/studio/7.0/toolchain/avr8/avr8-gnu-toolchain/bin/../lib/gcc/avr/5.4.0/avr51\libgcc.a(_divmodhi4.o)
 .text          0x00000000        0x0 c:/program files (x86)/atmel/studio/7.0/toolchain/avr8/avr8-gnu-toolchain/bin/../lib/gcc/avr/5.4.0/avr51\libgcc.a(_divmodsi4.o)
 .data          0x00000000        0x0 c:/program files (x86)/atmel/studio/7.0/toolchain/avr8/avr8-gnu-toolchain/bin/../lib/gcc/avr/5.4.0/avr51\libgcc.a(_divmodsi4.o)
 .bss           0x00000000        0x0 c:/program files (x86)/atmel/studio/7.0/toolchain/avr8/avr8-gnu-toolchain/bin/../lib/gcc/avr/5.4.0/avr51\libgcc.a(_divmodsi4.o)
 .text.libgcc.mul
                0x00000000        0x0 c:/program files (x86)/atmel/studio/7.0/toolchain/avr8/avr8-gnu-toolchain/bin/../lib/gcc/avr/5.4.0/avr51\libgcc.a(_divmodsi4.o)
 .text.libgcc   0x00000000        0x0 c:/program files (x86)/atmel/studio/7.0/toolchain/avr8/avr8-gnu-toolchain/bin/../lib/gcc/avr/5.4.0/avr51\libgcc.a(_divmodsi4.o)
 .text.libgcc.prologue
                0x00000000        0x0 c:/program files (x86)/atmel/studio/7.0/toolchain/avr8/avr8-gnu-toolchain/bin/../lib/gcc/avr/5.4.0/avr51\libgcc.a(_divmodsi4.o)
 .text.libgcc.builtins
                0x00000000        0x0 c:/program files (x86)/atmel/studio/7.0/toolchain/avr8/avr8-gnu-toolchain/bin/../lib/gcc/avr/5.4.0/avr51\libgcc.a(_divmodsi4.o)
 .text.libgcc.fmul
                0x00000000        0x0 c:/program files (x86)/atmel/studio/7.0/toolchain/avr8/avr8-gnu-toolchain/bin/../lib/gcc/avr/5.4.0/avr51\libgcc.a(_divmodsi4.o)
 .text.libgcc.fixed
                0x00000000        0x0 c:/program files (x86)/atmel/studio/7.0/toolchain/avr8/avr8-gnu-toolchain/bin/../lib/gcc/avr/5.4.0/avr51\libgcc.a(_divmodsi4.o)
 .text          0x00000000        0x0 c:/program files (x86)/atmel/studio/7.0/toolchain/avr8/avr8-gnu-toolchain/bin/../lib/gcc/avr/5.4.0/avr51\libgcc.a(_negsi2.o)
 .data          0x00000000        0x0 c:/program files (x86)/atmel/studio/7.0/toolchain/avr8/avr8-gnu-toolchain/bin/../lib/gcc/avr/5.4.0/avr51\libgcc.a(_negsi2.o)
 .bss           0x00000000        0x0 c:/program files (x86)/atmel/studio/7.0/toolchain/avr8/avr8-gnu-toolchain/bin/../lib/gcc/avr/5.4.0/avr51\libgcc.a(_negsi2.o)
 .text.libgcc.mul
                0x00000000        0x0 c:/program files (x86)/atmel/studio/7.0/toolchain/avr8/avr8-gnu-toolchain/bin/../lib/gcc/avr/5.4.0/avr51\libgcc.a(_negsi2.o)
 .text.libgcc   0x00000000        0x0 c:/program files (x86)/atmel/studio/7.0/toolchain/avr8/avr8-gnu-toolchain/bin/../lib/gcc/avr/5.4.0/avr51\libgcc.a(_negsi2.o)
 .text.libgcc.prologue
                0x00000000        0x0 c:/program files (x86)/atmel/studio/7.0/toolchain/avr8/avr8-gnu-toolchain/bin/../lib/gcc/avr/5.4.0/avr51\libgcc.a(_negsi2.o)
 .text.libgcc.builtins
                0x00000000        0x0 c:/program files (x86)/atmel/studio/7.0/toolchain/avr8/avr8-gnu-toolchain/bin/../lib/gcc/avr/5.4.0/avr51\libgcc.a(_negsi2.o)
 .text.libgcc.fmul
                0x00000000        0x0 c:/program files (x86)/atmel/studio/7.0/toolchain/avr8/avr8-gnu-toolchain/bin/../lib/gcc/avr/5.4.0/avr51\libgcc.a(_negsi2.o)
 .text.libgcc.fixed
                0x00000000        0x0 c:/program files (x86)/atmel/studio/7.0/toolchain/avr8/avr8-gnu-toolchain/bin/../lib/gcc/avr/5.4.0/avr51\libgcc.a(_negsi2.o)
 .text          0x00000000        0x0 c:/program files (x86)/atmel/studio/7.0/toolchain/avr8/avr8-gnu-toolchain/bin/../lib/gcc/avr/5.4.0/avr51\libgcc.a(_exit.o)
 .data          0x00000000        0x0 c:/program files (x86)/atmel/studio/7.0/toolchain/avr8/avr8-gnu-toolchain/bin/../lib/gcc/avr/5.4.0/avr51\libgcc.a(_exit.o)
 .bss           0x00000000        0x0 c:/program files (x86)/atmel/studio/7.0/toolchain/avr8/avr8-gnu-toolchain/bin/../lib/gcc/avr/5.4.0/avr51\libgcc.a(_exit.o)
 .text.libgcc.mul
                0x00000000        0x0 c:/program files (x86)/atmel/studio/7.0/toolchain/avr8/avr8-gnu-toolchain/bin/../lib/gcc/avr/5.4.0/avr51\libgcc.a(_exit.o)
 .text.libgcc.div
                0x00000000        0x0 c:/program files (x86)/atmel/studio/7.0/toolchain/avr8/avr8-gnu-toolchain/bin/../lib/gcc/avr/5.4.0/avr51\libgcc.a(_exit.o)
 .text.libgcc   0x00000000        0x0 c:/program files (x86)/atmel/studio/7.0/toolchain/avr8/avr8-gnu-toolchain/bin/../lib/gcc/avr/5.4.0/avr51\libgcc.a(_exit.o)
 .text.libgcc.prologue
                0x00000000        0x0 c:/program files (x86)/atmel/studio/7.0/toolchain/avr8/avr8-gnu-toolchain/bin/../lib/gcc/avr/5.4.0/avr51\libgcc.a(_exit.o)
 .text.libgcc.builtins
                0x00000000        0x0 c:/program files (x86)/atmel/studio/7.0/toolchain/avr8/avr8-gnu-toolchain/bin/../lib/gcc/avr/5.4.0/avr51\libgcc.a(_exit.o)
 .text.libgcc.fmul
                0x00000000        0x0 c:/program files (x86)/atmel/studio/7.0/toolchain/avr8/avr8-gnu-toolchain/bin/../lib/gcc/avr/5.4.0/avr51\libgcc.a(_exit.o)
 .text.libgcc.fixed
                0x00000000        0x0 c:/program files (x86)/atmel/studio/7.0/toolchain/avr8/avr8-gnu-toolchain/bin/../lib/gcc/avr/5.4.0/avr51\libgcc.a(_exit.o)
 .text          0x00000000        0x0 c:/program files (x86)/atmel/studio/7.0/toolchain/avr8/avr8-gnu-toolchain/bin/../lib/gcc/avr/5.4.0/avr51\libgcc.a(_tablejump2.o)
 .data          0x00000000        0x0 c:/program files (x86)/atmel/studio/7.0/toolchain/avr8/avr8-gnu-toolchain/bin/../lib/gcc/avr/5.4.0/avr51\libgcc.a(_tablejump2.o)
 .bss           0x00000000        0x0 c:/program files (x86)/atmel/studio/7.0/toolchain/avr8/avr8-gnu-toolchain/bin/../lib/gcc/avr/5.4.0/avr51\libgcc.a(_tablejump2.o)
 .text.libgcc.mul
                0x00000000        0x0 c:/program files (x86)/atmel/studio/7.0/toolchain/avr8/avr8-gnu-toolchain/bin/../lib/gcc/avr/5.4.0/avr51\libgcc.a(_tablejump2.o)
 .text.libgcc.div
                0x00000000        0x0 c:/program files (x86)/atmel/studio/7.0/toolchain/avr8/avr8-gnu-toolchain/bin/../lib/gcc/avr/5.4.0/avr51\libgcc.a(_tablejump2.o)
 .text.libgcc.prologue
                0x00000000        0x0 c:/program files (x86)/atmel/studio/7.0/toolchain/avr8/avr8-gnu-toolchain/bin/../lib/gcc/avr/5.4.0/avr51\libgcc.a(_tablejump2.o)
 .text.libgcc.builtins
                0x00000000        0x0 c:/program files (x86)/atmel/studio/7.0/toolchain/avr8/avr8-gnu-toolchain/bin/../lib/gcc/avr/5.4.0/avr51\libgcc.a(_tablejump2.o)
 .text.libgcc.fmul
                0x00000000        0x0 c:/program files (x86)/atmel/studio/7.0/toolchain/avr8/avr8-gnu-toolchain/bin/../lib/gcc/avr/5.4.0/avr51\libgcc.a(_tablejump2.o)
 .text.libgcc.fixed
                0x00000000        0x0 c:/program files (x86)/atmel/studio/7.0/toolchain/avr8/avr8-gnu-toolchain/bin/../lib/gcc/avr/5.4.0/avr51\libgcc.a(_tablejump2.o)
 .text          0x00000000        0x0 c:/program files (x86)/atmel/studio/7.0/toolchain/avr8/avr8-gnu-toolchain/bin/../lib/gcc/avr/5.4.0/avr51\libgcc.a(_copy_data.o)
 .data          0x00000000        0x0 c:/program files (x86)/atmel/studio/7.0/toolchain/avr8/avr8-gnu-toolchain/bin/../lib/gcc/avr/5.4.0/avr51\libgcc.a(_copy_data.o)
 .bss           0x00000000        0x0 c:/program files (x86)/atmel/studio/7.0/toolchain/avr8/avr8-gnu-toolchain/bin/../lib/gcc/avr/5.4.0/avr51\libgcc.a(_copy_data.o)
 .text.libgcc.mul
                0x00000000        0x0 c:/program files (x86)/atmel/studio/7.0/toolchain/avr8/avr8-gnu-toolchain/bin/../lib/gcc/avr/5.4.0/avr51\libgcc.a(_copy_data.o)
 .text.libgcc.div
                0x00000000        0x0 c:/program files (x86)/atmel/studio/7.0/toolchain/avr8/avr8-gnu-toolchain/bin/../lib/gcc/avr/5.4.0/avr51\libgcc.a(_copy_data.o)
 .text.libgcc   0x00000000        0x0 c:/program files (x86)/atmel/studio/7.0/toolchain/avr8/avr8-gnu-toolchain/bin/../lib/gcc/avr/5.4.0/avr51\libgcc.a(_copy_data.o)
 .text.libgcc.prologue
                0x00000000        0x0 c:/program files (x86)/atmel/studio/7.0/toolchain/avr8/avr8-gnu-toolchain/bin/../lib/gcc/avr/5.4.0/avr51\libgcc.a(_copy_data.o)
 .text.libgcc.builtins
                0x00000000        0x0 c:/program files (x86)/atmel/studio/7.0/toolchain/avr8/avr8-gnu-toolchain/bin/../lib/gcc/avr/5.4.0/avr51\libgcc.a(_copy_data.o)
 .text.libgcc.fmul
                0x00000000        0x0 c:/program files (x86)/atmel/studio/7.0/toolchain/avr8/avr8-gnu-toolchain/bin/../lib/gcc/avr/5.4.0/avr51\libgcc.a(_copy_data.o)
 .text.libgcc.fixed
                0x00000000        0x0 c:/program files (x86)/atmel/studio/7.0/toolchain/avr8/avr8-gnu-toolchain/bin/../lib/gcc/avr/5.4.0/avr51\libgcc.a(_copy_data.o)
 .text          0x00000000        0x0 c:/program files (x86)/atmel/studio/7.0/toolchain/avr8/avr8-gnu-toolchain/bin/../lib/gcc/avr/5.4.0/avr51\libgcc.a(_clear_bss.o)
 .data          0x00000000        0x0 c:/program files (x86)/atmel/studio/7.0/toolchain/avr8/avr8-gnu-toolchain/bin/../lib/gcc/avr/5.4.0/avr51\libgcc.a(_clear_bss.o)
 .bss           0x00000000        0x0 c:/program files (x86)/atmel/studio/7.0/toolchain/avr8/avr8-gnu-toolchain/bin/../lib/gcc/avr/5.4.0/avr51\libgcc.a(_clear_bss.o)
 .text.libgcc.mul
                0x00000000        0x0 c:/program files (x86)/atmel/studio/7.0/toolchain/avr8/avr8-gnu-toolchain/bin/../lib/gcc/avr/5.4.0/avr51\libgcc.a(_clear_bss.o)
 .text.libgcc.div
                0x00000000        0x0 c:/program files (x86)/atmel/studio/7.0/toolchain/avr8/avr8-gnu-toolchain/bin/../lib/gcc/avr/5.4.0/avr51\libgcc.a(_clear_bss.o)
 .text.libgcc   0x00000000        0x0 c:/program files (x86)/atmel/studio/7.0/toolchain/avr8/avr8-gnu-toolchain/bin/../lib/gcc/avr/5.4.0/avr51\libgcc.a(_clear_bss.o)
 .text.libgcc.prologue
                0x00000000        0x0 c:/program files (x86)/atmel/studio/7.0/toolchain/avr8/avr8-gnu-toolchain/bin/../lib/gcc/avr/5.4.0/avr51\libgcc.a(_clear_bss.o)
 .text.libgcc.builtins
                0x00000000        0x0 c:/program files (x86)/atmel/studio/7.0/toolchain/avr8/avr8-gnu-toolchain/bin/../lib/gcc/avr/5.4.0/avr51\libgcc.a(_clear_bss.o)
 .text.libgcc.fmul
                0x00000000        0x0 c:/program files (x86)/atmel/studio/7.0/toolchain/avr8/avr8-gnu-toolchain/bin/../lib/gcc/avr/5.4.0/avr51\libgcc.a(_clear_bss.o)
 .text.libgcc.fixed
                0x00000000        0x0 c:/program files (x86)/atmel/studio/7.0/toolchain/avr8/avr8-gnu-toolchain/bin/../lib/gcc/avr/5.4.0/avr51\libgcc.a(_clear_bss.o)
 .text          0x00000000        0x0 c:/program files (x86)/atmel/studio/7.0/toolchain/avr8/avr8-gnu-toolchain/bin/../lib/gcc/avr/5.4.0/avr51\libgcc.a(_umulhisi3.o)
 .data          0x00000000        0x0 c:/program files (x86)/atmel/studio/7.0/toolchain/avr8/avr8-gnu-toolchain/bin/../lib/gcc/avr/5.4.0/avr51\libgcc.a(_umulhisi3.o)
 .bss           0x00000000        0x0 c:/program files (x86)/atmel/studio/7.0/toolchain/avr8/avr8-gnu-toolchain/bin/../lib/gcc/avr/5.4.0/avr51\libgcc.a(_umulhisi3.o)
 .text.libgcc.div
                0x00000000        0x0 c:/program files (x86)/atmel/studio/7.0/toolchain/avr8/avr8-gnu-toolchain/bin/../lib/gcc/avr/5.4.0/avr51\libgcc.a(_umulhisi3.o)
 .text.libgcc   0x00000000        0x0 c:/program files (x86)/atmel/studio/7.0/toolchain/avr8/avr8-gnu-toolchain/bin/../lib/gcc/avr/5.4.0/avr51\libgcc.a(_umulhisi3.o)
 .text.libgcc.prologue
                0x00000000        0x0 c:/program files (x86)/atmel/studio/7.0/toolchain/avr8/avr8-gnu-toolchain/bin/../lib/gcc/avr/5.4.0/avr51\libgcc.a(_umulhisi3.o)
 .text.libgcc.builtins
                0x00000000        0x0 c:/program files (x86)/atmel/studio/7.0/toolchain/avr8/avr8-gnu-toolchain/bin/../lib/gcc/avr/5.4.0/avr51\libgcc.a(_umulhisi3.o)
 .text.libgcc.fmul
                0x00000000        0x0 c:/program files (x86)/atmel/studio/7.0/toolchain/avr8/avr8-gnu-toolchain/bin/../lib/gcc/avr/5.4.0/avr51\libgcc.a(_umulhisi3.o)
 .text.libgcc.fixed
                0x00000000        0x0 c:/program files (x86)/atmel/studio/7.0/toolchain/avr8/avr8-gnu-toolchain/bin/../lib/gcc/avr/5.4.0/avr51\libgcc.a(_umulhisi3.o)
 .text          0x00000000        0x0 c:/program files (x86)/atmel/studio/7.0/toolchain/avr8/avr8-gnu-toolchain/bin/../lib/gcc/avr/5.4.0/avr51\libgcc.a(_muluhisi3.o)
 .data          0x00000000        0x0 c:/program files (x86)/atmel/studio/7.0/toolchain/avr8/avr8-gnu-toolchain/bin/../lib/gcc/avr/5.4.0/avr51\libgcc.a(_muluhisi3.o)
 .bss           0x00000000        0x0 c:/program files (x86)/atmel/studio/7.0/toolchain/avr8/avr8-gnu-toolchain/bin/../lib/gcc/avr/5.4.0/avr51\libgcc.a(_muluhisi3.o)
 .text.libgcc.div
                0x00000000        0x0 c:/program files (x86)/atmel/studio/7.0/toolchain/avr8/avr8-gnu-toolchain/bin/../lib/gcc/avr/5.4.0/avr51\libgcc.a(_muluhisi3.o)
 .text.libgcc   0x00000000        0x0 c:/program files (x86)/atmel/studio/7.0/toolchain/avr8/avr8-gnu-toolchain/bin/../lib/gcc/avr/5.4.0/avr51\libgcc.a(_muluhisi3.o)
 .text.libgcc.prologue
                0x00000000        0x0 c:/program files (x86)/atmel/studio/7.0/toolchain/avr8/avr8-gnu-toolchain/bin/../lib/gcc/avr/5.4.0/avr51\libgcc.a(_muluhisi3.o)
 .text.libgcc.builtins
                0x00000000        0x0 c:/program files (x86)/atmel/studio/7.0/toolchain/avr8/avr8-gnu-toolchain/bin/../lib/gcc/avr/5.4.0/avr51\libgcc.a(_muluhisi3.o)
 .text.libgcc.fmul
                0x00000000        0x0 c:/program files (x86)/atmel/studio/7.0/toolchain/avr8/avr8-gnu-toolchain/bin/../lib/gcc/avr/5.4.0/avr51\libgcc.a(_muluhisi3.o)
 .text.libgcc.fixed
                0x00000000        0x0 c:/program files (x86)/atmel/studio/7.0/toolchain/avr8/avr8-gnu-toolchain/bin/../lib/gcc/avr/5.4.0/avr51\libgcc.a(_muluhisi3.o)
 .text          0x00000000        0x0 c:/program files (x86)/atmel/studio/7.0/toolchain/avr8/avr8-gnu-toolchain/bin/../lib/gcc/avr/5.4.0/avr51\libgcc.a(_udivmodsi4.o)
 .data          0x00000000        0x0 c:/program files (x86)/atmel/studio/7.0/toolchain/avr8/avr8-gnu-toolchain/bin/../lib/gcc/avr/5.4.0/avr51\libgcc.a(_udivmodsi4.o)
 .bss           0x00000000        0x0 c:/program files (x86)/atmel/studio/7.0/toolchain/avr8/avr8-gnu-toolchain/bin/../lib/gcc/avr/5.4.0/avr51\libgcc.a(_udivmodsi4.o)
 .text.libgcc.mul
                0x00000000        0x0 c:/program files (x86)/atmel/studio/7.0/toolchain/avr8/avr8-gnu-toolchain/bin/../lib/gcc/avr/5.4.0/avr51\libgcc.a(_udivmodsi4.o)
 .text.libgcc   0x00000000        0x0 c:/program files (x86)/atmel/studio/7.0/toolchain/avr8/avr8-gnu-toolchain/bin/../lib/gcc/avr/5.4.0/avr51\libgcc.a(_udivmodsi4.o)
 .text.libgcc.prologue
                0x00000000        0x0 c:/program files (x86)/atmel/studio/7.0/toolchain/avr8/avr8-gnu-toolchain/bin/../lib/gcc/avr/5.4.0/avr51\libgcc.a(_udivmodsi4.o)
 .text.libgcc.builtins
                0x00000000        0x0 c:/program files (x86)/atmel/studio/7.0/toolchain/avr8/avr8-gnu-toolchain/bin/../lib/gcc/avr/5.4.0/avr51\libgcc.a(_udivmodsi4.o)
 .text.libgcc.fmul
                0x00000000        0x0 c:/program files (x86)/atmel/studio/7.0/toolchain/avr8/avr8-gnu-toolchain/bin/../lib/gcc/avr/5.4.0/avr51\libgcc.a(_udivmodsi4.o)
 .text.libgcc.fixed
                0x00000000        0x0 c:/program files (x86)/atmel/studio/7.0/toolchain/avr8/avr8-gnu-toolchain/bin/../lib/gcc/avr/5.4.0/avr51\libgcc.a(_udivmodsi4.o)
 .text          0x00000000        0x0 C:/Program Files (x86)/Atmel/Studio/7.0/Packs/atmel/ATmega_DFP/1.3.300/gcc/dev/atmega128/avr51\libatmega128.a(eerd_block.o)
 .data          0x00000000        0x0 C:/Program Files (x86)/Atmel/Studio/7.0/Packs/atmel/ATmega_DFP/1.3.300/gcc/dev/atmega128/avr51\libatmega128.a(eerd_block.o)
 .bss           0x00000000        0x0 C:/Program Files (x86)/Atmel/Studio/7.0/Packs/atmel/ATmega_DFP/1.3.300/gcc/dev/atmega128/avr51\libatmega128.a(eerd_block.o)
 .text          0x00000000        0x0 C:/Program Files (x86)/Atmel/Studio/7.0/Packs/atmel/ATmega_DFP/1.3.300/gcc/dev/atmega128/avr51\libatmega128.a(eerd_byte.o)
 .data          0x00000000        0x0 C:/Program Files (x86)/Atmel/Studio/7.0/Packs/atmel/ATmega_DFP/1.3.300/gcc/dev/atmega128/avr51\libatmega128.a(eerd_byte.o)
 .bss           0x00000000        0x0 C:/Program Files (x86)/Atmel/Studio/7.0/Packs/atmel/ATmega_DFP/1.3.300/gcc/dev/atmega128/avr51\libatmega128.a(eerd_byte.o)
 .text          0x00000000        0x0 C:/Program Files (x86)/Atmel/Studio/7.0/Packs/atmel/ATmega_DFP/1.3.300/gcc/dev/atmega128/avr51\libatmega128.a(eerd_word.o)
 .data          0x00000000        0x0 C:/Program Files (x86)/Atmel/Studio/7.0/Packs/atmel/ATmega_DFP/1.3.300/gcc/dev/atmega128/avr51\libatmega128.a(eerd_word.o)
 .bss           0x00000000        0x0 C:/Program Files (x86)/Atmel/Studio/7.0/Packs/atmel/ATmega_DFP/1.3.300/gcc/dev/atmega128/avr51\libatmega128.a(eerd_word.o)
 .text          0x00000000        0x0 C:/Program Files (x86)/Atmel/Studio/7.0/Packs/atmel/ATmega_DFP/1.3.300/gcc/dev/atmega128/avr51\libatmega128.a(eeupd_block.o)
 .data          0x00000000        0x0 C:/Program Files (x86)/Atmel/Studio/7.0/Packs/atmel/ATmega_DFP/1.3.300/gcc/dev/atmega128/avr51\libatmega128.a(eeupd_block.o)
 .bss           0x00000000        0x0 C:/Program Files (x86)/Atmel/Studio/7.0/Packs/atmel/ATmega_DFP/1.3.300/gcc/dev/atmega128/avr51\libatmega128.a(eeupd_block.o)
 .text          0x00000000        0x0 C:/Program Files (x86)/Atmel/Studio/7.0/Packs/atmel/ATmega_DFP/1.3.300/gcc/dev/atmega128/avr51\libatmega128.a(eeupd_byte.o)
 .data          0x00000000        0x0 C:/Program Files (x86)/Atmel/Studio/7.0/Packs/atmel/ATmega_DFP/1.3.300/gcc/dev/atmega128/avr51\libatmega128.a(eeupd_byte.o)
 .bss           0x00000000        0x0 C:/Program Files (x86)/Atmel/Studio/7.0/Packs/atmel/ATmega_DFP/1.3.300/gcc/dev/atmega128/avr51\libatmega128.a(eeupd_byte.o)
 .text          0x00000000        0x0 C:/Program Files (x86)/Atmel/Studio/7.0/Packs/atmel/ATmega_DFP/1.3.300/gcc/dev/atmega128/avr51\libatmega128.a(eeupd_dword.o)
 .data          0x00000000        0x0 C:/Program Files (x86)/Atmel/Studio/7.0/Packs/atmel/ATmega_DFP/1.3.300/gcc/dev/atmega128/avr51\libatmega128.a(eeupd_dword.o)
 .bss           0x00000000        0x0 C:/Program Files (x86)/Atmel/Studio/7.0/Packs/atmel/ATmega_DFP/1.3.300/gcc/dev/atmega128/avr51\libatmega128.a(eeupd_dword.o)
 .text          0x00000000        0x0 C:/Program Files (x86)/Atmel/Studio/7.0/Packs/atmel/ATmega_DFP/1.3.300/gcc/dev/atmega128/avr51\libatmega128.a(eeupd_word.o)
 .data          0x00000000        0x0 C:/Program Files (x86)/Atmel/Studio/7.0/Packs/atmel/ATmega_DFP/1.3.300/gcc/dev/atmega128/avr51\libatmega128.a(eeupd_word.o)
 .bss           0x00000000        0x0 C:/Program Files (x86)/Atmel/Studio/7.0/Packs/atmel/ATmega_DFP/1.3.300/gcc/dev/atmega128/avr51\libatmega128.a(eeupd_word.o)
 .text          0x00000000        0x0 C:/Program Files (x86)/Atmel/Studio/7.0/Packs/atmel/ATmega_DFP/1.3.300/gcc/dev/atmega128/avr51\libatmega128.a(eewr_block.o)
 .data          0x00000000        0x0 C:/Program Files (x86)/Atmel/Studio/7.0/Packs/atmel/ATmega_DFP/1.3.300/gcc/dev/atmega128/avr51\libatmega128.a(eewr_block.o)
 .bss           0x00000000        0x0 C:/Program Files (x86)/Atmel/Studio/7.0/Packs/atmel/ATmega_DFP/1.3.300/gcc/dev/atmega128/avr51\libatmega128.a(eewr_block.o)
 .text          0x00000000        0x0 C:/Program Files (x86)/Atmel/Studio/7.0/Packs/atmel/ATmega_DFP/1.3.300/gcc/dev/atmega128/avr51\libatmega128.a(eewr_byte.o)
 .data          0x00000000        0x0 C:/Program Files (x86)/Atmel/Studio/7.0/Packs/atmel/ATmega_DFP/1.3.300/gcc/dev/atmega128/avr51\libatmega128.a(eewr_byte.o)
 .bss           0x00000000        0x0 C:/Program Files (x86)/Atmel/Studio/7.0/Packs/atmel/ATmega_DFP/1.3.300/gcc/dev/atmega128/avr51\libatmega128.a(eewr_byte.o)
 .text          0x00000000        0x0 C:/Program Files (x86)/Atmel/Studio/7.0/Packs/atmel/ATmega_DFP/1.3.300/gcc/dev/atmega128/avr51\libatmega128.a(eewr_dword.o)
 .data          0x00000000        0x0 C:/Program Files (x86)/Atmel/Studio/7.0/Packs/atmel/ATmega_DFP/1.3.300/gcc/dev/atmega128/avr51\libatmega128.a(eewr_dword.o)
 .bss           0x00000000        0x0 C:/Program Files (x86)/Atmel/Studio/7.0/Packs/atmel/ATmega_DFP/1.3.300/gcc/dev/atmega128/avr51\libatmega128.a(eewr_dword.o)
 .text          0x00000000        0x0 C:/Program Files (x86)/Atmel/Studio/7.0/Packs/atmel/ATmega_DFP/1.3.300/gcc/dev/atmega128/avr51\libatmega128.a(eewr_word.o)
 .data          0x00000000        0x0 C:/Program Files (x86)/Atmel/Studio/7.0/Packs/atmel/ATmega_DFP/1.3.300/gcc/dev/atmega128/avr51\libatmega128.a(eewr_word.o)
 .bss           0x00000000        0x0 C:/Program Files (x86)/Atmel/Studio/7.0/Packs/atmel/ATmega_DFP/1.3.300/gcc/dev/atmega128/avr51\libatmega128.a(eewr_word.o)

Memory Configuration

Name             Origin             Length             Attributes
text             0x00000000         0x00020000         xr
data             0x00800100         0x0000ff00         rw !x
eeprom           0x00810000         0x00010000         rw !x
fuse             0x00820000         0x00000003         rw !x
lock             0x00830000         0x00000400         rw !x
signature        0x00840000         0x00000400         rw !x
user_signatures  0x00850000         0x00000400         rw !x
*default*        0x00000000         0xffffffff

Linker script and memory map

Address of section .data set to 0x800100
LOAD C:/Program Files (x86)/Atmel/Studio/7.0/Packs/atmel/ATmega_DFP/1.3.300/gcc/dev/atmega128/avr51/crtatmega128.o
LOAD Libraria/74hc595.o
LOAD Libraria/atmega128analog.o
LOAD Libraria/atmega128interrupt.o
LOAD Libraria/atmega128spi.o
LOAD Libraria/atmega128timer.o
LOAD Libraria/atmega128uart.o
LOAD Libraria/clock.o
LOAD Libraria/eeprom.o
LOAD Libraria/function.o
LOAD Libraria/keypad.o
LOAD Libraria/lcd.o
LOAD Libraria/lfsm.o
LOAD Libraria/pcf8563rtc.o
LOAD Libraria/rotenc.o
LOAD main.o
START GROUP
LOAD c:/program files (x86)/atmel/studio/7.0/toolchain/avr8/avr8-gnu-toolchain/bin/../lib/gcc/avr/5.4.0/../../../../avr/lib/avr51\libm.a
END GROUP
START GROUP
LOAD c:/program files (x86)/atmel/studio/7.0/toolchain/avr8/avr8-gnu-toolchain/bin/../lib/gcc/avr/5.4.0/avr51\libgcc.a
LOAD c:/program files (x86)/atmel/studio/7.0/toolchain/avr8/avr8-gnu-toolchain/bin/../lib/gcc/avr/5.4.0/../../../../avr/lib/avr51\libm.a
LOAD c:/program files (x86)/atmel/studio/7.0/toolchain/avr8/avr8-gnu-toolchain/bin/../lib/gcc/avr/5.4.0/../../../../avr/lib/avr51\libc.a
LOAD C:/Program Files (x86)/Atmel/Studio/7.0/Packs/atmel/ATmega_DFP/1.3.300/gcc/dev/atmega128/avr51\libatmega128.a
END GROUP
                0x00000000                __TEXT_REGION_ORIGIN__ = DEFINED (__TEXT_REGION_ORIGIN__)?__TEXT_REGION_ORIGIN__:0x0
                0x00800100                __DATA_REGION_ORIGIN__ = DEFINED (__DATA_REGION_ORIGIN__)?__DATA_REGION_ORIGIN__:0x800100
                0x00020000                __TEXT_REGION_LENGTH__ = DEFINED (__TEXT_REGION_LENGTH__)?__TEXT_REGION_LENGTH__:0x20000
                0x0000ff00                __DATA_REGION_LENGTH__ = DEFINED (__DATA_REGION_LENGTH__)?__DATA_REGION_LENGTH__:0xff00
                0x00010000                __EEPROM_REGION_LENGTH__ = DEFINED (__EEPROM_REGION_LENGTH__)?__EEPROM_REGION_LENGTH__:0x10000
                [0x00000003]                __FUSE_REGION_LENGTH__ = DEFINED (__FUSE_REGION_LENGTH__)?__FUSE_REGION_LENGTH__:0x400
                0x00000400                __LOCK_REGION_LENGTH__ = DEFINED (__LOCK_REGION_LENGTH__)?__LOCK_REGION_LENGTH__:0x400
                0x00000400                __SIGNATURE_REGION_LENGTH__ = DEFINED (__SIGNATURE_REGION_LENGTH__)?__SIGNATURE_REGION_LENGTH__:0x400
                0x00000400                __USER_SIGNATURE_REGION_LENGTH__ = DEFINED (__USER_SIGNATURE_REGION_LENGTH__)?__USER_SIGNATURE_REGION_LENGTH__:0x400

.hash
 *(.hash)

.dynsym
 *(.dynsym)

.dynstr
 *(.dynstr)

.gnu.version
 *(.gnu.version)

.gnu.version_d
 *(.gnu.version_d)

.gnu.version_r
 *(.gnu.version_r)

.rel.init
 *(.rel.init)

.rela.init
 *(.rela.init)

.rel.text
 *(.rel.text)
 *(.rel.text.*)
 *(.rel.gnu.linkonce.t*)

.rela.text
 *(.rela.text)
 *(.rela.text.*)
 *(.rela.gnu.linkonce.t*)

.rel.fini
 *(.rel.fini)

.rela.fini
 *(.rela.fini)

.rel.rodata
 *(.rel.rodata)
 *(.rel.rodata.*)
 *(.rel.gnu.linkonce.r*)

.rela.rodata
 *(.rela.rodata)
 *(.rela.rodata.*)
 *(.rela.gnu.linkonce.r*)

.rel.data
 *(.rel.data)
 *(.rel.data.*)
 *(.rel.gnu.linkonce.d*)

.rela.data
 *(.rela.data)
 *(.rela.data.*)
 *(.rela.gnu.linkonce.d*)

.rel.ctors
 *(.rel.ctors)

.rela.ctors
 *(.rela.ctors)

.rel.dtors
 *(.rel.dtors)

.rela.dtors
 *(.rela.dtors)

.rel.got
 *(.rel.got)

.rela.got
 *(.rela.got)

.rel.bss
 *(.rel.bss)

.rela.bss
 *(.rela.bss)

.rel.plt
 *(.rel.plt)

.rela.plt
 *(.rela.plt)

.text           0x00000000     0x2e18
 *(.vectors)
 .vectors       0x00000000       0x8c C:/Program Files (x86)/Atmel/Studio/7.0/Packs/atmel/ATmega_DFP/1.3.300/gcc/dev/atmega128/avr51/crtatmega128.o
                0x00000000                __vector_default
                0x00000000                __vectors
 *(.vectors)
 *(.progmem.gcc*)
 .progmem.gcc_sw_table.main
                0x0000008c       0x6a main.o
                0x000000f6                . = ALIGN (0x2)
                0x000000f6                __trampolines_start = .
 *(.trampolines)
 .trampolines   0x000000f6        0x0 linker stubs
 *(.trampolines*)
                0x000000f6                __trampolines_end = .
 *libprintf_flt.a:*(.progmem.data)
 *libc.a:*(.progmem.data)
 *(.progmem*)
                0x000000f6                . = ALIGN (0x2)
 *(.jumptables)
 *(.jumptables*)
 *(.lowtext)
 *(.lowtext*)
                0x000000f6                __ctors_start = .
 *(.ctors)
                0x000000f6                __ctors_end = .
                0x000000f6                __dtors_start = .
 *(.dtors)
                0x000000f6                __dtors_end = .
 SORT(*)(.ctors)
 SORT(*)(.dtors)
 *(.init0)
 .init0         0x000000f6        0x0 C:/Program Files (x86)/Atmel/Studio/7.0/Packs/atmel/ATmega_DFP/1.3.300/gcc/dev/atmega128/avr51/crtatmega128.o
                0x000000f6                __init
 *(.init0)
 *(.init1)
 *(.init1)
 *(.init2)
 .init2         0x000000f6        0xc C:/Program Files (x86)/Atmel/Studio/7.0/Packs/atmel/ATmega_DFP/1.3.300/gcc/dev/atmega128/avr51/crtatmega128.o
 *(.init2)
 *(.init3)
 *(.init3)
 *(.init4)
 .init4         0x00000102       0x1a c:/program files (x86)/atmel/studio/7.0/toolchain/avr8/avr8-gnu-toolchain/bin/../lib/gcc/avr/5.4.0/avr51\libgcc.a(_copy_data.o)
                0x00000102                __do_copy_data
 .init4         0x0000011c       0x10 c:/program files (x86)/atmel/studio/7.0/toolchain/avr8/avr8-gnu-toolchain/bin/../lib/gcc/avr/5.4.0/avr51\libgcc.a(_clear_bss.o)
                0x0000011c                __do_clear_bss
 *(.init4)
 *(.init5)
 *(.init5)
 *(.init6)
 *(.init6)
 *(.init7)
 *(.init7)
 *(.init8)
 *(.init8)
 *(.init9)
 .init9         0x0000012c        0x8 C:/Program Files (x86)/Atmel/Studio/7.0/Packs/atmel/ATmega_DFP/1.3.300/gcc/dev/atmega128/avr51/crtatmega128.o
 *(.init9)
 *(.text)
 .text          0x00000134        0x2 C:/Program Files (x86)/Atmel/Studio/7.0/Packs/atmel/ATmega_DFP/1.3.300/gcc/dev/atmega128/avr51/crtatmega128.o
                0x00000134                __vector_22
                0x00000134                __vector_32
                0x00000134                __vector_34
                0x00000134                __bad_interrupt
                0x00000134                __vector_23
                0x00000134                __vector_33
                0x00000134                __vector_9
                0x00000134                __vector_15
                0x00000134                __vector_20
                0x00000136                . = ALIGN (0x2)
 *(.text.*)
 .text.HC595_shift_bit
                0x00000136       0x8a Libraria/74hc595.o
                0x00000136                HC595_shift_bit
 .text.HC595_shift_out
                0x000001c0       0x42 Libraria/74hc595.o
                0x000001c0                HC595_shift_out
 .text.HC595_shift_byte
                0x00000202       0x3c Libraria/74hc595.o
                0x00000202                HC595_shift_byte
 .text.HC595enable
                0x0000023e       0xb2 Libraria/74hc595.o
                0x0000023e                HC595enable
 .text.__vector_21
                0x000002f0      0x11c Libraria/atmega128analog.o
                0x000002f0                __vector_21
 .text.__vector_1
                0x0000040c       0x14 Libraria/atmega128interrupt.o
                0x0000040c                __vector_1
 .text.__vector_2
                0x00000420       0x14 Libraria/atmega128interrupt.o
                0x00000420                __vector_2
 .text.__vector_3
                0x00000434       0x14 Libraria/atmega128interrupt.o
                0x00000434                __vector_3
 .text.__vector_4
                0x00000448       0x14 Libraria/atmega128interrupt.o
                0x00000448                __vector_4
 .text.__vector_5
                0x0000045c       0x14 Libraria/atmega128interrupt.o
                0x0000045c                __vector_5
 .text.__vector_6
                0x00000470       0x14 Libraria/atmega128interrupt.o
                0x00000470                __vector_6
 .text.__vector_7
                0x00000484       0x14 Libraria/atmega128interrupt.o
                0x00000484                __vector_7
 .text.__vector_8
                0x00000498       0x14 Libraria/atmega128interrupt.o
                0x00000498                __vector_8
 .text.__vector_17
                0x000004ac       0x14 Libraria/atmega128spi.o
                0x000004ac                __vector_17
 .text.__vector_16
                0x000004c0       0x14 Libraria/atmega128timer.o
                0x000004c0                __vector_16
 .text.__vector_11
                0x000004d4       0x14 Libraria/atmega128timer.o
                0x000004d4                __vector_11
 .text.__vector_12
                0x000004e8       0x14 Libraria/atmega128timer.o
                0x000004e8                __vector_12
 .text.__vector_13
                0x000004fc       0x14 Libraria/atmega128timer.o
                0x000004fc                __vector_13
 .text.__vector_24
                0x00000510       0x14 Libraria/atmega128timer.o
                0x00000510                __vector_24
 .text.__vector_14
                0x00000524       0x14 Libraria/atmega128timer.o
                0x00000524                __vector_14
 .text.__vector_10
                0x00000538       0x14 Libraria/atmega128timer.o
                0x00000538                __vector_10
 .text.__vector_25
                0x0000054c       0x14 Libraria/atmega128timer.o
                0x0000054c                __vector_25
 .text.__vector_26
                0x00000560       0x14 Libraria/atmega128timer.o
                0x00000560                __vector_26
 .text.__vector_27
                0x00000574       0x14 Libraria/atmega128timer.o
                0x00000574                __vector_27
 .text.__vector_28
                0x00000588       0x14 Libraria/atmega128timer.o
                0x00000588                __vector_28
 .text.__vector_29
                0x0000059c       0x14 Libraria/atmega128timer.o
                0x0000059c                __vector_29
 .text.__vector_18
                0x000005b0       0x6c Libraria/atmega128uart.o
                0x000005b0                __vector_18
 .text.__vector_19
                0x0000061c       0x52 Libraria/atmega128uart.o
                0x0000061c                __vector_19
 .text.__vector_30
                0x0000066e       0x72 Libraria/atmega128uart.o
                0x0000066e                __vector_30
 .text.__vector_31
                0x000006e0       0x5c Libraria/atmega128uart.o
                0x000006e0                __vector_31
 .text.EEPROMenable
                0x0000073c       0x66 Libraria/eeprom.o
                0x0000073c                EEPROMenable
 .text.FUNCpinmatch
                0x000007a2       0x14 Libraria/function.o
                0x000007a2                FUNCpinmatch
 .text.FUNChmerge
                0x000007b6        0x4 Libraria/function.o
                0x000007b6                FUNChmerge
 .text.FUNClmerge
                0x000007ba        0x4 Libraria/function.o
                0x000007ba                FUNClmerge
 .text.FUNChh   0x000007be        0x4 Libraria/function.o
                0x000007be                FUNChh
 .text.FUNCll   0x000007c2        0x6 Libraria/function.o
                0x000007c2                FUNCll
 .text.FUNClh   0x000007c8        0x6 Libraria/function.o
                0x000007c8                FUNClh
 .text.FUNChl   0x000007ce        0x6 Libraria/function.o
                0x000007ce                FUNChl
 .text.FUNCdiff
                0x000007d4        0x4 Libraria/function.o
                0x000007d4                FUNCdiff
 .text.FUNCswap
                0x000007d8       0x42 Libraria/function.o
                0x000007d8                FUNCswap
 .text.FUNCcopy
                0x0000081a       0x1c Libraria/function.o
                0x0000081a                FUNCcopy
 .text.FUNCsqueeze
                0x00000836       0x44 Libraria/function.o
                0x00000836                FUNCsqueeze
 .text.FUNCshellsort
                0x0000087a      0x14c Libraria/function.o
                0x0000087a                FUNCshellsort
 .text.FUNCpmax
                0x000009c6        0xa Libraria/function.o
                0x000009c6                FUNCpmax
 .text.FUNCgcd  0x000009d0       0x1e Libraria/function.o
                0x000009d0                FUNCgcd
 .text.FUNCstrToInt
                0x000009ee       0x48 Libraria/function.o
                0x000009ee                FUNCstrToInt
 .text.FUNCfilter
                0x00000a36        0x4 Libraria/function.o
                0x00000a36                FUNCfilter
 .text.FUNCticks
                0x00000a3a       0x14 Libraria/function.o
                0x00000a3a                FUNCticks
 .text.FUNCtwocomptoint8bit
                0x00000a4e       0x1a Libraria/function.o
                0x00000a4e                FUNCtwocomptoint8bit
 .text.FUNCtwocomptoint10bit
                0x00000a68       0x18 Libraria/function.o
                0x00000a68                FUNCtwocomptoint10bit
 .text.FUNCtwocomptointnbit
                0x00000a80       0x30 Libraria/function.o
                0x00000a80                FUNCtwocomptointnbit
 .text.FUNCdec2bcd
                0x00000ab0       0x26 Libraria/function.o
                0x00000ab0                FUNCdec2bcd
 .text.FUNCbcd2dec
                0x00000ad6       0x16 Libraria/function.o
                0x00000ad6                FUNCbcd2dec
 .text.FUNCresizestr
                0x00000aec       0x5a Libraria/function.o
                0x00000aec                FUNCresizestr
 .text.FUNCtrimmer
                0x00000b46       0x82 Libraria/function.o
                0x00000b46                FUNCtrimmer
 .text.Pwr      0x00000bc8       0x36 Libraria/function.o
                0x00000bc8                Pwr
 .text.StringLength
                0x00000bfe       0x1e Libraria/function.o
                0x00000bfe                StringLength
 .text.FUNCtrim
                0x00000c1c       0x36 Libraria/function.o
                0x00000c1c                FUNCtrim
 .text.Reverse  0x00000c52       0x3a Libraria/function.o
                0x00000c52                Reverse
 .text.FUNCi32toa
                0x00000c8c       0xb6 Libraria/function.o
                0x00000c8c                FUNCi32toa
 .text.FUNCi16toa
                0x00000d42       0x72 Libraria/function.o
                0x00000d42                FUNCi16toa
 .text.FUNCui16toa
                0x00000db4       0x7c Libraria/function.o
                0x00000db4                FUNCui16toa
 .text.FUNCbcd2bin
                0x00000e30       0x16 Libraria/function.o
                0x00000e30                FUNCbcd2bin
 .text.FUNCbin2bcd
                0x00000e46       0x42 Libraria/function.o
                0x00000e46                FUNCbin2bcd
 .text.FUNCgcd1
                0x00000e88       0xa0 Libraria/function.o
                0x00000e88                FUNCgcd1
 .text.FUNCpincheck
                0x00000f28       0x10 Libraria/function.o
                0x00000f28                FUNCpincheck
 .text.FUNCprint_binary
                0x00000f38       0x2c Libraria/function.o
                0x00000f38                FUNCprint_binary
 .text.FUNCmayia
                0x00000f64       0x46 Libraria/function.o
                0x00000f64                FUNCmayia
 .text.FUNCenable
                0x00000faa      0x14e Libraria/function.o
                0x00000faa                FUNCenable
 .text.KEYPAD_get
                0x000010f8       0x40 Libraria/keypad.o
                0x000010f8                KEYPAD_get
 .text.KEYPAD_flush
                0x00001138       0x1a Libraria/keypad.o
                0x00001138                KEYPAD_flush
 .text.KEYPAD_getkey
                0x00001152      0x25a Libraria/keypad.o
                0x00001152                KEYPAD_getkey
 .text.KEYPAD_read
                0x000013ac       0xb2 Libraria/keypad.o
                0x000013ac                KEYPAD_read
 .text.KEYPADenable
                0x0000145e       0xb6 Libraria/keypad.o
                0x0000145e                KEYPADenable
 .text.LCD0_write
                0x00001514      0x188 Libraria/lcd.o
                0x00001514                LCD0_write
 .text.LCD0_read
                0x0000169c       0xf6 Libraria/lcd.o
                0x0000169c                LCD0_read
 .text.LCD0_BF  0x00001792       0x24 Libraria/lcd.o
                0x00001792                LCD0_BF
 .text.LCD0_putch
                0x000017b6        0xa Libraria/lcd.o
                0x000017b6                LCD0_putch
 .text.LCD0_getch
                0x000017c0       0x12 Libraria/lcd.o
                0x000017c0                LCD0_getch
 .text.LCD0_string
                0x000017d2       0x22 Libraria/lcd.o
                0x000017d2                LCD0_string
 .text.LCD0_string_size
                0x000017f4       0x5e Libraria/lcd.o
                0x000017f4                LCD0_string_size
 .text.LCD0_hspace
                0x00001852       0x1a Libraria/lcd.o
                0x00001852                LCD0_hspace
 .text.LCD0_gotoxy
                0x0000186c       0x4e Libraria/lcd.o
                0x0000186c                LCD0_gotoxy
 .text.LCD0_clear
                0x000018ba       0x16 Libraria/lcd.o
                0x000018ba                LCD0_clear
 .text.LCD0_inic
                0x000018d0       0x8c Libraria/lcd.o
                0x000018d0                LCD0_inic
 .text.LCD0enable
                0x0000195c       0xae Libraria/lcd.o
                0x0000195c                LCD0enable
 .text.LCD0_reboot
                0x00001a0a       0x22 Libraria/lcd.o
                0x00001a0a                LCD0_reboot
 .text.LFSMquant
                0x00001a2c       0x8c Libraria/lfsm.o
                0x00001a2c                LFSMquant
 .text.LFSMdeleteall
                0x00001ab8       0xb2 Libraria/lfsm.o
                0x00001ab8                LFSMdeleteall
 .text.LFSMgetoutput
                0x00001b6a        0x8 Libraria/lfsm.o
                0x00001b6a                LFSMgetoutput
 .text.LFSMgetstatus
                0x00001b72        0x6 Libraria/lfsm.o
                0x00001b72                LFSMgetstatus
 .text.LFSMsetoutput
                0x00001b78        0xa Libraria/lfsm.o
                0x00001b78                LFSMsetoutput
 .text.LFSMgetpage
                0x00001b82        0x6 Libraria/lfsm.o
                0x00001b82                LFSMgetpage
 .text.LFSMsetpage
                0x00001b88        0x6 Libraria/lfsm.o
                0x00001b88                LFSMsetpage
 .text.LFSMread
                0x00001b8e      0x312 Libraria/lfsm.o
                0x00001b8e                LFSMread
 .text.LFSMremove
                0x00001ea0      0x292 Libraria/lfsm.o
                0x00001ea0                LFSMremove
 .text.LFSMlearn
                0x00002132      0x232 Libraria/lfsm.o
                0x00002132                LFSMlearn
 .text.LFSMenable
                0x00002364       0x68 Libraria/lfsm.o
                0x00002364                LFSMenable
 .text.PORTINIT
                0x000023cc        0x8 main.o
                0x000023cc                PORTINIT
 .text.main     0x000023d4      0x846 main.o
                0x000023d4                main
 .text.libgcc.mul
                0x00002c1a       0x1e c:/program files (x86)/atmel/studio/7.0/toolchain/avr8/avr8-gnu-toolchain/bin/../lib/gcc/avr/5.4.0/avr51\libgcc.a(_mulsi3.o)
                0x00002c1a                __mulsi3
 .text.libgcc.div
                0x00002c38       0x28 c:/program files (x86)/atmel/studio/7.0/toolchain/avr8/avr8-gnu-toolchain/bin/../lib/gcc/avr/5.4.0/avr51\libgcc.a(_udivmodhi4.o)
                0x00002c38                __udivmodhi4
 .text.libgcc.div
                0x00002c60       0x26 c:/program files (x86)/atmel/studio/7.0/toolchain/avr8/avr8-gnu-toolchain/bin/../lib/gcc/avr/5.4.0/avr51\libgcc.a(_divmodhi4.o)
                0x00002c60                _div
                0x00002c60                __divmodhi4
 .text.libgcc.div
                0x00002c86       0x28 c:/program files (x86)/atmel/studio/7.0/toolchain/avr8/avr8-gnu-toolchain/bin/../lib/gcc/avr/5.4.0/avr51\libgcc.a(_divmodsi4.o)
                0x00002c86                __divmodsi4
 .text.libgcc.div
                0x00002cae       0x10 c:/program files (x86)/atmel/studio/7.0/toolchain/avr8/avr8-gnu-toolchain/bin/../lib/gcc/avr/5.4.0/avr51\libgcc.a(_negsi2.o)
                0x00002cae                __negsi2
 .text.libgcc   0x00002cbe       0x12 c:/program files (x86)/atmel/studio/7.0/toolchain/avr8/avr8-gnu-toolchain/bin/../lib/gcc/avr/5.4.0/avr51\libgcc.a(_tablejump2.o)
                0x00002cbe                __tablejump2__
 .text.libgcc.mul
                0x00002cd0       0x1e c:/program files (x86)/atmel/studio/7.0/toolchain/avr8/avr8-gnu-toolchain/bin/../lib/gcc/avr/5.4.0/avr51\libgcc.a(_umulhisi3.o)
                0x00002cd0                __umulhisi3
 .text.libgcc.mul
                0x00002cee       0x14 c:/program files (x86)/atmel/studio/7.0/toolchain/avr8/avr8-gnu-toolchain/bin/../lib/gcc/avr/5.4.0/avr51\libgcc.a(_muluhisi3.o)
                0x00002cee                __muluhisi3
 .text.libgcc.div
                0x00002d02       0x44 c:/program files (x86)/atmel/studio/7.0/toolchain/avr8/avr8-gnu-toolchain/bin/../lib/gcc/avr/5.4.0/avr51\libgcc.a(_udivmodsi4.o)
                0x00002d02                __udivmodsi4
 .text.avr-libc
                0x00002d46       0x20 C:/Program Files (x86)/Atmel/Studio/7.0/Packs/atmel/ATmega_DFP/1.3.300/gcc/dev/atmega128/avr51\libatmega128.a(eerd_block.o)
                0x00002d46                eeprom_read_block
                0x00002d4a                eeprom_read_blraw
 .text.avr-libc
                0x00002d66       0x10 C:/Program Files (x86)/Atmel/Studio/7.0/Packs/atmel/ATmega_DFP/1.3.300/gcc/dev/atmega128/avr51\libatmega128.a(eerd_byte.o)
                0x00002d66                eeprom_read_byte
 .text.avr-libc
                0x00002d76        0xa C:/Program Files (x86)/Atmel/Studio/7.0/Packs/atmel/ATmega_DFP/1.3.300/gcc/dev/atmega128/avr51\libatmega128.a(eerd_word.o)
                0x00002d76                eeprom_read_word
 .text.avr-libc
                0x00002d80       0x1e C:/Program Files (x86)/Atmel/Studio/7.0/Packs/atmel/ATmega_DFP/1.3.300/gcc/dev/atmega128/avr51\libatmega128.a(eeupd_block.o)
                0x00002d80                eeprom_update_block
 .text.avr-libc
                0x00002d9e       0x22 C:/Program Files (x86)/Atmel/Studio/7.0/Packs/atmel/ATmega_DFP/1.3.300/gcc/dev/atmega128/avr51\libatmega128.a(eeupd_byte.o)
                0x00002d9e                eeprom_update_byte
                0x00002da0                eeprom_update_r18
 .text.avr-libc
                0x00002dc0       0x10 C:/Program Files (x86)/Atmel/Studio/7.0/Packs/atmel/ATmega_DFP/1.3.300/gcc/dev/atmega128/avr51\libatmega128.a(eeupd_dword.o)
                0x00002dc0                eeprom_update_float
                0x00002dc0                eeprom_update_dword
 .text.avr-libc
                0x00002dd0        0x8 C:/Program Files (x86)/Atmel/Studio/7.0/Packs/atmel/ATmega_DFP/1.3.300/gcc/dev/atmega128/avr51\libatmega128.a(eeupd_word.o)
                0x00002dd0                eeprom_update_word
 .text.avr-libc
                0x00002dd8       0x12 C:/Program Files (x86)/Atmel/Studio/7.0/Packs/atmel/ATmega_DFP/1.3.300/gcc/dev/atmega128/avr51\libatmega128.a(eewr_block.o)
                0x00002dd8                eeprom_write_block
 .text.avr-libc
                0x00002dea       0x1a C:/Program Files (x86)/Atmel/Studio/7.0/Packs/atmel/ATmega_DFP/1.3.300/gcc/dev/atmega128/avr51\libatmega128.a(eewr_byte.o)
                0x00002dea                eeprom_write_byte
                0x00002dec                eeprom_write_r18
 .text.avr-libc
                0x00002e04        0xa C:/Program Files (x86)/Atmel/Studio/7.0/Packs/atmel/ATmega_DFP/1.3.300/gcc/dev/atmega128/avr51\libatmega128.a(eewr_dword.o)
                0x00002e04                eeprom_write_dword
                0x00002e04                eeprom_write_float
 .text.avr-libc
                0x00002e0e        0x6 C:/Program Files (x86)/Atmel/Studio/7.0/Packs/atmel/ATmega_DFP/1.3.300/gcc/dev/atmega128/avr51\libatmega128.a(eewr_word.o)
                0x00002e0e                eeprom_write_word
                0x00002e14                . = ALIGN (0x2)
 *(.fini9)
 .fini9         0x00002e14        0x0 c:/program files (x86)/atmel/studio/7.0/toolchain/avr8/avr8-gnu-toolchain/bin/../lib/gcc/avr/5.4.0/avr51\libgcc.a(_exit.o)
                0x00002e14                _exit
                0x00002e14                exit
 *(.fini9)
 *(.fini8)
 *(.fini8)
 *(.fini7)
 *(.fini7)
 *(.fini6)
 *(.fini6)
 *(.fini5)
 *(.fini5)
 *(.fini4)
 *(.fini4)
 *(.fini3)
 *(.fini3)
 *(.fini2)
 *(.fini2)
 *(.fini1)
 *(.fini1)
 *(.fini0)
 .fini0         0x00002e14        0x4 c:/program files (x86)/atmel/studio/7.0/toolchain/avr8/avr8-gnu-toolchain/bin/../lib/gcc/avr/5.4.0/avr51\libgcc.a(_exit.o)
 *(.fini0)
                0x00002e18                _etext = .

.data           0x00800100       0xcc load address 0x00002e18
                0x00800100                PROVIDE (__data_start, .)
 *(.data)
 *(.data*)
 .data.keypadvalue
                0x00800100       0x10 Libraria/keypad.o
                0x00800100                keypadvalue
 *(.gnu.linkonce.d*)
 *(.rodata)
 .rodata        0x00800110        0x2 Libraria/keypad.o
 *(.rodata*)
 .rodata.str1.1
                0x00800112       0xb9 main.o
 *(.gnu.linkonce.r*)
                0x008001cc                . = ALIGN (0x2)
 *fill*         0x008001cb        0x1 
                0x008001cc                _edata = .
                0x008001cc                PROVIDE (__data_end, .)

.bss            0x008001cc      0x228
                0x008001cc                PROVIDE (__bss_start, .)
 *(.bss)
 *(.bss*)
 .bss.adc_n_sample
                0x008001cc        0x1 Libraria/atmega128analog.o
 .bss.adc_tmp   0x008001cd        0x2 Libraria/atmega128analog.o
 .bss.adc_sample
                0x008001cf        0x2 Libraria/atmega128analog.o
 .bss.ADC_SELECTOR
                0x008001d1        0x2 Libraria/atmega128analog.o
 .bss.ADC_N_CHANNEL
                0x008001d3        0x2 Libraria/atmega128analog.o
 .bss.ADC_CHANNEL_GAIN
                0x008001d5       0x10 Libraria/atmega128analog.o
 .bss.ADC_VALUE
                0x008001e5       0x10 Libraria/atmega128analog.o
 .bss.string    0x008001f5        0x2 main.o
                0x008001f5                string
 *(COMMON)
 COMMON         0x008001f7        0x7 Libraria/74hc595.o
                0x008001f7                hc595_DDR
                0x008001f9                hc595_PORT
                0x008001fb                HC595_datapin
                0x008001fc                HC595_outpin
                0x008001fd                HC595_clkpin
 COMMON         0x008001fe      0x18d Libraria/atmega128uart.o
                0x008001fe                uart_msg
                0x0080023e                UART_TxHead
                0x0080023f                UART_LastRxError
                0x00800240                UART1_TxTail
                0x00800241                UART1_RxBuf
                0x00800281                uart1_index
                0x00800283                UART_TxTail
                0x00800284                UART1_RxHead
                0x00800285                UART1_LastRxError
                0x00800286                UART1_TxHead
                0x00800287                uart1_msg
                0x008002c7                uart_index
                0x008002c8                UART1_TxBuf
                0x00800308                UART_TxBuf
                0x00800348                UART_RxHead
                0x00800349                UART_RxTail
                0x0080034a                UART1_RxTail
                0x0080034b                UART_RxBuf
 COMMON         0x0080038b       0x15 Libraria/function.o
                0x0080038b                FUNCstr
 COMMON         0x008003a0       0x25 Libraria/keypad.o
                0x008003a0                keypad_PORT
                0x008003a2                KEYPAD_char
                0x008003a3                keypad_dataf
                0x008003a7                keypad_datai
                0x008003ab                KEYPADSTRINGINDEX
                0x008003ac                keypad_PIN
                0x008003ae                keypad_DDR
                0x008003b0                KEYPAD_string
 COMMON         0x008003c5        0xe Libraria/lcd.o
                0x008003c5                lcd0_PIN
                0x008003c7                lcd1_DDR
                0x008003c9                lcd1_detect
                0x008003ca                lcd1_PIN
                0x008003cc                lcd0_DDR
                0x008003ce                lcd0_detect
                0x008003cf                lcd0_PORT
                0x008003d1                lcd1_PORT
 COMMON         0x008003d3       0x21 Libraria/lfsm.o
                0x008003d3                tmp2
                0x008003de                data
                0x008003e9                tmp1
                0x008003f4                PROVIDE (__bss_end, .)
                0x00002e18                __data_load_start = LOADADDR (.data)
                0x00002ee4                __data_load_end = (__data_load_start + SIZEOF (.data))

.noinit         0x008003f4        0x0
                [!provide]                PROVIDE (__noinit_start, .)
 *(.noinit*)
                [!provide]                PROVIDE (__noinit_end, .)
                0x008003f4                _end = .
                [!provide]                PROVIDE (__heap_start, .)

.eeprom         0x00810000        0x0
 *(.eeprom*)
                0x00810000                __eeprom_end = .

.fuse
 *(.fuse)
 *(.lfuse)
 *(.hfuse)
 *(.efuse)

.lock
 *(.lock*)

.signature
 *(.signature*)

.user_signatures
 *(.user_signatures*)

.stab
 *(.stab)

.stabstr
 *(.stabstr)

.stab.excl
 *(.stab.excl)

.stab.exclstr
 *(.stab.exclstr)

.stab.index
 *(.stab.index)

.stab.indexstr
 *(.stab.indexstr)

.comment        0x00000000       0x30
 *(.comment)
 .comment       0x00000000       0x30 Libraria/74hc595.o
                                 0x31 (size before relaxing)
 .comment       0x00000030       0x31 Libraria/atmega128analog.o
 .comment       0x00000030       0x31 Libraria/atmega128interrupt.o
 .comment       0x00000030       0x31 Libraria/atmega128spi.o
 .comment       0x00000030       0x31 Libraria/atmega128timer.o
 .comment       0x00000030       0x31 Libraria/atmega128uart.o
 .comment       0x00000030       0x31 Libraria/eeprom.o
 .comment       0x00000030       0x31 Libraria/function.o
 .comment       0x00000030       0x31 Libraria/keypad.o
 .comment       0x00000030       0x31 Libraria/lcd.o
 .comment       0x00000030       0x31 Libraria/lfsm.o
 .comment       0x00000030       0x31 main.o

.note.gnu.avr.deviceinfo
                0x00000000       0x3c
 .note.gnu.avr.deviceinfo
                0x00000000       0x3c C:/Program Files (x86)/Atmel/Studio/7.0/Packs/atmel/ATmega_DFP/1.3.300/gcc/dev/atmega128/avr51/crtatmega128.o

.note.gnu.build-id
 *(.note.gnu.build-id)

.debug
 *(.debug)

.line
 *(.line)

.debug_srcinfo
 *(.debug_srcinfo)

.debug_sfnames
 *(.debug_sfnames)

.debug_aranges  0x00000000      0x820
 *(.debug_aranges)
 .debug_aranges
                0x00000000       0x38 Libraria/74hc595.o
 .debug_aranges
                0x00000038       0x30 Libraria/atmega128analog.o
 .debug_aranges
                0x00000068       0x78 Libraria/atmega128interrupt.o
 .debug_aranges
                0x000000e0       0x48 Libraria/atmega128spi.o
 .debug_aranges
                0x00000128      0x158 Libraria/atmega128timer.o
 .debug_aranges
                0x00000280       0xc8 Libraria/atmega128uart.o
 .debug_aranges
                0x00000348       0x20 Libraria/eeprom.o
 .debug_aranges
                0x00000368      0x158 Libraria/function.o
 .debug_aranges
                0x000004c0       0x50 Libraria/keypad.o
 .debug_aranges
                0x00000510      0x100 Libraria/lcd.o
 .debug_aranges
                0x00000610       0x88 Libraria/lfsm.o
 .debug_aranges
                0x00000698       0x28 main.o
 .debug_aranges
                0x000006c0       0x20 C:/Program Files (x86)/Atmel/Studio/7.0/Packs/atmel/ATmega_DFP/1.3.300/gcc/dev/atmega128/avr51\libatmega128.a(eerd_block.o)
 .debug_aranges
                0x000006e0       0x20 C:/Program Files (x86)/Atmel/Studio/7.0/Packs/atmel/ATmega_DFP/1.3.300/gcc/dev/atmega128/avr51\libatmega128.a(eerd_byte.o)
 .debug_aranges
                0x00000700       0x20 C:/Program Files (x86)/Atmel/Studio/7.0/Packs/atmel/ATmega_DFP/1.3.300/gcc/dev/atmega128/avr51\libatmega128.a(eerd_word.o)
 .debug_aranges
                0x00000720       0x20 C:/Program Files (x86)/Atmel/Studio/7.0/Packs/atmel/ATmega_DFP/1.3.300/gcc/dev/atmega128/avr51\libatmega128.a(eeupd_block.o)
 .debug_aranges
                0x00000740       0x20 C:/Program Files (x86)/Atmel/Studio/7.0/Packs/atmel/ATmega_DFP/1.3.300/gcc/dev/atmega128/avr51\libatmega128.a(eeupd_byte.o)
 .debug_aranges
                0x00000760       0x20 C:/Program Files (x86)/Atmel/Studio/7.0/Packs/atmel/ATmega_DFP/1.3.300/gcc/dev/atmega128/avr51\libatmega128.a(eeupd_dword.o)
 .debug_aranges
                0x00000780       0x20 C:/Program Files (x86)/Atmel/Studio/7.0/Packs/atmel/ATmega_DFP/1.3.300/gcc/dev/atmega128/avr51\libatmega128.a(eeupd_word.o)
 .debug_aranges
                0x000007a0       0x20 C:/Program Files (x86)/Atmel/Studio/7.0/Packs/atmel/ATmega_DFP/1.3.300/gcc/dev/atmega128/avr51\libatmega128.a(eewr_block.o)
 .debug_aranges
                0x000007c0       0x20 C:/Program Files (x86)/Atmel/Studio/7.0/Packs/atmel/ATmega_DFP/1.3.300/gcc/dev/atmega128/avr51\libatmega128.a(eewr_byte.o)
 .debug_aranges
                0x000007e0       0x20 C:/Program Files (x86)/Atmel/Studio/7.0/Packs/atmel/ATmega_DFP/1.3.300/gcc/dev/atmega128/avr51\libatmega128.a(eewr_dword.o)
 .debug_aranges
                0x00000800       0x20 C:/Program Files (x86)/Atmel/Studio/7.0/Packs/atmel/ATmega_DFP/1.3.300/gcc/dev/atmega128/avr51\libatmega128.a(eewr_word.o)

.debug_pubnames
 *(.debug_pubnames)

.debug_info     0x00000000     0x7e46
 *(.debug_info .gnu.linkonce.wi.*)
 .debug_info    0x00000000      0x780 C:/Program Files (x86)/Atmel/Studio/7.0/Packs/atmel/ATmega_DFP/1.3.300/gcc/dev/atmega128/avr51/crtatmega128.o
 .debug_info    0x00000780      0x23b Libraria/74hc595.o
 .debug_info    0x000009bb      0x26e Libraria/atmega128analog.o
 .debug_info    0x00000c29      0x266 Libraria/atmega128interrupt.o
 .debug_info    0x00000e8f      0x261 Libraria/atmega128spi.o
 .debug_info    0x000010f0      0x924 Libraria/atmega128timer.o
 .debug_info    0x00001a14      0x8cf Libraria/atmega128uart.o
 .debug_info    0x000022e3      0x2de Libraria/eeprom.o
 .debug_info    0x000025c1     0x11f7 Libraria/function.o
 .debug_info    0x000037b8      0x4ea Libraria/keypad.o
 .debug_info    0x00003ca2     0x119e Libraria/lcd.o
 .debug_info    0x00004e40      0xfb6 Libraria/lfsm.o
 .debug_info    0x00005df6     0x19a9 main.o
 .debug_info    0x0000779f       0x9b C:/Program Files (x86)/Atmel/Studio/7.0/Packs/atmel/ATmega_DFP/1.3.300/gcc/dev/atmega128/avr51\libatmega128.a(eerd_block.o)
 .debug_info    0x0000783a       0x9a C:/Program Files (x86)/Atmel/Studio/7.0/Packs/atmel/ATmega_DFP/1.3.300/gcc/dev/atmega128/avr51\libatmega128.a(eerd_byte.o)
 .debug_info    0x000078d4       0x9a C:/Program Files (x86)/Atmel/Studio/7.0/Packs/atmel/ATmega_DFP/1.3.300/gcc/dev/atmega128/avr51\libatmega128.a(eerd_word.o)
 .debug_info    0x0000796e       0x9c C:/Program Files (x86)/Atmel/Studio/7.0/Packs/atmel/ATmega_DFP/1.3.300/gcc/dev/atmega128/avr51\libatmega128.a(eeupd_block.o)
 .debug_info    0x00007a0a       0x9b C:/Program Files (x86)/Atmel/Studio/7.0/Packs/atmel/ATmega_DFP/1.3.300/gcc/dev/atmega128/avr51\libatmega128.a(eeupd_byte.o)
 .debug_info    0x00007aa5       0x9c C:/Program Files (x86)/Atmel/Studio/7.0/Packs/atmel/ATmega_DFP/1.3.300/gcc/dev/atmega128/avr51\libatmega128.a(eeupd_dword.o)
 .debug_info    0x00007b41       0x9b C:/Program Files (x86)/Atmel/Studio/7.0/Packs/atmel/ATmega_DFP/1.3.300/gcc/dev/atmega128/avr51\libatmega128.a(eeupd_word.o)
 .debug_info    0x00007bdc       0x9b C:/Program Files (x86)/Atmel/Studio/7.0/Packs/atmel/ATmega_DFP/1.3.300/gcc/dev/atmega128/avr51\libatmega128.a(eewr_block.o)
 .debug_info    0x00007c77       0x9a C:/Program Files (x86)/Atmel/Studio/7.0/Packs/atmel/ATmega_DFP/1.3.300/gcc/dev/atmega128/avr51\libatmega128.a(eewr_byte.o)
 .debug_info    0x00007d11       0x9b C:/Program Files (x86)/Atmel/Studio/7.0/Packs/atmel/ATmega_DFP/1.3.300/gcc/dev/atmega128/avr51\libatmega128.a(eewr_dword.o)
 .debug_info    0x00007dac       0x9a C:/Program Files (x86)/Atmel/Studio/7.0/Packs/atmel/ATmega_DFP/1.3.300/gcc/dev/atmega128/avr51\libatmega128.a(eewr_word.o)

.debug_abbrev   0x00000000     0x1e8c
 *(.debug_abbrev)
 .debug_abbrev  0x00000000      0x718 C:/Program Files (x86)/Atmel/Studio/7.0/Packs/atmel/ATmega_DFP/1.3.300/gcc/dev/atmega128/avr51/crtatmega128.o
 .debug_abbrev  0x00000718      0x15a Libraria/74hc595.o
 .debug_abbrev  0x00000872      0x136 Libraria/atmega128analog.o
 .debug_abbrev  0x000009a8      0x164 Libraria/atmega128interrupt.o
 .debug_abbrev  0x00000b0c      0x153 Libraria/atmega128spi.o
 .debug_abbrev  0x00000c5f      0x189 Libraria/atmega128timer.o
 .debug_abbrev  0x00000de8      0x2d7 Libraria/atmega128uart.o
 .debug_abbrev  0x000010bf       0xb5 Libraria/eeprom.o
 .debug_abbrev  0x00001174      0x2e7 Libraria/function.o
 .debug_abbrev  0x0000145b      0x1f2 Libraria/keypad.o
 .debug_abbrev  0x0000164d      0x2ed Libraria/lcd.o
 .debug_abbrev  0x0000193a      0x2db Libraria/lfsm.o
 .debug_abbrev  0x00001c15      0x19b main.o
 .debug_abbrev  0x00001db0       0x14 C:/Program Files (x86)/Atmel/Studio/7.0/Packs/atmel/ATmega_DFP/1.3.300/gcc/dev/atmega128/avr51\libatmega128.a(eerd_block.o)
 .debug_abbrev  0x00001dc4       0x14 C:/Program Files (x86)/Atmel/Studio/7.0/Packs/atmel/ATmega_DFP/1.3.300/gcc/dev/atmega128/avr51\libatmega128.a(eerd_byte.o)
 .debug_abbrev  0x00001dd8       0x14 C:/Program Files (x86)/Atmel/Studio/7.0/Packs/atmel/ATmega_DFP/1.3.300/gcc/dev/atmega128/avr51\libatmega128.a(eerd_word.o)
 .debug_abbrev  0x00001dec       0x14 C:/Program Files (x86)/Atmel/Studio/7.0/Packs/atmel/ATmega_DFP/1.3.300/gcc/dev/atmega128/avr51\libatmega128.a(eeupd_block.o)
 .debug_abbrev  0x00001e00       0x14 C:/Program Files (x86)/Atmel/Studio/7.0/Packs/atmel/ATmega_DFP/1.3.300/gcc/dev/atmega128/avr51\libatmega128.a(eeupd_byte.o)
 .debug_abbrev  0x00001e14       0x14 C:/Program Files (x86)/Atmel/Studio/7.0/Packs/atmel/ATmega_DFP/1.3.300/gcc/dev/atmega128/avr51\libatmega128.a(eeupd_dword.o)
 .debug_abbrev  0x00001e28       0x14 C:/Program Files (x86)/Atmel/Studio/7.0/Packs/atmel/ATmega_DFP/1.3.300/gcc/dev/atmega128/avr51\libatmega128.a(eeupd_word.o)
 .debug_abbrev  0x00001e3c       0x14 C:/Program Files (x86)/Atmel/Studio/7.0/Packs/atmel/ATmega_DFP/1.3.300/gcc/dev/atmega128/avr51\libatmega128.a(eewr_block.o)
 .debug_abbrev  0x00001e50       0x14 C:/Program Files (x86)/Atmel/Studio/7.0/Packs/atmel/ATmega_DFP/1.3.300/gcc/dev/atmega128/avr51\libatmega128.a(eewr_byte.o)
 .debug_abbrev  0x00001e64       0x14 C:/Program Files (x86)/Atmel/Studio/7.0/Packs/atmel/ATmega_DFP/1.3.300/gcc/dev/atmega128/avr51\libatmega128.a(eewr_dword.o)
 .debug_abbrev  0x00001e78       0x14 C:/Program Files (x86)/Atmel/Studio/7.0/Packs/atmel/ATmega_DFP/1.3.300/gcc/dev/atmega128/avr51\libatmega128.a(eewr_word.o)

.debug_line     0x00000000     0x4c90
 *(.debug_line .debug_line.* .debug_line_end)
 .debug_line    0x00000000      0x169 C:/Program Files (x86)/Atmel/Studio/7.0/Packs/atmel/ATmega_DFP/1.3.300/gcc/dev/atmega128/avr51/crtatmega128.o
 .debug_line    0x00000169      0x185 Libraria/74hc595.o
 .debug_line    0x000002ee      0x313 Libraria/atmega128analog.o
 .debug_line    0x00000601      0x466 Libraria/atmega128interrupt.o
 .debug_line    0x00000a67      0x2da Libraria/atmega128spi.o
 .debug_line    0x00000d41      0xb86 Libraria/atmega128timer.o
 .debug_line    0x000018c7      0x877 Libraria/atmega128uart.o
 .debug_line    0x0000213e      0x12c Libraria/eeprom.o
 .debug_line    0x0000226a      0x81c Libraria/function.o
 .debug_line    0x00002a86      0x3fb Libraria/keypad.o
 .debug_line    0x00002e81      0xbc9 Libraria/lcd.o
 .debug_line    0x00003a4a      0x70b Libraria/lfsm.o
 .debug_line    0x00004155      0x5a2 main.o
 .debug_line    0x000046f7       0xab C:/Program Files (x86)/Atmel/Studio/7.0/Packs/atmel/ATmega_DFP/1.3.300/gcc/dev/atmega128/avr51\libatmega128.a(eerd_block.o)
 .debug_line    0x000047a2       0x7a C:/Program Files (x86)/Atmel/Studio/7.0/Packs/atmel/ATmega_DFP/1.3.300/gcc/dev/atmega128/avr51\libatmega128.a(eerd_byte.o)
 .debug_line    0x0000481c       0x67 C:/Program Files (x86)/Atmel/Studio/7.0/Packs/atmel/ATmega_DFP/1.3.300/gcc/dev/atmega128/avr51\libatmega128.a(eerd_word.o)
 .debug_line    0x00004883       0xa5 C:/Program Files (x86)/Atmel/Studio/7.0/Packs/atmel/ATmega_DFP/1.3.300/gcc/dev/atmega128/avr51\libatmega128.a(eeupd_block.o)
 .debug_line    0x00004928       0xb0 C:/Program Files (x86)/Atmel/Studio/7.0/Packs/atmel/ATmega_DFP/1.3.300/gcc/dev/atmega128/avr51\libatmega128.a(eeupd_byte.o)
 .debug_line    0x000049d8       0x7b C:/Program Files (x86)/Atmel/Studio/7.0/Packs/atmel/ATmega_DFP/1.3.300/gcc/dev/atmega128/avr51\libatmega128.a(eeupd_dword.o)
 .debug_line    0x00004a53       0x62 C:/Program Files (x86)/Atmel/Studio/7.0/Packs/atmel/ATmega_DFP/1.3.300/gcc/dev/atmega128/avr51\libatmega128.a(eeupd_word.o)
 .debug_line    0x00004ab5       0x80 C:/Program Files (x86)/Atmel/Studio/7.0/Packs/atmel/ATmega_DFP/1.3.300/gcc/dev/atmega128/avr51\libatmega128.a(eewr_block.o)
 .debug_line    0x00004b35       0x98 C:/Program Files (x86)/Atmel/Studio/7.0/Packs/atmel/ATmega_DFP/1.3.300/gcc/dev/atmega128/avr51\libatmega128.a(eewr_byte.o)
 .debug_line    0x00004bcd       0x68 C:/Program Files (x86)/Atmel/Studio/7.0/Packs/atmel/ATmega_DFP/1.3.300/gcc/dev/atmega128/avr51\libatmega128.a(eewr_dword.o)
 .debug_line    0x00004c35       0x5b C:/Program Files (x86)/Atmel/Studio/7.0/Packs/atmel/ATmega_DFP/1.3.300/gcc/dev/atmega128/avr51\libatmega128.a(eewr_word.o)

.debug_frame    0x00000000     0x12a8
 *(.debug_frame)
 .debug_frame   0x00000000       0x88 Libraria/74hc595.o
 .debug_frame   0x00000088       0x90 Libraria/atmega128analog.o
 .debug_frame   0x00000118      0x144 Libraria/atmega128interrupt.o
 .debug_frame   0x0000025c       0x90 Libraria/atmega128spi.o
 .debug_frame   0x000002ec      0x344 Libraria/atmega128timer.o
 .debug_frame   0x00000630      0x248 Libraria/atmega128uart.o
 .debug_frame   0x00000878       0x24 Libraria/eeprom.o
 .debug_frame   0x0000089c      0x400 Libraria/function.o
 .debug_frame   0x00000c9c       0xc0 Libraria/keypad.o
 .debug_frame   0x00000d5c      0x28c Libraria/lcd.o
 .debug_frame   0x00000fe8      0x278 Libraria/lfsm.o
 .debug_frame   0x00001260       0x48 main.o

.debug_str      0x00000000     0x1592
 *(.debug_str)
 .debug_str     0x00000000      0x27d C:/Program Files (x86)/Atmel/Studio/7.0/Packs/atmel/ATmega_DFP/1.3.300/gcc/dev/atmega128/avr51/crtatmega128.o
 .debug_str     0x0000027d      0x1eb Libraria/74hc595.o
                                0x23a (size before relaxing)
 .debug_str     0x00000468      0x11a Libraria/atmega128analog.o
                                0x2a5 (size before relaxing)
 .debug_str     0x00000582       0xe3 Libraria/atmega128interrupt.o
                                0x26b (size before relaxing)
 .debug_str     0x00000665       0xb3 Libraria/atmega128spi.o
                                0x252 (size before relaxing)
 .debug_str     0x00000718      0x40a Libraria/atmega128timer.o
                                0x5f2 (size before relaxing)
 .debug_str     0x00000b22      0x296 Libraria/atmega128uart.o
                                0x46e (size before relaxing)
 .debug_str     0x00000db8       0xde Libraria/eeprom.o
                                0x26f (size before relaxing)
 .debug_str     0x00000e96      0x285 Libraria/function.o
                                0x541 (size before relaxing)
 .debug_str     0x0000111b      0x13a Libraria/keypad.o
                                0x2e4 (size before relaxing)
 .debug_str     0x00001255      0x1ec Libraria/lcd.o
                                0x40a (size before relaxing)
 .debug_str     0x00001441      0x121 Libraria/lfsm.o
                                0x3f5 (size before relaxing)
 .debug_str     0x00001562       0x30 main.o
                                0x543 (size before relaxing)

.debug_loc      0x00000000     0x665b
 *(.debug_loc)
 .debug_loc     0x00000000      0x228 Libraria/74hc595.o
 .debug_loc     0x00000228      0x32d Libraria/atmega128analog.o
 .debug_loc     0x00000555      0x44e Libraria/atmega128interrupt.o
 .debug_loc     0x000009a3      0x219 Libraria/atmega128spi.o
 .debug_loc     0x00000bbc      0x924 Libraria/atmega128timer.o
 .debug_loc     0x000014e0      0xd8b Libraria/atmega128uart.o
 .debug_loc     0x0000226b     0x16a1 Libraria/function.o
 .debug_loc     0x0000390c      0x444 Libraria/keypad.o
 .debug_loc     0x00003d50     0x10ee Libraria/lcd.o
 .debug_loc     0x00004e3e     0x1355 Libraria/lfsm.o
 .debug_loc     0x00006193      0x4c8 main.o

.debug_macinfo
 *(.debug_macinfo)

.debug_weaknames
 *(.debug_weaknames)

.debug_funcnames
 *(.debug_funcnames)

.debug_typenames
 *(.debug_typenames)

.debug_varnames
 *(.debug_varnames)

.debug_pubtypes
 *(.debug_pubtypes)

.debug_ranges   0x00000000      0x600
 *(.debug_ranges)
 .debug_ranges  0x00000000       0x28 Libraria/74hc595.o
 .debug_ranges  0x00000028       0x20 Libraria/atmega128analog.o
 .debug_ranges  0x00000048       0x68 Libraria/atmega128interrupt.o
 .debug_ranges  0x000000b0       0x38 Libraria/atmega128spi.o
 .debug_ranges  0x000000e8      0x148 Libraria/atmega128timer.o
 .debug_ranges  0x00000230       0xb8 Libraria/atmega128uart.o
 .debug_ranges  0x000002e8       0x10 Libraria/eeprom.o
 .debug_ranges  0x000002f8      0x148 Libraria/function.o
 .debug_ranges  0x00000440       0x40 Libraria/keypad.o
 .debug_ranges  0x00000480       0xf0 Libraria/lcd.o
 .debug_ranges  0x00000570       0x78 Libraria/lfsm.o
 .debug_ranges  0x000005e8       0x18 main.o

.debug_macro
 *(.debug_macro)
OUTPUT(Atmega128.elf elf32-avr)
LOAD linker stubs
