Archive member included to satisfy reference by file (symbol)

c:/program files (x86)/atmel/studio/7.0/toolchain/avr8/avr8-gnu-toolchain/bin/../lib/gcc/avr/5.4.0/avr5\libgcc.a(_mulsi3.o)
                              Libraria/function.o (__mulsi3)
c:/program files (x86)/atmel/studio/7.0/toolchain/avr8/avr8-gnu-toolchain/bin/../lib/gcc/avr/5.4.0/avr5\libgcc.a(_divmodhi4.o)
                              Libraria/function.o (__divmodhi4)
c:/program files (x86)/atmel/studio/7.0/toolchain/avr8/avr8-gnu-toolchain/bin/../lib/gcc/avr/5.4.0/avr5\libgcc.a(_divmodsi4.o)
                              Libraria/function.o (__divmodsi4)
c:/program files (x86)/atmel/studio/7.0/toolchain/avr8/avr8-gnu-toolchain/bin/../lib/gcc/avr/5.4.0/avr5\libgcc.a(_negsi2.o)
                              c:/program files (x86)/atmel/studio/7.0/toolchain/avr8/avr8-gnu-toolchain/bin/../lib/gcc/avr/5.4.0/avr5\libgcc.a(_divmodsi4.o) (__negsi2)
c:/program files (x86)/atmel/studio/7.0/toolchain/avr8/avr8-gnu-toolchain/bin/../lib/gcc/avr/5.4.0/avr5\libgcc.a(_exit.o)
                              C:/Program Files (x86)/Atmel/Studio/7.0/Packs/atmel/ATmega_DFP/1.2.209/gcc/dev/atmega324a/avr5/crtatmega324a.o (exit)
c:/program files (x86)/atmel/studio/7.0/toolchain/avr8/avr8-gnu-toolchain/bin/../lib/gcc/avr/5.4.0/avr5\libgcc.a(_tablejump2.o)
                              Libraria/atmega324timer.o (__tablejump2__)
c:/program files (x86)/atmel/studio/7.0/toolchain/avr8/avr8-gnu-toolchain/bin/../lib/gcc/avr/5.4.0/avr5\libgcc.a(_copy_data.o)
                              Libraria/keypad.o (__do_copy_data)
c:/program files (x86)/atmel/studio/7.0/toolchain/avr8/avr8-gnu-toolchain/bin/../lib/gcc/avr/5.4.0/avr5\libgcc.a(_clear_bss.o)
                              Libraria/74hc595.o (__do_clear_bss)
c:/program files (x86)/atmel/studio/7.0/toolchain/avr8/avr8-gnu-toolchain/bin/../lib/gcc/avr/5.4.0/avr5\libgcc.a(_umulhisi3.o)
                              Libraria/function.o (__umulhisi3)
c:/program files (x86)/atmel/studio/7.0/toolchain/avr8/avr8-gnu-toolchain/bin/../lib/gcc/avr/5.4.0/avr5\libgcc.a(_muluhisi3.o)
                              c:/program files (x86)/atmel/studio/7.0/toolchain/avr8/avr8-gnu-toolchain/bin/../lib/gcc/avr/5.4.0/avr5\libgcc.a(_mulsi3.o) (__muluhisi3)
c:/program files (x86)/atmel/studio/7.0/toolchain/avr8/avr8-gnu-toolchain/bin/../lib/gcc/avr/5.4.0/avr5\libgcc.a(_udivmodhi4.o)
                              c:/program files (x86)/atmel/studio/7.0/toolchain/avr8/avr8-gnu-toolchain/bin/../lib/gcc/avr/5.4.0/avr5\libgcc.a(_divmodhi4.o) (__udivmodhi4)
c:/program files (x86)/atmel/studio/7.0/toolchain/avr8/avr8-gnu-toolchain/bin/../lib/gcc/avr/5.4.0/avr5\libgcc.a(_udivmodsi4.o)
                              c:/program files (x86)/atmel/studio/7.0/toolchain/avr8/avr8-gnu-toolchain/bin/../lib/gcc/avr/5.4.0/avr5\libgcc.a(_divmodsi4.o) (__udivmodsi4)
C:/Program Files (x86)/Atmel/Studio/7.0/Packs/atmel/ATmega_DFP/1.2.209/gcc/dev/atmega324a/avr5\libatmega324a.a(eerd_block.o)
                              Libraria/eeprom.o (eeprom_read_block)
C:/Program Files (x86)/Atmel/Studio/7.0/Packs/atmel/ATmega_DFP/1.2.209/gcc/dev/atmega324a/avr5\libatmega324a.a(eerd_byte.o)
                              Libraria/eeprom.o (eeprom_read_byte)
C:/Program Files (x86)/Atmel/Studio/7.0/Packs/atmel/ATmega_DFP/1.2.209/gcc/dev/atmega324a/avr5\libatmega324a.a(eerd_word.o)
                              Libraria/eeprom.o (eeprom_read_word)
C:/Program Files (x86)/Atmel/Studio/7.0/Packs/atmel/ATmega_DFP/1.2.209/gcc/dev/atmega324a/avr5\libatmega324a.a(eeupd_block.o)
                              Libraria/eeprom.o (eeprom_update_block)
C:/Program Files (x86)/Atmel/Studio/7.0/Packs/atmel/ATmega_DFP/1.2.209/gcc/dev/atmega324a/avr5\libatmega324a.a(eeupd_byte.o)
                              Libraria/eeprom.o (eeprom_update_byte)
C:/Program Files (x86)/Atmel/Studio/7.0/Packs/atmel/ATmega_DFP/1.2.209/gcc/dev/atmega324a/avr5\libatmega324a.a(eeupd_dword.o)
                              Libraria/eeprom.o (eeprom_update_float)
C:/Program Files (x86)/Atmel/Studio/7.0/Packs/atmel/ATmega_DFP/1.2.209/gcc/dev/atmega324a/avr5\libatmega324a.a(eeupd_word.o)
                              Libraria/eeprom.o (eeprom_update_word)
C:/Program Files (x86)/Atmel/Studio/7.0/Packs/atmel/ATmega_DFP/1.2.209/gcc/dev/atmega324a/avr5\libatmega324a.a(eewr_block.o)
                              Libraria/eeprom.o (eeprom_write_block)
C:/Program Files (x86)/Atmel/Studio/7.0/Packs/atmel/ATmega_DFP/1.2.209/gcc/dev/atmega324a/avr5\libatmega324a.a(eewr_byte.o)
                              Libraria/eeprom.o (eeprom_write_byte)
C:/Program Files (x86)/Atmel/Studio/7.0/Packs/atmel/ATmega_DFP/1.2.209/gcc/dev/atmega324a/avr5\libatmega324a.a(eewr_dword.o)
                              Libraria/eeprom.o (eeprom_write_dword)
C:/Program Files (x86)/Atmel/Studio/7.0/Packs/atmel/ATmega_DFP/1.2.209/gcc/dev/atmega324a/avr5\libatmega324a.a(eewr_word.o)
                              Libraria/eeprom.o (eeprom_write_word)

Allocating common symbols
Common symbol       size              file

keypad_PORT         0x2               Libraria/keypad.o
lcd0_PIN            0x2               Libraria/lcd.o
uart_msg            0x40              Libraria/uart.o
FUNCstr             0x10              Libraria/function.o
hc595_DDR           0x2               Libraria/74hc595.o
hc595_PORT          0x2               Libraria/74hc595.o
ADC_SELECTOR        0x2               Libraria/atmega324analog.o
adc_sample          0x2               Libraria/atmega324analog.o
keypad_dataf        0x4               Libraria/keypad.o
lcd1_DDR            0x2               Libraria/lcd.o
keypad_datai        0x4               Libraria/keypad.o
ADC_N_CHANNEL       0x2               Libraria/atmega324analog.o
lcd1_detect         0x1               Libraria/lcd.o
lcd1_PIN            0x2               Libraria/lcd.o
tmp2                0x7               Libraria/lfsm.o
lcd0_DDR            0x2               Libraria/lcd.o
adc_n_sample        0x1               Libraria/atmega324analog.o
KEYPADSTRINGINDEX   0x1               Libraria/keypad.o
lcd0_detect         0x1               Libraria/lcd.o
HC595_datapin       0x1               Libraria/74hc595.o
uart1_index         0x2               Libraria/uart.o
HC595_outpin        0x1               Libraria/74hc595.o
HC595_clkpin        0x1               Libraria/74hc595.o
keypad_PIN          0x2               Libraria/keypad.o
uart1_msg           0x40              Libraria/uart.o
data                0x16              Libraria/keypad.o
uart_index          0x2               Libraria/uart.o
adc_tmp             0x2               Libraria/atmega324analog.o
lcd0_PORT           0x2               Libraria/lcd.o
lcd1_PORT           0x2               Libraria/lcd.o
keypad_DDR          0x2               Libraria/keypad.o
tmp1                0x7               Libraria/lfsm.o

Discarded input sections

 .data          0x00000000        0x0 C:/Program Files (x86)/Atmel/Studio/7.0/Packs/atmel/ATmega_DFP/1.2.209/gcc/dev/atmega324a/avr5/crtatmega324a.o
 .bss           0x00000000        0x0 C:/Program Files (x86)/Atmel/Studio/7.0/Packs/atmel/ATmega_DFP/1.2.209/gcc/dev/atmega324a/avr5/crtatmega324a.o
 .text          0x00000000        0x0 Libraria/74hc595.o
 .data          0x00000000        0x0 Libraria/74hc595.o
 .bss           0x00000000        0x0 Libraria/74hc595.o
 .text.HC595_shift_bit
                0x00000000       0x8a Libraria/74hc595.o
 .text.HC595_shift_out
                0x00000000       0x42 Libraria/74hc595.o
 .text.HC595_shift_byte
                0x00000000       0x40 Libraria/74hc595.o
 .text.HC595enable
                0x00000000       0xb2 Libraria/74hc595.o
 .debug_info    0x00000000      0x23b Libraria/74hc595.o
 .debug_abbrev  0x00000000      0x15a Libraria/74hc595.o
 .debug_loc     0x00000000      0x228 Libraria/74hc595.o
 .debug_aranges
                0x00000000       0x38 Libraria/74hc595.o
 .debug_ranges  0x00000000       0x28 Libraria/74hc595.o
 .debug_line    0x00000000      0x185 Libraria/74hc595.o
 .debug_str     0x00000000      0x231 Libraria/74hc595.o
 .comment       0x00000000       0x31 Libraria/74hc595.o
 .debug_frame   0x00000000       0x88 Libraria/74hc595.o
 COMMON         0x00000000        0x7 Libraria/74hc595.o
 .text          0x00000000        0x0 Libraria/atmega324analog.o
 .data          0x00000000        0x0 Libraria/atmega324analog.o
 .bss           0x00000000        0x0 Libraria/atmega324analog.o
 .text.ANALOG_read
                0x00000000       0x22 Libraria/atmega324analog.o
 .text.ANALOGenable
                0x00000000      0x194 Libraria/atmega324analog.o
 .text          0x00000000        0x0 Libraria/atmega324preamble.o
 .data          0x00000000        0x0 Libraria/atmega324preamble.o
 .bss           0x00000000        0x0 Libraria/atmega324preamble.o
 .text          0x00000000        0x0 Libraria/atmega324timer.o
 .data          0x00000000        0x0 Libraria/atmega324timer.o
 .bss           0x00000000        0x0 Libraria/atmega324timer.o
 .text.TIMER_COUNTER0_start
                0x00000000       0x6e Libraria/atmega324timer.o
 .text.TIMER_COUNTER0_compoutmodeA
                0x00000000       0x2a Libraria/atmega324timer.o
 .text.TIMER_COUNTER0_compoutmodeB
                0x00000000       0x2a Libraria/atmega324timer.o
 .text.TIMER_COUNTER0_compareA
                0x00000000        0x4 Libraria/atmega324timer.o
 .text.TIMER_COUNTER0_compareB
                0x00000000        0x4 Libraria/atmega324timer.o
 .text.TIMER_COUNTER0_stop
                0x00000000        0xc Libraria/atmega324timer.o
 .text.TIMER_COUNTER2_start
                0x00000000       0x74 Libraria/atmega324timer.o
 .text.TIMER_COUNTER2_compoutmodeA
                0x00000000       0x36 Libraria/atmega324timer.o
 .text.TIMER_COUNTER2_compoutmodeB
                0x00000000       0x36 Libraria/atmega324timer.o
 .text.TIMER_COUNTER2_compareA
                0x00000000        0x6 Libraria/atmega324timer.o
 .text.TIMER_COUNTER2_compareB
                0x00000000        0x6 Libraria/atmega324timer.o
 .text.TIMER_COUNTER2_stop
                0x00000000       0x10 Libraria/atmega324timer.o
 .text.TIMER_COUNTER0enable
                0x00000000      0x132 Libraria/atmega324timer.o
 .progmem.gcc_sw_table.TIMER_COUNTER0enable
                0x00000000        0xe Libraria/atmega324timer.o
 .text.TIMER_COUNTER2enable
                0x00000000      0x15a Libraria/atmega324timer.o
 .progmem.gcc_sw_table.TIMER_COUNTER2enable
                0x00000000        0xe Libraria/atmega324timer.o
 .bss.timer2_state
                0x00000000        0x1 Libraria/atmega324timer.o
 .bss.timer0_state
                0x00000000        0x1 Libraria/atmega324timer.o
 .text          0x00000000        0x0 Libraria/eeprom.o
 .data          0x00000000        0x0 Libraria/eeprom.o
 .bss           0x00000000        0x0 Libraria/eeprom.o
 .text          0x00000000        0x0 Libraria/function.o
 .data          0x00000000        0x0 Libraria/function.o
 .bss           0x00000000        0x0 Libraria/function.o
 .text.leap_year_check
                0x00000000       0x70 Libraria/function.o
 .text          0x00000000        0x0 Libraria/keypad.o
 .data          0x00000000        0x0 Libraria/keypad.o
 .bss           0x00000000        0x0 Libraria/keypad.o
 .text.KEYPADlh
                0x00000000        0x6 Libraria/keypad.o
 .text.KEYPADhl
                0x00000000        0x6 Libraria/keypad.o
 .text          0x00000000        0x0 Libraria/lcd.o
 .data          0x00000000        0x0 Libraria/lcd.o
 .bss           0x00000000        0x0 Libraria/lcd.o
 .text.LCD1_write
                0x00000000      0x188 Libraria/lcd.o
 .text.LCD1_read
                0x00000000       0xf6 Libraria/lcd.o
 .text.LCD1_BF  0x00000000       0x28 Libraria/lcd.o
 .text.LCD1_putch
                0x00000000        0xe Libraria/lcd.o
 .text.LCD1_getch
                0x00000000       0x16 Libraria/lcd.o
 .text.LCD1_string
                0x00000000       0x26 Libraria/lcd.o
 .text.LCD1_string_size
                0x00000000       0x66 Libraria/lcd.o
 .text.LCD1_hspace
                0x00000000       0x1e Libraria/lcd.o
 .text.LCD1_gotoxy
                0x00000000       0x5e Libraria/lcd.o
 .text.LCD1_clear
                0x00000000       0x18 Libraria/lcd.o
 .text.LCD0_strobe
                0x00000000       0x1e Libraria/lcd.o
 .text.LCD1_inic
                0x00000000       0x98 Libraria/lcd.o
 .text.LCD1enable
                0x00000000       0xb0 Libraria/lcd.o
 .text.LCD1_reboot
                0x00000000       0x24 Libraria/lcd.o
 .text.LCD1_strobe
                0x00000000       0x1e Libraria/lcd.o
 .text.LCD_ticks
                0x00000000       0x14 Libraria/lcd.o
 .text          0x00000000        0x0 Libraria/lfsm.o
 .data          0x00000000        0x0 Libraria/lfsm.o
 .bss           0x00000000        0x0 Libraria/lfsm.o
 .text.LFSMquant
                0x00000000       0x68 Libraria/lfsm.o
 .text.LFSMdeleteall
                0x00000000       0xa0 Libraria/lfsm.o
 .text.LFSMgetoutput
                0x00000000        0x6 Libraria/lfsm.o
 .text.LFSMgetstatus
                0x00000000        0x6 Libraria/lfsm.o
 .text.LFSMsetoutput
                0x00000000        0x8 Libraria/lfsm.o
 .text.LFSMgetpage
                0x00000000        0x6 Libraria/lfsm.o
 .text.LFSMsetpage
                0x00000000        0x6 Libraria/lfsm.o
 .text.LFSMread
                0x00000000      0x280 Libraria/lfsm.o
 .text.LFSMremove
                0x00000000      0x25e Libraria/lfsm.o
 .text.LFSMlearn
                0x00000000      0x186 Libraria/lfsm.o
 .text.LFSMenable
                0x00000000       0x66 Libraria/lfsm.o
 .text.LFSMlh   0x00000000        0x6 Libraria/lfsm.o
 .text.LFSMhl   0x00000000        0x6 Libraria/lfsm.o
 .text.LFSMoutputcalc
                0x00000000        0xc Libraria/lfsm.o
 .rodata.tmask  0x00000000        0x1 Libraria/lfsm.o
 .debug_info    0x00000000      0xf02 Libraria/lfsm.o
 .debug_abbrev  0x00000000      0x2d5 Libraria/lfsm.o
 .debug_loc     0x00000000     0x1222 Libraria/lfsm.o
 .debug_aranges
                0x00000000       0x88 Libraria/lfsm.o
 .debug_ranges  0x00000000       0x78 Libraria/lfsm.o
 .debug_line    0x00000000      0x6ff Libraria/lfsm.o
 .debug_str     0x00000000      0x3e6 Libraria/lfsm.o
 .comment       0x00000000       0x31 Libraria/lfsm.o
 .debug_frame   0x00000000      0x258 Libraria/lfsm.o
 COMMON         0x00000000        0xe Libraria/lfsm.o
 .text          0x00000000        0x0 Libraria/rotenc.o
 .data          0x00000000        0x0 Libraria/rotenc.o
 .bss           0x00000000        0x0 Libraria/rotenc.o
 .text.RotEnc_rte
                0x00000000       0xbe Libraria/rotenc.o
 .text.ROTENCenable
                0x00000000       0x5c Libraria/rotenc.o
 .debug_info    0x00000000      0x193 Libraria/rotenc.o
 .debug_abbrev  0x00000000       0xe4 Libraria/rotenc.o
 .debug_loc     0x00000000      0x1b0 Libraria/rotenc.o
 .debug_aranges
                0x00000000       0x28 Libraria/rotenc.o
 .debug_ranges  0x00000000       0x18 Libraria/rotenc.o
 .debug_line    0x00000000      0x122 Libraria/rotenc.o
 .debug_str     0x00000000      0x1d9 Libraria/rotenc.o
 .comment       0x00000000       0x31 Libraria/rotenc.o
 .debug_frame   0x00000000       0x54 Libraria/rotenc.o
 .text          0x00000000        0x0 Libraria/uart.o
 .data          0x00000000        0x0 Libraria/uart.o
 .bss           0x00000000        0x0 Libraria/uart.o
 .text.uart_getc
                0x00000000       0x3a Libraria/uart.o
 .text.uart_available
                0x00000000       0x1a Libraria/uart.o
 .text.uart_flush
                0x00000000        0xa Libraria/uart.o
 .text.uart1_getc
                0x00000000       0x3a Libraria/uart.o
 .text.uart1_putc
                0x00000000       0x3c Libraria/uart.o
 .text.uart1_puts
                0x00000000       0x1e Libraria/uart.o
 .text.uart1_available
                0x00000000       0x1a Libraria/uart.o
 .text.uart1_flush
                0x00000000        0xa Libraria/uart.o
 .text.uart_putc
                0x00000000       0x50 Libraria/uart.o
 .text.uart_puts
                0x00000000       0x1e Libraria/uart.o
 .text.UARTenable
                0x00000000      0x210 Libraria/uart.o
 .text.uart_puts_p
                0x00000000       0x24 Libraria/uart.o
 .text.UART_Rx_pop
                0x00000000       0x2a Libraria/uart.o
 .rodata.str1.1
                0x00000000        0x6 Libraria/uart.o
 .text.uart_read
                0x00000000       0x5a Libraria/uart.o
 .text.UART_Tx_push
                0x00000000       0x26 Libraria/uart.o
 .text.UART1enable
                0x00000000      0x210 Libraria/uart.o
 .text.uart1_puts_p
                0x00000000       0x24 Libraria/uart.o
 .text.UART1_Rx_pop
                0x00000000       0x2a Libraria/uart.o
 .text.uart1_read
                0x00000000       0x5a Libraria/uart.o
 .text.UART1_Tx_push
                0x00000000       0x26 Libraria/uart.o
 COMMON         0x00000000       0x84 Libraria/uart.o
 .text          0x00000000        0x0 main.o
 .data          0x00000000        0x0 main.o
 .bss           0x00000000        0x0 main.o
 .text          0x00000000        0x0 c:/program files (x86)/atmel/studio/7.0/toolchain/avr8/avr8-gnu-toolchain/bin/../lib/gcc/avr/5.4.0/avr5\libgcc.a(_mulsi3.o)
 .data          0x00000000        0x0 c:/program files (x86)/atmel/studio/7.0/toolchain/avr8/avr8-gnu-toolchain/bin/../lib/gcc/avr/5.4.0/avr5\libgcc.a(_mulsi3.o)
 .bss           0x00000000        0x0 c:/program files (x86)/atmel/studio/7.0/toolchain/avr8/avr8-gnu-toolchain/bin/../lib/gcc/avr/5.4.0/avr5\libgcc.a(_mulsi3.o)
 .text.libgcc.div
                0x00000000        0x0 c:/program files (x86)/atmel/studio/7.0/toolchain/avr8/avr8-gnu-toolchain/bin/../lib/gcc/avr/5.4.0/avr5\libgcc.a(_mulsi3.o)
 .text.libgcc   0x00000000        0x0 c:/program files (x86)/atmel/studio/7.0/toolchain/avr8/avr8-gnu-toolchain/bin/../lib/gcc/avr/5.4.0/avr5\libgcc.a(_mulsi3.o)
 .text.libgcc.prologue
                0x00000000        0x0 c:/program files (x86)/atmel/studio/7.0/toolchain/avr8/avr8-gnu-toolchain/bin/../lib/gcc/avr/5.4.0/avr5\libgcc.a(_mulsi3.o)
 .text.libgcc.builtins
                0x00000000        0x0 c:/program files (x86)/atmel/studio/7.0/toolchain/avr8/avr8-gnu-toolchain/bin/../lib/gcc/avr/5.4.0/avr5\libgcc.a(_mulsi3.o)
 .text.libgcc.fmul
                0x00000000        0x0 c:/program files (x86)/atmel/studio/7.0/toolchain/avr8/avr8-gnu-toolchain/bin/../lib/gcc/avr/5.4.0/avr5\libgcc.a(_mulsi3.o)
 .text.libgcc.fixed
                0x00000000        0x0 c:/program files (x86)/atmel/studio/7.0/toolchain/avr8/avr8-gnu-toolchain/bin/../lib/gcc/avr/5.4.0/avr5\libgcc.a(_mulsi3.o)
 .text          0x00000000        0x0 c:/program files (x86)/atmel/studio/7.0/toolchain/avr8/avr8-gnu-toolchain/bin/../lib/gcc/avr/5.4.0/avr5\libgcc.a(_divmodhi4.o)
 .data          0x00000000        0x0 c:/program files (x86)/atmel/studio/7.0/toolchain/avr8/avr8-gnu-toolchain/bin/../lib/gcc/avr/5.4.0/avr5\libgcc.a(_divmodhi4.o)
 .bss           0x00000000        0x0 c:/program files (x86)/atmel/studio/7.0/toolchain/avr8/avr8-gnu-toolchain/bin/../lib/gcc/avr/5.4.0/avr5\libgcc.a(_divmodhi4.o)
 .text.libgcc.mul
                0x00000000        0x0 c:/program files (x86)/atmel/studio/7.0/toolchain/avr8/avr8-gnu-toolchain/bin/../lib/gcc/avr/5.4.0/avr5\libgcc.a(_divmodhi4.o)
 .text.libgcc   0x00000000        0x0 c:/program files (x86)/atmel/studio/7.0/toolchain/avr8/avr8-gnu-toolchain/bin/../lib/gcc/avr/5.4.0/avr5\libgcc.a(_divmodhi4.o)
 .text.libgcc.prologue
                0x00000000        0x0 c:/program files (x86)/atmel/studio/7.0/toolchain/avr8/avr8-gnu-toolchain/bin/../lib/gcc/avr/5.4.0/avr5\libgcc.a(_divmodhi4.o)
 .text.libgcc.builtins
                0x00000000        0x0 c:/program files (x86)/atmel/studio/7.0/toolchain/avr8/avr8-gnu-toolchain/bin/../lib/gcc/avr/5.4.0/avr5\libgcc.a(_divmodhi4.o)
 .text.libgcc.fmul
                0x00000000        0x0 c:/program files (x86)/atmel/studio/7.0/toolchain/avr8/avr8-gnu-toolchain/bin/../lib/gcc/avr/5.4.0/avr5\libgcc.a(_divmodhi4.o)
 .text.libgcc.fixed
                0x00000000        0x0 c:/program files (x86)/atmel/studio/7.0/toolchain/avr8/avr8-gnu-toolchain/bin/../lib/gcc/avr/5.4.0/avr5\libgcc.a(_divmodhi4.o)
 .text          0x00000000        0x0 c:/program files (x86)/atmel/studio/7.0/toolchain/avr8/avr8-gnu-toolchain/bin/../lib/gcc/avr/5.4.0/avr5\libgcc.a(_divmodsi4.o)
 .data          0x00000000        0x0 c:/program files (x86)/atmel/studio/7.0/toolchain/avr8/avr8-gnu-toolchain/bin/../lib/gcc/avr/5.4.0/avr5\libgcc.a(_divmodsi4.o)
 .bss           0x00000000        0x0 c:/program files (x86)/atmel/studio/7.0/toolchain/avr8/avr8-gnu-toolchain/bin/../lib/gcc/avr/5.4.0/avr5\libgcc.a(_divmodsi4.o)
 .text.libgcc.mul
                0x00000000        0x0 c:/program files (x86)/atmel/studio/7.0/toolchain/avr8/avr8-gnu-toolchain/bin/../lib/gcc/avr/5.4.0/avr5\libgcc.a(_divmodsi4.o)
 .text.libgcc   0x00000000        0x0 c:/program files (x86)/atmel/studio/7.0/toolchain/avr8/avr8-gnu-toolchain/bin/../lib/gcc/avr/5.4.0/avr5\libgcc.a(_divmodsi4.o)
 .text.libgcc.prologue
                0x00000000        0x0 c:/program files (x86)/atmel/studio/7.0/toolchain/avr8/avr8-gnu-toolchain/bin/../lib/gcc/avr/5.4.0/avr5\libgcc.a(_divmodsi4.o)
 .text.libgcc.builtins
                0x00000000        0x0 c:/program files (x86)/atmel/studio/7.0/toolchain/avr8/avr8-gnu-toolchain/bin/../lib/gcc/avr/5.4.0/avr5\libgcc.a(_divmodsi4.o)
 .text.libgcc.fmul
                0x00000000        0x0 c:/program files (x86)/atmel/studio/7.0/toolchain/avr8/avr8-gnu-toolchain/bin/../lib/gcc/avr/5.4.0/avr5\libgcc.a(_divmodsi4.o)
 .text.libgcc.fixed
                0x00000000        0x0 c:/program files (x86)/atmel/studio/7.0/toolchain/avr8/avr8-gnu-toolchain/bin/../lib/gcc/avr/5.4.0/avr5\libgcc.a(_divmodsi4.o)
 .text          0x00000000        0x0 c:/program files (x86)/atmel/studio/7.0/toolchain/avr8/avr8-gnu-toolchain/bin/../lib/gcc/avr/5.4.0/avr5\libgcc.a(_negsi2.o)
 .data          0x00000000        0x0 c:/program files (x86)/atmel/studio/7.0/toolchain/avr8/avr8-gnu-toolchain/bin/../lib/gcc/avr/5.4.0/avr5\libgcc.a(_negsi2.o)
 .bss           0x00000000        0x0 c:/program files (x86)/atmel/studio/7.0/toolchain/avr8/avr8-gnu-toolchain/bin/../lib/gcc/avr/5.4.0/avr5\libgcc.a(_negsi2.o)
 .text.libgcc.mul
                0x00000000        0x0 c:/program files (x86)/atmel/studio/7.0/toolchain/avr8/avr8-gnu-toolchain/bin/../lib/gcc/avr/5.4.0/avr5\libgcc.a(_negsi2.o)
 .text.libgcc   0x00000000        0x0 c:/program files (x86)/atmel/studio/7.0/toolchain/avr8/avr8-gnu-toolchain/bin/../lib/gcc/avr/5.4.0/avr5\libgcc.a(_negsi2.o)
 .text.libgcc.prologue
                0x00000000        0x0 c:/program files (x86)/atmel/studio/7.0/toolchain/avr8/avr8-gnu-toolchain/bin/../lib/gcc/avr/5.4.0/avr5\libgcc.a(_negsi2.o)
 .text.libgcc.builtins
                0x00000000        0x0 c:/program files (x86)/atmel/studio/7.0/toolchain/avr8/avr8-gnu-toolchain/bin/../lib/gcc/avr/5.4.0/avr5\libgcc.a(_negsi2.o)
 .text.libgcc.fmul
                0x00000000        0x0 c:/program files (x86)/atmel/studio/7.0/toolchain/avr8/avr8-gnu-toolchain/bin/../lib/gcc/avr/5.4.0/avr5\libgcc.a(_negsi2.o)
 .text.libgcc.fixed
                0x00000000        0x0 c:/program files (x86)/atmel/studio/7.0/toolchain/avr8/avr8-gnu-toolchain/bin/../lib/gcc/avr/5.4.0/avr5\libgcc.a(_negsi2.o)
 .text          0x00000000        0x0 c:/program files (x86)/atmel/studio/7.0/toolchain/avr8/avr8-gnu-toolchain/bin/../lib/gcc/avr/5.4.0/avr5\libgcc.a(_exit.o)
 .data          0x00000000        0x0 c:/program files (x86)/atmel/studio/7.0/toolchain/avr8/avr8-gnu-toolchain/bin/../lib/gcc/avr/5.4.0/avr5\libgcc.a(_exit.o)
 .bss           0x00000000        0x0 c:/program files (x86)/atmel/studio/7.0/toolchain/avr8/avr8-gnu-toolchain/bin/../lib/gcc/avr/5.4.0/avr5\libgcc.a(_exit.o)
 .text.libgcc.mul
                0x00000000        0x0 c:/program files (x86)/atmel/studio/7.0/toolchain/avr8/avr8-gnu-toolchain/bin/../lib/gcc/avr/5.4.0/avr5\libgcc.a(_exit.o)
 .text.libgcc.div
                0x00000000        0x0 c:/program files (x86)/atmel/studio/7.0/toolchain/avr8/avr8-gnu-toolchain/bin/../lib/gcc/avr/5.4.0/avr5\libgcc.a(_exit.o)
 .text.libgcc   0x00000000        0x0 c:/program files (x86)/atmel/studio/7.0/toolchain/avr8/avr8-gnu-toolchain/bin/../lib/gcc/avr/5.4.0/avr5\libgcc.a(_exit.o)
 .text.libgcc.prologue
                0x00000000        0x0 c:/program files (x86)/atmel/studio/7.0/toolchain/avr8/avr8-gnu-toolchain/bin/../lib/gcc/avr/5.4.0/avr5\libgcc.a(_exit.o)
 .text.libgcc.builtins
                0x00000000        0x0 c:/program files (x86)/atmel/studio/7.0/toolchain/avr8/avr8-gnu-toolchain/bin/../lib/gcc/avr/5.4.0/avr5\libgcc.a(_exit.o)
 .text.libgcc.fmul
                0x00000000        0x0 c:/program files (x86)/atmel/studio/7.0/toolchain/avr8/avr8-gnu-toolchain/bin/../lib/gcc/avr/5.4.0/avr5\libgcc.a(_exit.o)
 .text.libgcc.fixed
                0x00000000        0x0 c:/program files (x86)/atmel/studio/7.0/toolchain/avr8/avr8-gnu-toolchain/bin/../lib/gcc/avr/5.4.0/avr5\libgcc.a(_exit.o)
 .text          0x00000000        0x0 c:/program files (x86)/atmel/studio/7.0/toolchain/avr8/avr8-gnu-toolchain/bin/../lib/gcc/avr/5.4.0/avr5\libgcc.a(_tablejump2.o)
 .data          0x00000000        0x0 c:/program files (x86)/atmel/studio/7.0/toolchain/avr8/avr8-gnu-toolchain/bin/../lib/gcc/avr/5.4.0/avr5\libgcc.a(_tablejump2.o)
 .bss           0x00000000        0x0 c:/program files (x86)/atmel/studio/7.0/toolchain/avr8/avr8-gnu-toolchain/bin/../lib/gcc/avr/5.4.0/avr5\libgcc.a(_tablejump2.o)
 .text.libgcc.mul
                0x00000000        0x0 c:/program files (x86)/atmel/studio/7.0/toolchain/avr8/avr8-gnu-toolchain/bin/../lib/gcc/avr/5.4.0/avr5\libgcc.a(_tablejump2.o)
 .text.libgcc.div
                0x00000000        0x0 c:/program files (x86)/atmel/studio/7.0/toolchain/avr8/avr8-gnu-toolchain/bin/../lib/gcc/avr/5.4.0/avr5\libgcc.a(_tablejump2.o)
 .text.libgcc.prologue
                0x00000000        0x0 c:/program files (x86)/atmel/studio/7.0/toolchain/avr8/avr8-gnu-toolchain/bin/../lib/gcc/avr/5.4.0/avr5\libgcc.a(_tablejump2.o)
 .text.libgcc.builtins
                0x00000000        0x0 c:/program files (x86)/atmel/studio/7.0/toolchain/avr8/avr8-gnu-toolchain/bin/../lib/gcc/avr/5.4.0/avr5\libgcc.a(_tablejump2.o)
 .text.libgcc.fmul
                0x00000000        0x0 c:/program files (x86)/atmel/studio/7.0/toolchain/avr8/avr8-gnu-toolchain/bin/../lib/gcc/avr/5.4.0/avr5\libgcc.a(_tablejump2.o)
 .text.libgcc.fixed
                0x00000000        0x0 c:/program files (x86)/atmel/studio/7.0/toolchain/avr8/avr8-gnu-toolchain/bin/../lib/gcc/avr/5.4.0/avr5\libgcc.a(_tablejump2.o)
 .text          0x00000000        0x0 c:/program files (x86)/atmel/studio/7.0/toolchain/avr8/avr8-gnu-toolchain/bin/../lib/gcc/avr/5.4.0/avr5\libgcc.a(_copy_data.o)
 .data          0x00000000        0x0 c:/program files (x86)/atmel/studio/7.0/toolchain/avr8/avr8-gnu-toolchain/bin/../lib/gcc/avr/5.4.0/avr5\libgcc.a(_copy_data.o)
 .bss           0x00000000        0x0 c:/program files (x86)/atmel/studio/7.0/toolchain/avr8/avr8-gnu-toolchain/bin/../lib/gcc/avr/5.4.0/avr5\libgcc.a(_copy_data.o)
 .text.libgcc.mul
                0x00000000        0x0 c:/program files (x86)/atmel/studio/7.0/toolchain/avr8/avr8-gnu-toolchain/bin/../lib/gcc/avr/5.4.0/avr5\libgcc.a(_copy_data.o)
 .text.libgcc.div
                0x00000000        0x0 c:/program files (x86)/atmel/studio/7.0/toolchain/avr8/avr8-gnu-toolchain/bin/../lib/gcc/avr/5.4.0/avr5\libgcc.a(_copy_data.o)
 .text.libgcc   0x00000000        0x0 c:/program files (x86)/atmel/studio/7.0/toolchain/avr8/avr8-gnu-toolchain/bin/../lib/gcc/avr/5.4.0/avr5\libgcc.a(_copy_data.o)
 .text.libgcc.prologue
                0x00000000        0x0 c:/program files (x86)/atmel/studio/7.0/toolchain/avr8/avr8-gnu-toolchain/bin/../lib/gcc/avr/5.4.0/avr5\libgcc.a(_copy_data.o)
 .text.libgcc.builtins
                0x00000000        0x0 c:/program files (x86)/atmel/studio/7.0/toolchain/avr8/avr8-gnu-toolchain/bin/../lib/gcc/avr/5.4.0/avr5\libgcc.a(_copy_data.o)
 .text.libgcc.fmul
                0x00000000        0x0 c:/program files (x86)/atmel/studio/7.0/toolchain/avr8/avr8-gnu-toolchain/bin/../lib/gcc/avr/5.4.0/avr5\libgcc.a(_copy_data.o)
 .text.libgcc.fixed
                0x00000000        0x0 c:/program files (x86)/atmel/studio/7.0/toolchain/avr8/avr8-gnu-toolchain/bin/../lib/gcc/avr/5.4.0/avr5\libgcc.a(_copy_data.o)
 .text          0x00000000        0x0 c:/program files (x86)/atmel/studio/7.0/toolchain/avr8/avr8-gnu-toolchain/bin/../lib/gcc/avr/5.4.0/avr5\libgcc.a(_clear_bss.o)
 .data          0x00000000        0x0 c:/program files (x86)/atmel/studio/7.0/toolchain/avr8/avr8-gnu-toolchain/bin/../lib/gcc/avr/5.4.0/avr5\libgcc.a(_clear_bss.o)
 .bss           0x00000000        0x0 c:/program files (x86)/atmel/studio/7.0/toolchain/avr8/avr8-gnu-toolchain/bin/../lib/gcc/avr/5.4.0/avr5\libgcc.a(_clear_bss.o)
 .text.libgcc.mul
                0x00000000        0x0 c:/program files (x86)/atmel/studio/7.0/toolchain/avr8/avr8-gnu-toolchain/bin/../lib/gcc/avr/5.4.0/avr5\libgcc.a(_clear_bss.o)
 .text.libgcc.div
                0x00000000        0x0 c:/program files (x86)/atmel/studio/7.0/toolchain/avr8/avr8-gnu-toolchain/bin/../lib/gcc/avr/5.4.0/avr5\libgcc.a(_clear_bss.o)
 .text.libgcc   0x00000000        0x0 c:/program files (x86)/atmel/studio/7.0/toolchain/avr8/avr8-gnu-toolchain/bin/../lib/gcc/avr/5.4.0/avr5\libgcc.a(_clear_bss.o)
 .text.libgcc.prologue
                0x00000000        0x0 c:/program files (x86)/atmel/studio/7.0/toolchain/avr8/avr8-gnu-toolchain/bin/../lib/gcc/avr/5.4.0/avr5\libgcc.a(_clear_bss.o)
 .text.libgcc.builtins
                0x00000000        0x0 c:/program files (x86)/atmel/studio/7.0/toolchain/avr8/avr8-gnu-toolchain/bin/../lib/gcc/avr/5.4.0/avr5\libgcc.a(_clear_bss.o)
 .text.libgcc.fmul
                0x00000000        0x0 c:/program files (x86)/atmel/studio/7.0/toolchain/avr8/avr8-gnu-toolchain/bin/../lib/gcc/avr/5.4.0/avr5\libgcc.a(_clear_bss.o)
 .text.libgcc.fixed
                0x00000000        0x0 c:/program files (x86)/atmel/studio/7.0/toolchain/avr8/avr8-gnu-toolchain/bin/../lib/gcc/avr/5.4.0/avr5\libgcc.a(_clear_bss.o)
 .text          0x00000000        0x0 c:/program files (x86)/atmel/studio/7.0/toolchain/avr8/avr8-gnu-toolchain/bin/../lib/gcc/avr/5.4.0/avr5\libgcc.a(_umulhisi3.o)
 .data          0x00000000        0x0 c:/program files (x86)/atmel/studio/7.0/toolchain/avr8/avr8-gnu-toolchain/bin/../lib/gcc/avr/5.4.0/avr5\libgcc.a(_umulhisi3.o)
 .bss           0x00000000        0x0 c:/program files (x86)/atmel/studio/7.0/toolchain/avr8/avr8-gnu-toolchain/bin/../lib/gcc/avr/5.4.0/avr5\libgcc.a(_umulhisi3.o)
 .text.libgcc.div
                0x00000000        0x0 c:/program files (x86)/atmel/studio/7.0/toolchain/avr8/avr8-gnu-toolchain/bin/../lib/gcc/avr/5.4.0/avr5\libgcc.a(_umulhisi3.o)
 .text.libgcc   0x00000000        0x0 c:/program files (x86)/atmel/studio/7.0/toolchain/avr8/avr8-gnu-toolchain/bin/../lib/gcc/avr/5.4.0/avr5\libgcc.a(_umulhisi3.o)
 .text.libgcc.prologue
                0x00000000        0x0 c:/program files (x86)/atmel/studio/7.0/toolchain/avr8/avr8-gnu-toolchain/bin/../lib/gcc/avr/5.4.0/avr5\libgcc.a(_umulhisi3.o)
 .text.libgcc.builtins
                0x00000000        0x0 c:/program files (x86)/atmel/studio/7.0/toolchain/avr8/avr8-gnu-toolchain/bin/../lib/gcc/avr/5.4.0/avr5\libgcc.a(_umulhisi3.o)
 .text.libgcc.fmul
                0x00000000        0x0 c:/program files (x86)/atmel/studio/7.0/toolchain/avr8/avr8-gnu-toolchain/bin/../lib/gcc/avr/5.4.0/avr5\libgcc.a(_umulhisi3.o)
 .text.libgcc.fixed
                0x00000000        0x0 c:/program files (x86)/atmel/studio/7.0/toolchain/avr8/avr8-gnu-toolchain/bin/../lib/gcc/avr/5.4.0/avr5\libgcc.a(_umulhisi3.o)
 .text          0x00000000        0x0 c:/program files (x86)/atmel/studio/7.0/toolchain/avr8/avr8-gnu-toolchain/bin/../lib/gcc/avr/5.4.0/avr5\libgcc.a(_muluhisi3.o)
 .data          0x00000000        0x0 c:/program files (x86)/atmel/studio/7.0/toolchain/avr8/avr8-gnu-toolchain/bin/../lib/gcc/avr/5.4.0/avr5\libgcc.a(_muluhisi3.o)
 .bss           0x00000000        0x0 c:/program files (x86)/atmel/studio/7.0/toolchain/avr8/avr8-gnu-toolchain/bin/../lib/gcc/avr/5.4.0/avr5\libgcc.a(_muluhisi3.o)
 .text.libgcc.div
                0x00000000        0x0 c:/program files (x86)/atmel/studio/7.0/toolchain/avr8/avr8-gnu-toolchain/bin/../lib/gcc/avr/5.4.0/avr5\libgcc.a(_muluhisi3.o)
 .text.libgcc   0x00000000        0x0 c:/program files (x86)/atmel/studio/7.0/toolchain/avr8/avr8-gnu-toolchain/bin/../lib/gcc/avr/5.4.0/avr5\libgcc.a(_muluhisi3.o)
 .text.libgcc.prologue
                0x00000000        0x0 c:/program files (x86)/atmel/studio/7.0/toolchain/avr8/avr8-gnu-toolchain/bin/../lib/gcc/avr/5.4.0/avr5\libgcc.a(_muluhisi3.o)
 .text.libgcc.builtins
                0x00000000        0x0 c:/program files (x86)/atmel/studio/7.0/toolchain/avr8/avr8-gnu-toolchain/bin/../lib/gcc/avr/5.4.0/avr5\libgcc.a(_muluhisi3.o)
 .text.libgcc.fmul
                0x00000000        0x0 c:/program files (x86)/atmel/studio/7.0/toolchain/avr8/avr8-gnu-toolchain/bin/../lib/gcc/avr/5.4.0/avr5\libgcc.a(_muluhisi3.o)
 .text.libgcc.fixed
                0x00000000        0x0 c:/program files (x86)/atmel/studio/7.0/toolchain/avr8/avr8-gnu-toolchain/bin/../lib/gcc/avr/5.4.0/avr5\libgcc.a(_muluhisi3.o)
 .text          0x00000000        0x0 c:/program files (x86)/atmel/studio/7.0/toolchain/avr8/avr8-gnu-toolchain/bin/../lib/gcc/avr/5.4.0/avr5\libgcc.a(_udivmodhi4.o)
 .data          0x00000000        0x0 c:/program files (x86)/atmel/studio/7.0/toolchain/avr8/avr8-gnu-toolchain/bin/../lib/gcc/avr/5.4.0/avr5\libgcc.a(_udivmodhi4.o)
 .bss           0x00000000        0x0 c:/program files (x86)/atmel/studio/7.0/toolchain/avr8/avr8-gnu-toolchain/bin/../lib/gcc/avr/5.4.0/avr5\libgcc.a(_udivmodhi4.o)
 .text.libgcc.mul
                0x00000000        0x0 c:/program files (x86)/atmel/studio/7.0/toolchain/avr8/avr8-gnu-toolchain/bin/../lib/gcc/avr/5.4.0/avr5\libgcc.a(_udivmodhi4.o)
 .text.libgcc   0x00000000        0x0 c:/program files (x86)/atmel/studio/7.0/toolchain/avr8/avr8-gnu-toolchain/bin/../lib/gcc/avr/5.4.0/avr5\libgcc.a(_udivmodhi4.o)
 .text.libgcc.prologue
                0x00000000        0x0 c:/program files (x86)/atmel/studio/7.0/toolchain/avr8/avr8-gnu-toolchain/bin/../lib/gcc/avr/5.4.0/avr5\libgcc.a(_udivmodhi4.o)
 .text.libgcc.builtins
                0x00000000        0x0 c:/program files (x86)/atmel/studio/7.0/toolchain/avr8/avr8-gnu-toolchain/bin/../lib/gcc/avr/5.4.0/avr5\libgcc.a(_udivmodhi4.o)
 .text.libgcc.fmul
                0x00000000        0x0 c:/program files (x86)/atmel/studio/7.0/toolchain/avr8/avr8-gnu-toolchain/bin/../lib/gcc/avr/5.4.0/avr5\libgcc.a(_udivmodhi4.o)
 .text.libgcc.fixed
                0x00000000        0x0 c:/program files (x86)/atmel/studio/7.0/toolchain/avr8/avr8-gnu-toolchain/bin/../lib/gcc/avr/5.4.0/avr5\libgcc.a(_udivmodhi4.o)
 .text          0x00000000        0x0 c:/program files (x86)/atmel/studio/7.0/toolchain/avr8/avr8-gnu-toolchain/bin/../lib/gcc/avr/5.4.0/avr5\libgcc.a(_udivmodsi4.o)
 .data          0x00000000        0x0 c:/program files (x86)/atmel/studio/7.0/toolchain/avr8/avr8-gnu-toolchain/bin/../lib/gcc/avr/5.4.0/avr5\libgcc.a(_udivmodsi4.o)
 .bss           0x00000000        0x0 c:/program files (x86)/atmel/studio/7.0/toolchain/avr8/avr8-gnu-toolchain/bin/../lib/gcc/avr/5.4.0/avr5\libgcc.a(_udivmodsi4.o)
 .text.libgcc.mul
                0x00000000        0x0 c:/program files (x86)/atmel/studio/7.0/toolchain/avr8/avr8-gnu-toolchain/bin/../lib/gcc/avr/5.4.0/avr5\libgcc.a(_udivmodsi4.o)
 .text.libgcc   0x00000000        0x0 c:/program files (x86)/atmel/studio/7.0/toolchain/avr8/avr8-gnu-toolchain/bin/../lib/gcc/avr/5.4.0/avr5\libgcc.a(_udivmodsi4.o)
 .text.libgcc.prologue
                0x00000000        0x0 c:/program files (x86)/atmel/studio/7.0/toolchain/avr8/avr8-gnu-toolchain/bin/../lib/gcc/avr/5.4.0/avr5\libgcc.a(_udivmodsi4.o)
 .text.libgcc.builtins
                0x00000000        0x0 c:/program files (x86)/atmel/studio/7.0/toolchain/avr8/avr8-gnu-toolchain/bin/../lib/gcc/avr/5.4.0/avr5\libgcc.a(_udivmodsi4.o)
 .text.libgcc.fmul
                0x00000000        0x0 c:/program files (x86)/atmel/studio/7.0/toolchain/avr8/avr8-gnu-toolchain/bin/../lib/gcc/avr/5.4.0/avr5\libgcc.a(_udivmodsi4.o)
 .text.libgcc.fixed
                0x00000000        0x0 c:/program files (x86)/atmel/studio/7.0/toolchain/avr8/avr8-gnu-toolchain/bin/../lib/gcc/avr/5.4.0/avr5\libgcc.a(_udivmodsi4.o)
 .text          0x00000000        0x0 C:/Program Files (x86)/Atmel/Studio/7.0/Packs/atmel/ATmega_DFP/1.2.209/gcc/dev/atmega324a/avr5\libatmega324a.a(eerd_block.o)
 .data          0x00000000        0x0 C:/Program Files (x86)/Atmel/Studio/7.0/Packs/atmel/ATmega_DFP/1.2.209/gcc/dev/atmega324a/avr5\libatmega324a.a(eerd_block.o)
 .bss           0x00000000        0x0 C:/Program Files (x86)/Atmel/Studio/7.0/Packs/atmel/ATmega_DFP/1.2.209/gcc/dev/atmega324a/avr5\libatmega324a.a(eerd_block.o)
 .text          0x00000000        0x0 C:/Program Files (x86)/Atmel/Studio/7.0/Packs/atmel/ATmega_DFP/1.2.209/gcc/dev/atmega324a/avr5\libatmega324a.a(eerd_byte.o)
 .data          0x00000000        0x0 C:/Program Files (x86)/Atmel/Studio/7.0/Packs/atmel/ATmega_DFP/1.2.209/gcc/dev/atmega324a/avr5\libatmega324a.a(eerd_byte.o)
 .bss           0x00000000        0x0 C:/Program Files (x86)/Atmel/Studio/7.0/Packs/atmel/ATmega_DFP/1.2.209/gcc/dev/atmega324a/avr5\libatmega324a.a(eerd_byte.o)
 .text          0x00000000        0x0 C:/Program Files (x86)/Atmel/Studio/7.0/Packs/atmel/ATmega_DFP/1.2.209/gcc/dev/atmega324a/avr5\libatmega324a.a(eerd_word.o)
 .data          0x00000000        0x0 C:/Program Files (x86)/Atmel/Studio/7.0/Packs/atmel/ATmega_DFP/1.2.209/gcc/dev/atmega324a/avr5\libatmega324a.a(eerd_word.o)
 .bss           0x00000000        0x0 C:/Program Files (x86)/Atmel/Studio/7.0/Packs/atmel/ATmega_DFP/1.2.209/gcc/dev/atmega324a/avr5\libatmega324a.a(eerd_word.o)
 .text          0x00000000        0x0 C:/Program Files (x86)/Atmel/Studio/7.0/Packs/atmel/ATmega_DFP/1.2.209/gcc/dev/atmega324a/avr5\libatmega324a.a(eeupd_block.o)
 .data          0x00000000        0x0 C:/Program Files (x86)/Atmel/Studio/7.0/Packs/atmel/ATmega_DFP/1.2.209/gcc/dev/atmega324a/avr5\libatmega324a.a(eeupd_block.o)
 .bss           0x00000000        0x0 C:/Program Files (x86)/Atmel/Studio/7.0/Packs/atmel/ATmega_DFP/1.2.209/gcc/dev/atmega324a/avr5\libatmega324a.a(eeupd_block.o)
 .text          0x00000000        0x0 C:/Program Files (x86)/Atmel/Studio/7.0/Packs/atmel/ATmega_DFP/1.2.209/gcc/dev/atmega324a/avr5\libatmega324a.a(eeupd_byte.o)
 .data          0x00000000        0x0 C:/Program Files (x86)/Atmel/Studio/7.0/Packs/atmel/ATmega_DFP/1.2.209/gcc/dev/atmega324a/avr5\libatmega324a.a(eeupd_byte.o)
 .bss           0x00000000        0x0 C:/Program Files (x86)/Atmel/Studio/7.0/Packs/atmel/ATmega_DFP/1.2.209/gcc/dev/atmega324a/avr5\libatmega324a.a(eeupd_byte.o)
 .text          0x00000000        0x0 C:/Program Files (x86)/Atmel/Studio/7.0/Packs/atmel/ATmega_DFP/1.2.209/gcc/dev/atmega324a/avr5\libatmega324a.a(eeupd_dword.o)
 .data          0x00000000        0x0 C:/Program Files (x86)/Atmel/Studio/7.0/Packs/atmel/ATmega_DFP/1.2.209/gcc/dev/atmega324a/avr5\libatmega324a.a(eeupd_dword.o)
 .bss           0x00000000        0x0 C:/Program Files (x86)/Atmel/Studio/7.0/Packs/atmel/ATmega_DFP/1.2.209/gcc/dev/atmega324a/avr5\libatmega324a.a(eeupd_dword.o)
 .text          0x00000000        0x0 C:/Program Files (x86)/Atmel/Studio/7.0/Packs/atmel/ATmega_DFP/1.2.209/gcc/dev/atmega324a/avr5\libatmega324a.a(eeupd_word.o)
 .data          0x00000000        0x0 C:/Program Files (x86)/Atmel/Studio/7.0/Packs/atmel/ATmega_DFP/1.2.209/gcc/dev/atmega324a/avr5\libatmega324a.a(eeupd_word.o)
 .bss           0x00000000        0x0 C:/Program Files (x86)/Atmel/Studio/7.0/Packs/atmel/ATmega_DFP/1.2.209/gcc/dev/atmega324a/avr5\libatmega324a.a(eeupd_word.o)
 .text          0x00000000        0x0 C:/Program Files (x86)/Atmel/Studio/7.0/Packs/atmel/ATmega_DFP/1.2.209/gcc/dev/atmega324a/avr5\libatmega324a.a(eewr_block.o)
 .data          0x00000000        0x0 C:/Program Files (x86)/Atmel/Studio/7.0/Packs/atmel/ATmega_DFP/1.2.209/gcc/dev/atmega324a/avr5\libatmega324a.a(eewr_block.o)
 .bss           0x00000000        0x0 C:/Program Files (x86)/Atmel/Studio/7.0/Packs/atmel/ATmega_DFP/1.2.209/gcc/dev/atmega324a/avr5\libatmega324a.a(eewr_block.o)
 .text          0x00000000        0x0 C:/Program Files (x86)/Atmel/Studio/7.0/Packs/atmel/ATmega_DFP/1.2.209/gcc/dev/atmega324a/avr5\libatmega324a.a(eewr_byte.o)
 .data          0x00000000        0x0 C:/Program Files (x86)/Atmel/Studio/7.0/Packs/atmel/ATmega_DFP/1.2.209/gcc/dev/atmega324a/avr5\libatmega324a.a(eewr_byte.o)
 .bss           0x00000000        0x0 C:/Program Files (x86)/Atmel/Studio/7.0/Packs/atmel/ATmega_DFP/1.2.209/gcc/dev/atmega324a/avr5\libatmega324a.a(eewr_byte.o)
 .text          0x00000000        0x0 C:/Program Files (x86)/Atmel/Studio/7.0/Packs/atmel/ATmega_DFP/1.2.209/gcc/dev/atmega324a/avr5\libatmega324a.a(eewr_dword.o)
 .data          0x00000000        0x0 C:/Program Files (x86)/Atmel/Studio/7.0/Packs/atmel/ATmega_DFP/1.2.209/gcc/dev/atmega324a/avr5\libatmega324a.a(eewr_dword.o)
 .bss           0x00000000        0x0 C:/Program Files (x86)/Atmel/Studio/7.0/Packs/atmel/ATmega_DFP/1.2.209/gcc/dev/atmega324a/avr5\libatmega324a.a(eewr_dword.o)
 .text          0x00000000        0x0 C:/Program Files (x86)/Atmel/Studio/7.0/Packs/atmel/ATmega_DFP/1.2.209/gcc/dev/atmega324a/avr5\libatmega324a.a(eewr_word.o)
 .data          0x00000000        0x0 C:/Program Files (x86)/Atmel/Studio/7.0/Packs/atmel/ATmega_DFP/1.2.209/gcc/dev/atmega324a/avr5\libatmega324a.a(eewr_word.o)
 .bss           0x00000000        0x0 C:/Program Files (x86)/Atmel/Studio/7.0/Packs/atmel/ATmega_DFP/1.2.209/gcc/dev/atmega324a/avr5\libatmega324a.a(eewr_word.o)

Memory Configuration

Name             Origin             Length             Attributes
text             0x00000000         0x00020000         xr
data             0x00800060         0x0000ffa0         rw !x
eeprom           0x00810000         0x00010000         rw !x
fuse             0x00820000         0x00000003         rw !x
lock             0x00830000         0x00000400         rw !x
signature        0x00840000         0x00000400         rw !x
user_signatures  0x00850000         0x00000400         rw !x
*default*        0x00000000         0xffffffff

Linker script and memory map

Address of section .data set to 0x800100
LOAD C:/Program Files (x86)/Atmel/Studio/7.0/Packs/atmel/ATmega_DFP/1.2.209/gcc/dev/atmega324a/avr5/crtatmega324a.o
LOAD Libraria/74hc595.o
LOAD Libraria/atmega324analog.o
LOAD Libraria/atmega324preamble.o
LOAD Libraria/atmega324timer.o
LOAD Libraria/eeprom.o
LOAD Libraria/function.o
LOAD Libraria/keypad.o
LOAD Libraria/lcd.o
LOAD Libraria/lfsm.o
LOAD Libraria/rotenc.o
LOAD Libraria/uart.o
LOAD main.o
START GROUP
LOAD c:/program files (x86)/atmel/studio/7.0/toolchain/avr8/avr8-gnu-toolchain/bin/../lib/gcc/avr/5.4.0/../../../../avr/lib/avr5\libm.a
END GROUP
START GROUP
LOAD c:/program files (x86)/atmel/studio/7.0/toolchain/avr8/avr8-gnu-toolchain/bin/../lib/gcc/avr/5.4.0/avr5\libgcc.a
LOAD c:/program files (x86)/atmel/studio/7.0/toolchain/avr8/avr8-gnu-toolchain/bin/../lib/gcc/avr/5.4.0/../../../../avr/lib/avr5\libm.a
LOAD c:/program files (x86)/atmel/studio/7.0/toolchain/avr8/avr8-gnu-toolchain/bin/../lib/gcc/avr/5.4.0/../../../../avr/lib/avr5\libc.a
LOAD C:/Program Files (x86)/Atmel/Studio/7.0/Packs/atmel/ATmega_DFP/1.2.209/gcc/dev/atmega324a/avr5\libatmega324a.a
END GROUP
                0x00000000                __TEXT_REGION_ORIGIN__ = DEFINED (__TEXT_REGION_ORIGIN__)?__TEXT_REGION_ORIGIN__:0x0
                0x00800060                __DATA_REGION_ORIGIN__ = DEFINED (__DATA_REGION_ORIGIN__)?__DATA_REGION_ORIGIN__:0x800060
                0x00020000                __TEXT_REGION_LENGTH__ = DEFINED (__TEXT_REGION_LENGTH__)?__TEXT_REGION_LENGTH__:0x20000
                0x0000ffa0                __DATA_REGION_LENGTH__ = DEFINED (__DATA_REGION_LENGTH__)?__DATA_REGION_LENGTH__:0xffa0
                0x00010000                __EEPROM_REGION_LENGTH__ = DEFINED (__EEPROM_REGION_LENGTH__)?__EEPROM_REGION_LENGTH__:0x10000
                [0x00000003]                __FUSE_REGION_LENGTH__ = DEFINED (__FUSE_REGION_LENGTH__)?__FUSE_REGION_LENGTH__:0x400
                0x00000400                __LOCK_REGION_LENGTH__ = DEFINED (__LOCK_REGION_LENGTH__)?__LOCK_REGION_LENGTH__:0x400
                0x00000400                __SIGNATURE_REGION_LENGTH__ = DEFINED (__SIGNATURE_REGION_LENGTH__)?__SIGNATURE_REGION_LENGTH__:0x400
                0x00000400                __USER_SIGNATURE_REGION_LENGTH__ = DEFINED (__USER_SIGNATURE_REGION_LENGTH__)?__USER_SIGNATURE_REGION_LENGTH__:0x400

.hash
 *(.hash)

.dynsym
 *(.dynsym)

.dynstr
 *(.dynstr)

.gnu.version
 *(.gnu.version)

.gnu.version_d
 *(.gnu.version_d)

.gnu.version_r
 *(.gnu.version_r)

.rel.init
 *(.rel.init)

.rela.init
 *(.rela.init)

.rel.text
 *(.rel.text)
 *(.rel.text.*)
 *(.rel.gnu.linkonce.t*)

.rela.text
 *(.rela.text)
 *(.rela.text.*)
 *(.rela.gnu.linkonce.t*)

.rel.fini
 *(.rel.fini)

.rela.fini
 *(.rela.fini)

.rel.rodata
 *(.rel.rodata)
 *(.rel.rodata.*)
 *(.rel.gnu.linkonce.r*)

.rela.rodata
 *(.rela.rodata)
 *(.rela.rodata.*)
 *(.rela.gnu.linkonce.r*)

.rel.data
 *(.rel.data)
 *(.rel.data.*)
 *(.rel.gnu.linkonce.d*)

.rela.data
 *(.rela.data)
 *(.rela.data.*)
 *(.rela.gnu.linkonce.d*)

.rel.ctors
 *(.rel.ctors)

.rela.ctors
 *(.rela.ctors)

.rel.dtors
 *(.rel.dtors)

.rela.dtors
 *(.rela.dtors)

.rel.got
 *(.rel.got)

.rela.got
 *(.rela.got)

.rel.bss
 *(.rel.bss)

.rela.bss
 *(.rela.bss)

.rel.plt
 *(.rel.plt)

.rela.plt
 *(.rela.plt)

.text           0x00000000     0x2738
 *(.vectors)
 .vectors       0x00000000       0x7c C:/Program Files (x86)/Atmel/Studio/7.0/Packs/atmel/ATmega_DFP/1.2.209/gcc/dev/atmega324a/avr5/crtatmega324a.o
                0x00000000                __vector_default
                0x00000000                __vectors
 *(.vectors)
 *(.progmem.gcc*)
 .progmem.gcc_sw_table.TIMER_COUNTER1enable
                0x0000007c       0x30 Libraria/atmega324timer.o
                0x000000ac                . = ALIGN (0x2)
                0x000000ac                __trampolines_start = .
 *(.trampolines)
 .trampolines   0x000000ac        0x0 linker stubs
 *(.trampolines*)
                0x000000ac                __trampolines_end = .
 *libprintf_flt.a:*(.progmem.data)
 *libc.a:*(.progmem.data)
 *(.progmem*)
                0x000000ac                . = ALIGN (0x2)
 *(.jumptables)
 *(.jumptables*)
 *(.lowtext)
 *(.lowtext*)
                0x000000ac                __ctors_start = .
 *(.ctors)
                0x000000ac                __ctors_end = .
                0x000000ac                __dtors_start = .
 *(.dtors)
                0x000000ac                __dtors_end = .
 SORT(*)(.ctors)
 SORT(*)(.dtors)
 *(.init0)
 .init0         0x000000ac        0x0 C:/Program Files (x86)/Atmel/Studio/7.0/Packs/atmel/ATmega_DFP/1.2.209/gcc/dev/atmega324a/avr5/crtatmega324a.o
                0x000000ac                __init
 *(.init0)
 *(.init1)
 *(.init1)
 *(.init2)
 .init2         0x000000ac        0xc C:/Program Files (x86)/Atmel/Studio/7.0/Packs/atmel/ATmega_DFP/1.2.209/gcc/dev/atmega324a/avr5/crtatmega324a.o
 *(.init2)
 *(.init3)
 *(.init3)
 *(.init4)
 .init4         0x000000b8       0x16 c:/program files (x86)/atmel/studio/7.0/toolchain/avr8/avr8-gnu-toolchain/bin/../lib/gcc/avr/5.4.0/avr5\libgcc.a(_copy_data.o)
                0x000000b8                __do_copy_data
 .init4         0x000000ce       0x10 c:/program files (x86)/atmel/studio/7.0/toolchain/avr8/avr8-gnu-toolchain/bin/../lib/gcc/avr/5.4.0/avr5\libgcc.a(_clear_bss.o)
                0x000000ce                __do_clear_bss
 *(.init4)
 *(.init5)
 *(.init5)
 *(.init6)
 *(.init6)
 *(.init7)
 *(.init7)
 *(.init8)
 *(.init8)
 *(.init9)
 .init9         0x000000de        0x8 C:/Program Files (x86)/Atmel/Studio/7.0/Packs/atmel/ATmega_DFP/1.2.209/gcc/dev/atmega324a/avr5/crtatmega324a.o
 *(.init9)
 *(.text)
 .text          0x000000e6        0x4 C:/Program Files (x86)/Atmel/Studio/7.0/Packs/atmel/ATmega_DFP/1.2.209/gcc/dev/atmega324a/avr5/crtatmega324a.o
                0x000000e6                __vector_22
                0x000000e6                __vector_1
                0x000000e6                __vector_12
                0x000000e6                __bad_interrupt
                0x000000e6                __vector_6
                0x000000e6                __vector_3
                0x000000e6                __vector_23
                0x000000e6                __vector_30
                0x000000e6                __vector_25
                0x000000e6                __vector_11
                0x000000e6                __vector_17
                0x000000e6                __vector_19
                0x000000e6                __vector_7
                0x000000e6                __vector_27
                0x000000e6                __vector_5
                0x000000e6                __vector_4
                0x000000e6                __vector_9
                0x000000e6                __vector_2
                0x000000e6                __vector_15
                0x000000e6                __vector_8
                0x000000e6                __vector_26
                0x000000e6                __vector_14
                0x000000e6                __vector_10
                0x000000e6                __vector_16
                0x000000e6                __vector_18
                0x000000ea                . = ALIGN (0x2)
 *(.text.*)
 .text.__vector_24
                0x000000ea      0x112 Libraria/atmega324analog.o
                0x000000ea                __vector_24
 .text.Atmega324ioread
                0x000001fc       0x26 Libraria/atmega324preamble.o
                0x000001fc                Atmega324ioread
 .text.Atmega324hl
                0x00000222       0x52 Libraria/atmega324preamble.o
                0x00000222                Atmega324hl
 .text.Atmega324ll
                0x00000274       0x52 Libraria/atmega324preamble.o
                0x00000274                Atmega324ll
 .text.Atmega324lh
                0x000002c6       0x52 Libraria/atmega324preamble.o
                0x000002c6                Atmega324lh
 .text.Atmega324hh
                0x00000318       0x4a Libraria/atmega324preamble.o
                0x00000318                Atmega324hh
 .text.ATMEGA324enable
                0x00000362       0x50 Libraria/atmega324preamble.o
                0x00000362                ATMEGA324enable
 .text.TIMER_COUNTER1_start
                0x000003b2       0x78 Libraria/atmega324timer.o
                0x000003b2                TIMER_COUNTER1_start
 .text.TIMER_COUNTER1_compoutmodeA
                0x0000042a       0x36 Libraria/atmega324timer.o
                0x0000042a                TIMER_COUNTER1_compoutmodeA
 .text.TIMER_COUNTER1_compoutmodeB
                0x00000460       0x36 Libraria/atmega324timer.o
                0x00000460                TIMER_COUNTER1_compoutmodeB
 .text.TIMER_COUNTER1_compareA
                0x00000496        0xa Libraria/atmega324timer.o
                0x00000496                TIMER_COUNTER1_compareA
 .text.TIMER_COUNTER1_compareB
                0x000004a0        0xa Libraria/atmega324timer.o
                0x000004a0                TIMER_COUNTER1_compareB
 .text.TIMER_COUNTER1_stop
                0x000004aa       0x10 Libraria/atmega324timer.o
                0x000004aa                TIMER_COUNTER1_stop
 .text.TIMER_COUNTER1enable
                0x000004ba      0x230 Libraria/atmega324timer.o
                0x000004ba                TIMER_COUNTER1enable
 .text.EEPROMenable
                0x000006ea       0x66 Libraria/eeprom.o
                0x000006ea                EEPROMenable
 .text.FUNCpinmatch
                0x00000750       0x14 Libraria/function.o
                0x00000750                FUNCpinmatch
 .text.FUNChmerge
                0x00000764        0x4 Libraria/function.o
                0x00000764                FUNChmerge
 .text.FUNClmerge
                0x00000768        0x4 Libraria/function.o
                0x00000768                FUNClmerge
 .text.FUNChh   0x0000076c        0x4 Libraria/function.o
                0x0000076c                FUNChh
 .text.FUNCll   0x00000770        0x6 Libraria/function.o
                0x00000770                FUNCll
 .text.FUNClh   0x00000776        0x6 Libraria/function.o
                0x00000776                FUNClh
 .text.FUNChl   0x0000077c        0x6 Libraria/function.o
                0x0000077c                FUNChl
 .text.FUNCdiff
                0x00000782        0x4 Libraria/function.o
                0x00000782                FUNCdiff
 .text.FUNCswap
                0x00000786       0x42 Libraria/function.o
                0x00000786                FUNCswap
 .text.FUNCcopy
                0x000007c8       0x1c Libraria/function.o
                0x000007c8                FUNCcopy
 .text.FUNCsqueeze
                0x000007e4       0x44 Libraria/function.o
                0x000007e4                FUNCsqueeze
 .text.FUNCshellsort
                0x00000828      0x14c Libraria/function.o
                0x00000828                FUNCshellsort
 .text.FUNCpmax
                0x00000974        0xa Libraria/function.o
                0x00000974                FUNCpmax
 .text.FUNCgcd  0x0000097e       0x1e Libraria/function.o
                0x0000097e                FUNCgcd
 .text.FUNCstrToInt
                0x0000099c       0x48 Libraria/function.o
                0x0000099c                FUNCstrToInt
 .text.FUNCfilter
                0x000009e4        0x4 Libraria/function.o
                0x000009e4                FUNCfilter
 .text.FUNCticks
                0x000009e8       0x14 Libraria/function.o
                0x000009e8                FUNCticks
 .text.FUNCtwocomptoint8bit
                0x000009fc       0x1a Libraria/function.o
                0x000009fc                FUNCtwocomptoint8bit
 .text.FUNCtwocomptoint10bit
                0x00000a16       0x18 Libraria/function.o
                0x00000a16                FUNCtwocomptoint10bit
 .text.FUNCtwocomptointnbit
                0x00000a2e       0x30 Libraria/function.o
                0x00000a2e                FUNCtwocomptointnbit
 .text.FUNCdec2bcd
                0x00000a5e       0x26 Libraria/function.o
                0x00000a5e                FUNCdec2bcd
 .text.FUNCbcd2dec
                0x00000a84       0x16 Libraria/function.o
                0x00000a84                FUNCbcd2dec
 .text.FUNCresizestr
                0x00000a9a       0x5a Libraria/function.o
                0x00000a9a                FUNCresizestr
 .text.FUNCtrimmer
                0x00000af4       0x82 Libraria/function.o
                0x00000af4                FUNCtrimmer
 .text.Power    0x00000b76       0x36 Libraria/function.o
                0x00000b76                Power
 .text.StringLength
                0x00000bac       0x1e Libraria/function.o
                0x00000bac                StringLength
 .text.FUNCtrim
                0x00000bca       0x38 Libraria/function.o
                0x00000bca                FUNCtrim
 .text.Reverse  0x00000c02       0x3c Libraria/function.o
                0x00000c02                Reverse
 .text.FUNCi32toa
                0x00000c3e       0xbe Libraria/function.o
                0x00000c3e                FUNCi32toa
 .text.FUNCi16toa
                0x00000cfc       0x78 Libraria/function.o
                0x00000cfc                FUNCi16toa
 .text.FUNCui16toa
                0x00000d74       0x80 Libraria/function.o
                0x00000d74                FUNCui16toa
 .text.FUNCbcd2bin
                0x00000df4       0x16 Libraria/function.o
                0x00000df4                FUNCbcd2bin
 .text.FUNCbin2bcd
                0x00000e0a       0x42 Libraria/function.o
                0x00000e0a                FUNCbin2bcd
 .text.FUNCgcd1
                0x00000e4c       0xa2 Libraria/function.o
                0x00000e4c                FUNCgcd1
 .text.FUNCpincheck
                0x00000eee       0x10 Libraria/function.o
                0x00000eee                FUNCpincheck
 .text.FUNCprint_binary
                0x00000efe       0x2c Libraria/function.o
                0x00000efe                FUNCprint_binary
 .text.FUNCmayia
                0x00000f2a       0x46 Libraria/function.o
                0x00000f2a                FUNCmayia
 .text.FUNCenable
                0x00000f70      0x14e Libraria/function.o
                0x00000f70                FUNCenable
 .text.KEYPAD_flush
                0x000010be       0x1c Libraria/keypad.o
                0x000010be                KEYPAD_flush
 .text.KEYPAD_getkey
                0x000010da      0x25a Libraria/keypad.o
                0x000010da                KEYPAD_getkey
 .text.KEYPAD_get
                0x00001334       0x48 Libraria/keypad.o
                0x00001334                KEYPAD_get
 .text.KEYPADenable
                0x0000137c       0xb0 Libraria/keypad.o
                0x0000137c                KEYPADenable
 .text.LCD0_write
                0x0000142c      0x188 Libraria/lcd.o
                0x0000142c                LCD0_write
 .text.LCD0_read
                0x000015b4       0xf6 Libraria/lcd.o
                0x000015b4                LCD0_read
 .text.LCD0_BF  0x000016aa       0x28 Libraria/lcd.o
                0x000016aa                LCD0_BF
 .text.LCD0_putch
                0x000016d2        0xe Libraria/lcd.o
                0x000016d2                LCD0_putch
 .text.LCD0_getch
                0x000016e0       0x16 Libraria/lcd.o
                0x000016e0                LCD0_getch
 .text.LCD0_string
                0x000016f6       0x26 Libraria/lcd.o
                0x000016f6                LCD0_string
 .text.LCD0_string_size
                0x0000171c       0x66 Libraria/lcd.o
                0x0000171c                LCD0_string_size
 .text.LCD0_hspace
                0x00001782       0x1e Libraria/lcd.o
                0x00001782                LCD0_hspace
 .text.LCD0_gotoxy
                0x000017a0       0x5e Libraria/lcd.o
                0x000017a0                LCD0_gotoxy
 .text.LCD0_clear
                0x000017fe       0x18 Libraria/lcd.o
                0x000017fe                LCD0_clear
 .text.LCD0_inic
                0x00001816       0x98 Libraria/lcd.o
                0x00001816                LCD0_inic
 .text.LCD0enable
                0x000018ae       0xb0 Libraria/lcd.o
                0x000018ae                LCD0enable
 .text.LCD0_reboot
                0x0000195e       0x24 Libraria/lcd.o
                0x0000195e                LCD0_reboot
 .text.__vector_20
                0x00001982       0x6e Libraria/uart.o
                0x00001982                __vector_20
 .text.__vector_28
                0x000019f0       0x58 Libraria/uart.o
                0x000019f0                __vector_28
 .text.__vector_21
                0x00001a48       0x6e Libraria/uart.o
                0x00001a48                __vector_21
 .text.__vector_29
                0x00001ab6       0x56 Libraria/uart.o
                0x00001ab6                __vector_29
 .text.PORTINIT
                0x00001b0c        0xa main.o
                0x00001b0c                PORTINIT
 .text.main     0x00001b16      0x97c main.o
                0x00001b16                main
 .text.__vector_13
                0x00002492       0x82 main.o
                0x00002492                __vector_13
 .text.libgcc.mul
                0x00002514       0x20 c:/program files (x86)/atmel/studio/7.0/toolchain/avr8/avr8-gnu-toolchain/bin/../lib/gcc/avr/5.4.0/avr5\libgcc.a(_mulsi3.o)
                0x00002514                __mulsi3
 .text.libgcc.div
                0x00002534       0x28 c:/program files (x86)/atmel/studio/7.0/toolchain/avr8/avr8-gnu-toolchain/bin/../lib/gcc/avr/5.4.0/avr5\libgcc.a(_divmodhi4.o)
                0x00002534                _div
                0x00002534                __divmodhi4
 .text.libgcc.div
                0x0000255c       0x2e c:/program files (x86)/atmel/studio/7.0/toolchain/avr8/avr8-gnu-toolchain/bin/../lib/gcc/avr/5.4.0/avr5\libgcc.a(_divmodsi4.o)
                0x0000255c                __divmodsi4
 .text.libgcc.div
                0x0000258a       0x10 c:/program files (x86)/atmel/studio/7.0/toolchain/avr8/avr8-gnu-toolchain/bin/../lib/gcc/avr/5.4.0/avr5\libgcc.a(_negsi2.o)
                0x0000258a                __negsi2
 .text.libgcc   0x0000259a        0xc c:/program files (x86)/atmel/studio/7.0/toolchain/avr8/avr8-gnu-toolchain/bin/../lib/gcc/avr/5.4.0/avr5\libgcc.a(_tablejump2.o)
                0x0000259a                __tablejump2__
 .text.libgcc.mul
                0x000025a6       0x1e c:/program files (x86)/atmel/studio/7.0/toolchain/avr8/avr8-gnu-toolchain/bin/../lib/gcc/avr/5.4.0/avr5\libgcc.a(_umulhisi3.o)
                0x000025a6                __umulhisi3
 .text.libgcc.mul
                0x000025c4       0x16 c:/program files (x86)/atmel/studio/7.0/toolchain/avr8/avr8-gnu-toolchain/bin/../lib/gcc/avr/5.4.0/avr5\libgcc.a(_muluhisi3.o)
                0x000025c4                __muluhisi3
 .text.libgcc.div
                0x000025da       0x28 c:/program files (x86)/atmel/studio/7.0/toolchain/avr8/avr8-gnu-toolchain/bin/../lib/gcc/avr/5.4.0/avr5\libgcc.a(_udivmodhi4.o)
                0x000025da                __udivmodhi4
 .text.libgcc.div
                0x00002602       0x44 c:/program files (x86)/atmel/studio/7.0/toolchain/avr8/avr8-gnu-toolchain/bin/../lib/gcc/avr/5.4.0/avr5\libgcc.a(_udivmodsi4.o)
                0x00002602                __udivmodsi4
 .text.avr-libc
                0x00002646       0x20 C:/Program Files (x86)/Atmel/Studio/7.0/Packs/atmel/ATmega_DFP/1.2.209/gcc/dev/atmega324a/avr5\libatmega324a.a(eerd_block.o)
                0x00002646                eeprom_read_block
                0x0000264a                eeprom_read_blraw
 .text.avr-libc
                0x00002666       0x10 C:/Program Files (x86)/Atmel/Studio/7.0/Packs/atmel/ATmega_DFP/1.2.209/gcc/dev/atmega324a/avr5\libatmega324a.a(eerd_byte.o)
                0x00002666                eeprom_read_byte
 .text.avr-libc
                0x00002676        0xc C:/Program Files (x86)/Atmel/Studio/7.0/Packs/atmel/ATmega_DFP/1.2.209/gcc/dev/atmega324a/avr5\libatmega324a.a(eerd_word.o)
                0x00002676                eeprom_read_word
 .text.avr-libc
                0x00002682       0x20 C:/Program Files (x86)/Atmel/Studio/7.0/Packs/atmel/ATmega_DFP/1.2.209/gcc/dev/atmega324a/avr5\libatmega324a.a(eeupd_block.o)
                0x00002682                eeprom_update_block
 .text.avr-libc
                0x000026a2       0x24 C:/Program Files (x86)/Atmel/Studio/7.0/Packs/atmel/ATmega_DFP/1.2.209/gcc/dev/atmega324a/avr5\libatmega324a.a(eeupd_byte.o)
                0x000026a2                eeprom_update_byte
                0x000026a4                eeprom_update_r18
 .text.avr-libc
                0x000026c6       0x18 C:/Program Files (x86)/Atmel/Studio/7.0/Packs/atmel/ATmega_DFP/1.2.209/gcc/dev/atmega324a/avr5\libatmega324a.a(eeupd_dword.o)
                0x000026c6                eeprom_update_float
                0x000026c6                eeprom_update_dword
 .text.avr-libc
                0x000026de        0xc C:/Program Files (x86)/Atmel/Studio/7.0/Packs/atmel/ATmega_DFP/1.2.209/gcc/dev/atmega324a/avr5\libatmega324a.a(eeupd_word.o)
                0x000026de                eeprom_update_word
 .text.avr-libc
                0x000026ea       0x14 C:/Program Files (x86)/Atmel/Studio/7.0/Packs/atmel/ATmega_DFP/1.2.209/gcc/dev/atmega324a/avr5\libatmega324a.a(eewr_block.o)
                0x000026ea                eeprom_write_block
 .text.avr-libc
                0x000026fe       0x1c C:/Program Files (x86)/Atmel/Studio/7.0/Packs/atmel/ATmega_DFP/1.2.209/gcc/dev/atmega324a/avr5\libatmega324a.a(eewr_byte.o)
                0x000026fe                eeprom_write_byte
                0x00002700                eeprom_write_r18
 .text.avr-libc
                0x0000271a       0x10 C:/Program Files (x86)/Atmel/Studio/7.0/Packs/atmel/ATmega_DFP/1.2.209/gcc/dev/atmega324a/avr5\libatmega324a.a(eewr_dword.o)
                0x0000271a                eeprom_write_dword
                0x0000271a                eeprom_write_float
 .text.avr-libc
                0x0000272a        0xa C:/Program Files (x86)/Atmel/Studio/7.0/Packs/atmel/ATmega_DFP/1.2.209/gcc/dev/atmega324a/avr5\libatmega324a.a(eewr_word.o)
                0x0000272a                eeprom_write_word
                0x00002734                . = ALIGN (0x2)
 *(.fini9)
 .fini9         0x00002734        0x0 c:/program files (x86)/atmel/studio/7.0/toolchain/avr8/avr8-gnu-toolchain/bin/../lib/gcc/avr/5.4.0/avr5\libgcc.a(_exit.o)
                0x00002734                _exit
                0x00002734                exit
 *(.fini9)
 *(.fini8)
 *(.fini8)
 *(.fini7)
 *(.fini7)
 *(.fini6)
 *(.fini6)
 *(.fini5)
 *(.fini5)
 *(.fini4)
 *(.fini4)
 *(.fini3)
 *(.fini3)
 *(.fini2)
 *(.fini2)
 *(.fini1)
 *(.fini1)
 *(.fini0)
 .fini0         0x00002734        0x4 c:/program files (x86)/atmel/studio/7.0/toolchain/avr8/avr8-gnu-toolchain/bin/../lib/gcc/avr/5.4.0/avr5\libgcc.a(_exit.o)
 *(.fini0)
                0x00002738                _etext = .

.data           0x00800100       0x36 load address 0x00002738
                0x00800100                PROVIDE (__data_start, .)
 *(.data)
 *(.data*)
 .data.keypadvalue
                0x00800100       0x10 Libraria/keypad.o
                0x00800100                keypadvalue
 .data.N_on     0x00800110        0x2 main.o
                0x00800110                N_on
 .data.N_off    0x00800112        0x2 main.o
                0x00800112                N_off
 *(.gnu.linkonce.d*)
 *(.rodata)
 *(.rodata*)
 .rodata.str1.1
                0x00800114       0x21 main.o
 *(.gnu.linkonce.r*)
                0x00800136                . = ALIGN (0x2)
 *fill*         0x00800135        0x1 
                0x00800136                _edata = .
                0x00800136                PROVIDE (__data_end, .)

.bss            0x00800136      0x181
                0x00800136                PROVIDE (__bss_start, .)
 *(.bss)
 *(.bss*)
 .bss.ADC_CHANNEL_GAIN
                0x00800136       0x10 Libraria/atmega324analog.o
 .bss.ADC_VALUE
                0x00800146       0x10 Libraria/atmega324analog.o
 .bss.bckIO     0x00800156        0x8 Libraria/atmega324preamble.o
 .bss.timer1_state
                0x0080015e        0x1 Libraria/atmega324timer.o
 .bss.UART1_LastRxError
                0x0080015f        0x1 Libraria/uart.o
 .bss.UART1_RxTail
                0x00800160        0x1 Libraria/uart.o
 .bss.UART1_RxHead
                0x00800161        0x1 Libraria/uart.o
 .bss.UART1_TxTail
                0x00800162        0x1 Libraria/uart.o
 .bss.UART1_TxHead
                0x00800163        0x1 Libraria/uart.o
 .bss.UART1_RxBuf
                0x00800164       0x40 Libraria/uart.o
 .bss.UART1_TxBuf
                0x008001a4       0x40 Libraria/uart.o
 .bss.UART_LastRxError
                0x008001e4        0x1 Libraria/uart.o
 .bss.UART_RxTail
                0x008001e5        0x1 Libraria/uart.o
 .bss.UART_RxHead
                0x008001e6        0x1 Libraria/uart.o
 .bss.UART_TxTail
                0x008001e7        0x1 Libraria/uart.o
 .bss.UART_TxHead
                0x008001e8        0x1 Libraria/uart.o
 .bss.UART_RxBuf
                0x008001e9       0x40 Libraria/uart.o
 .bss.UART_TxBuf
                0x00800229       0x40 Libraria/uart.o
 .bss.counter   0x00800269        0x2 main.o
                0x00800269                counter
 *(COMMON)
 COMMON         0x0080026b        0x9 Libraria/atmega324analog.o
                0x0080026b                ADC_SELECTOR
                0x0080026d                adc_sample
                0x0080026f                ADC_N_CHANNEL
                0x00800271                adc_n_sample
                0x00800272                adc_tmp
 COMMON         0x00800274       0x10 Libraria/function.o
                0x00800274                FUNCstr
 COMMON         0x00800284       0x25 Libraria/keypad.o
                0x00800284                keypad_PORT
                0x00800286                keypad_dataf
                0x0080028a                keypad_datai
                0x0080028e                KEYPADSTRINGINDEX
                0x0080028f                keypad_PIN
                0x00800291                data
                0x008002a7                keypad_DDR
 COMMON         0x008002a9        0xe Libraria/lcd.o
                0x008002a9                lcd0_PIN
                0x008002ab                lcd1_DDR
                0x008002ad                lcd1_detect
                0x008002ae                lcd1_PIN
                0x008002b0                lcd0_DDR
                0x008002b2                lcd0_detect
                0x008002b3                lcd0_PORT
                0x008002b5                lcd1_PORT
                0x008002b7                PROVIDE (__bss_end, .)
                0x00002738                __data_load_start = LOADADDR (.data)
                0x0000276e                __data_load_end = (__data_load_start + SIZEOF (.data))

.noinit         0x008002b7        0x0
                [!provide]                PROVIDE (__noinit_start, .)
 *(.noinit*)
                [!provide]                PROVIDE (__noinit_end, .)
                0x008002b7                _end = .
                [!provide]                PROVIDE (__heap_start, .)

.eeprom         0x00810000        0x0
 *(.eeprom*)
                0x00810000                __eeprom_end = .

.fuse
 *(.fuse)
 *(.lfuse)
 *(.hfuse)
 *(.efuse)

.lock
 *(.lock*)

.signature
 *(.signature*)

.user_signatures
 *(.user_signatures*)

.stab
 *(.stab)

.stabstr
 *(.stabstr)

.stab.excl
 *(.stab.excl)

.stab.exclstr
 *(.stab.exclstr)

.stab.index
 *(.stab.index)

.stab.indexstr
 *(.stab.indexstr)

.comment        0x00000000       0x30
 *(.comment)
 .comment       0x00000000       0x30 Libraria/atmega324analog.o
                                 0x31 (size before relaxing)
 .comment       0x00000030       0x31 Libraria/atmega324preamble.o
 .comment       0x00000030       0x31 Libraria/atmega324timer.o
 .comment       0x00000030       0x31 Libraria/eeprom.o
 .comment       0x00000030       0x31 Libraria/function.o
 .comment       0x00000030       0x31 Libraria/keypad.o
 .comment       0x00000030       0x31 Libraria/lcd.o
 .comment       0x00000030       0x31 Libraria/uart.o
 .comment       0x00000030       0x31 main.o

.note.gnu.avr.deviceinfo
                0x00000000       0x40
 .note.gnu.avr.deviceinfo
                0x00000000       0x40 C:/Program Files (x86)/Atmel/Studio/7.0/Packs/atmel/ATmega_DFP/1.2.209/gcc/dev/atmega324a/avr5/crtatmega324a.o

.note.gnu.build-id
 *(.note.gnu.build-id)

.debug
 *(.debug)

.line
 *(.line)

.debug_srcinfo
 *(.debug_srcinfo)

.debug_sfnames
 *(.debug_sfnames)

.debug_aranges  0x00000000      0x658
 *(.debug_aranges)
 .debug_aranges
                0x00000000       0x30 Libraria/atmega324analog.o
 .debug_aranges
                0x00000030       0x48 Libraria/atmega324preamble.o
 .debug_aranges
                0x00000078       0xc0 Libraria/atmega324timer.o
 .debug_aranges
                0x00000138       0x20 Libraria/eeprom.o
 .debug_aranges
                0x00000158      0x150 Libraria/function.o
 .debug_aranges
                0x000002a8       0x48 Libraria/keypad.o
 .debug_aranges
                0x000002f0      0x100 Libraria/lcd.o
 .debug_aranges
                0x000003f0       0xd8 Libraria/uart.o
 .debug_aranges
                0x000004c8       0x30 main.o
 .debug_aranges
                0x000004f8       0x20 C:/Program Files (x86)/Atmel/Studio/7.0/Packs/atmel/ATmega_DFP/1.2.209/gcc/dev/atmega324a/avr5\libatmega324a.a(eerd_block.o)
 .debug_aranges
                0x00000518       0x20 C:/Program Files (x86)/Atmel/Studio/7.0/Packs/atmel/ATmega_DFP/1.2.209/gcc/dev/atmega324a/avr5\libatmega324a.a(eerd_byte.o)
 .debug_aranges
                0x00000538       0x20 C:/Program Files (x86)/Atmel/Studio/7.0/Packs/atmel/ATmega_DFP/1.2.209/gcc/dev/atmega324a/avr5\libatmega324a.a(eerd_word.o)
 .debug_aranges
                0x00000558       0x20 C:/Program Files (x86)/Atmel/Studio/7.0/Packs/atmel/ATmega_DFP/1.2.209/gcc/dev/atmega324a/avr5\libatmega324a.a(eeupd_block.o)
 .debug_aranges
                0x00000578       0x20 C:/Program Files (x86)/Atmel/Studio/7.0/Packs/atmel/ATmega_DFP/1.2.209/gcc/dev/atmega324a/avr5\libatmega324a.a(eeupd_byte.o)
 .debug_aranges
                0x00000598       0x20 C:/Program Files (x86)/Atmel/Studio/7.0/Packs/atmel/ATmega_DFP/1.2.209/gcc/dev/atmega324a/avr5\libatmega324a.a(eeupd_dword.o)
 .debug_aranges
                0x000005b8       0x20 C:/Program Files (x86)/Atmel/Studio/7.0/Packs/atmel/ATmega_DFP/1.2.209/gcc/dev/atmega324a/avr5\libatmega324a.a(eeupd_word.o)
 .debug_aranges
                0x000005d8       0x20 C:/Program Files (x86)/Atmel/Studio/7.0/Packs/atmel/ATmega_DFP/1.2.209/gcc/dev/atmega324a/avr5\libatmega324a.a(eewr_block.o)
 .debug_aranges
                0x000005f8       0x20 C:/Program Files (x86)/Atmel/Studio/7.0/Packs/atmel/ATmega_DFP/1.2.209/gcc/dev/atmega324a/avr5\libatmega324a.a(eewr_byte.o)
 .debug_aranges
                0x00000618       0x20 C:/Program Files (x86)/Atmel/Studio/7.0/Packs/atmel/ATmega_DFP/1.2.209/gcc/dev/atmega324a/avr5\libatmega324a.a(eewr_dword.o)
 .debug_aranges
                0x00000638       0x20 C:/Program Files (x86)/Atmel/Studio/7.0/Packs/atmel/ATmega_DFP/1.2.209/gcc/dev/atmega324a/avr5\libatmega324a.a(eewr_word.o)

.debug_pubnames
 *(.debug_pubnames)

.debug_info     0x00000000     0x5f84
 *(.debug_info .gnu.linkonce.wi.*)
 .debug_info    0x00000000      0x6cc C:/Program Files (x86)/Atmel/Studio/7.0/Packs/atmel/ATmega_DFP/1.2.209/gcc/dev/atmega324a/avr5/crtatmega324a.o
 .debug_info    0x000006cc      0x25f Libraria/atmega324analog.o
 .debug_info    0x0000092b      0x246 Libraria/atmega324preamble.o
 .debug_info    0x00000b71      0x5eb Libraria/atmega324timer.o
 .debug_info    0x0000115c      0x2de Libraria/eeprom.o
 .debug_info    0x0000143a     0x11e1 Libraria/function.o
 .debug_info    0x0000261b      0x49c Libraria/keypad.o
 .debug_info    0x00002ab7     0x119e Libraria/lcd.o
 .debug_info    0x00003c55      0x9a3 Libraria/uart.o
 .debug_info    0x000045f8     0x121f main.o
 .debug_info    0x00005817       0xad C:/Program Files (x86)/Atmel/Studio/7.0/Packs/atmel/ATmega_DFP/1.2.209/gcc/dev/atmega324a/avr5\libatmega324a.a(eerd_block.o)
 .debug_info    0x000058c4       0xac C:/Program Files (x86)/Atmel/Studio/7.0/Packs/atmel/ATmega_DFP/1.2.209/gcc/dev/atmega324a/avr5\libatmega324a.a(eerd_byte.o)
 .debug_info    0x00005970       0xac C:/Program Files (x86)/Atmel/Studio/7.0/Packs/atmel/ATmega_DFP/1.2.209/gcc/dev/atmega324a/avr5\libatmega324a.a(eerd_word.o)
 .debug_info    0x00005a1c       0xae C:/Program Files (x86)/Atmel/Studio/7.0/Packs/atmel/ATmega_DFP/1.2.209/gcc/dev/atmega324a/avr5\libatmega324a.a(eeupd_block.o)
 .debug_info    0x00005aca       0xad C:/Program Files (x86)/Atmel/Studio/7.0/Packs/atmel/ATmega_DFP/1.2.209/gcc/dev/atmega324a/avr5\libatmega324a.a(eeupd_byte.o)
 .debug_info    0x00005b77       0xae C:/Program Files (x86)/Atmel/Studio/7.0/Packs/atmel/ATmega_DFP/1.2.209/gcc/dev/atmega324a/avr5\libatmega324a.a(eeupd_dword.o)
 .debug_info    0x00005c25       0xad C:/Program Files (x86)/Atmel/Studio/7.0/Packs/atmel/ATmega_DFP/1.2.209/gcc/dev/atmega324a/avr5\libatmega324a.a(eeupd_word.o)
 .debug_info    0x00005cd2       0xad C:/Program Files (x86)/Atmel/Studio/7.0/Packs/atmel/ATmega_DFP/1.2.209/gcc/dev/atmega324a/avr5\libatmega324a.a(eewr_block.o)
 .debug_info    0x00005d7f       0xac C:/Program Files (x86)/Atmel/Studio/7.0/Packs/atmel/ATmega_DFP/1.2.209/gcc/dev/atmega324a/avr5\libatmega324a.a(eewr_byte.o)
 .debug_info    0x00005e2b       0xad C:/Program Files (x86)/Atmel/Studio/7.0/Packs/atmel/ATmega_DFP/1.2.209/gcc/dev/atmega324a/avr5\libatmega324a.a(eewr_dword.o)
 .debug_info    0x00005ed8       0xac C:/Program Files (x86)/Atmel/Studio/7.0/Packs/atmel/ATmega_DFP/1.2.209/gcc/dev/atmega324a/avr5\libatmega324a.a(eewr_word.o)

.debug_abbrev   0x00000000     0x1749
 *(.debug_abbrev)
 .debug_abbrev  0x00000000      0x66e C:/Program Files (x86)/Atmel/Studio/7.0/Packs/atmel/ATmega_DFP/1.2.209/gcc/dev/atmega324a/avr5/crtatmega324a.o
 .debug_abbrev  0x0000066e      0x145 Libraria/atmega324analog.o
 .debug_abbrev  0x000007b3      0x108 Libraria/atmega324preamble.o
 .debug_abbrev  0x000008bb      0x17e Libraria/atmega324timer.o
 .debug_abbrev  0x00000a39       0xb5 Libraria/eeprom.o
 .debug_abbrev  0x00000aee      0x2f4 Libraria/function.o
 .debug_abbrev  0x00000de2      0x1da Libraria/keypad.o
 .debug_abbrev  0x00000fbc      0x2ed Libraria/lcd.o
 .debug_abbrev  0x000012a9      0x230 Libraria/uart.o
 .debug_abbrev  0x000014d9      0x194 main.o
 .debug_abbrev  0x0000166d       0x14 C:/Program Files (x86)/Atmel/Studio/7.0/Packs/atmel/ATmega_DFP/1.2.209/gcc/dev/atmega324a/avr5\libatmega324a.a(eerd_block.o)
 .debug_abbrev  0x00001681       0x14 C:/Program Files (x86)/Atmel/Studio/7.0/Packs/atmel/ATmega_DFP/1.2.209/gcc/dev/atmega324a/avr5\libatmega324a.a(eerd_byte.o)
 .debug_abbrev  0x00001695       0x14 C:/Program Files (x86)/Atmel/Studio/7.0/Packs/atmel/ATmega_DFP/1.2.209/gcc/dev/atmega324a/avr5\libatmega324a.a(eerd_word.o)
 .debug_abbrev  0x000016a9       0x14 C:/Program Files (x86)/Atmel/Studio/7.0/Packs/atmel/ATmega_DFP/1.2.209/gcc/dev/atmega324a/avr5\libatmega324a.a(eeupd_block.o)
 .debug_abbrev  0x000016bd       0x14 C:/Program Files (x86)/Atmel/Studio/7.0/Packs/atmel/ATmega_DFP/1.2.209/gcc/dev/atmega324a/avr5\libatmega324a.a(eeupd_byte.o)
 .debug_abbrev  0x000016d1       0x14 C:/Program Files (x86)/Atmel/Studio/7.0/Packs/atmel/ATmega_DFP/1.2.209/gcc/dev/atmega324a/avr5\libatmega324a.a(eeupd_dword.o)
 .debug_abbrev  0x000016e5       0x14 C:/Program Files (x86)/Atmel/Studio/7.0/Packs/atmel/ATmega_DFP/1.2.209/gcc/dev/atmega324a/avr5\libatmega324a.a(eeupd_word.o)
 .debug_abbrev  0x000016f9       0x14 C:/Program Files (x86)/Atmel/Studio/7.0/Packs/atmel/ATmega_DFP/1.2.209/gcc/dev/atmega324a/avr5\libatmega324a.a(eewr_block.o)
 .debug_abbrev  0x0000170d       0x14 C:/Program Files (x86)/Atmel/Studio/7.0/Packs/atmel/ATmega_DFP/1.2.209/gcc/dev/atmega324a/avr5\libatmega324a.a(eewr_byte.o)
 .debug_abbrev  0x00001721       0x14 C:/Program Files (x86)/Atmel/Studio/7.0/Packs/atmel/ATmega_DFP/1.2.209/gcc/dev/atmega324a/avr5\libatmega324a.a(eewr_dword.o)
 .debug_abbrev  0x00001735       0x14 C:/Program Files (x86)/Atmel/Studio/7.0/Packs/atmel/ATmega_DFP/1.2.209/gcc/dev/atmega324a/avr5\libatmega324a.a(eewr_word.o)

.debug_line     0x00000000     0x3bd3
 *(.debug_line .debug_line.* .debug_line_end)
 .debug_line    0x00000000      0x151 C:/Program Files (x86)/Atmel/Studio/7.0/Packs/atmel/ATmega_DFP/1.2.209/gcc/dev/atmega324a/avr5/crtatmega324a.o
 .debug_line    0x00000151      0x312 Libraria/atmega324analog.o
 .debug_line    0x00000463      0x2a5 Libraria/atmega324preamble.o
 .debug_line    0x00000708      0x7eb Libraria/atmega324timer.o
 .debug_line    0x00000ef3      0x12c Libraria/eeprom.o
 .debug_line    0x0000101f      0x7ff Libraria/function.o
 .debug_line    0x0000181e      0x3bf Libraria/keypad.o
 .debug_line    0x00001bdd      0xbc9 Libraria/lcd.o
 .debug_line    0x000027a6      0x89d Libraria/uart.o
 .debug_line    0x00003043      0x5eb main.o
 .debug_line    0x0000362e       0xab C:/Program Files (x86)/Atmel/Studio/7.0/Packs/atmel/ATmega_DFP/1.2.209/gcc/dev/atmega324a/avr5\libatmega324a.a(eerd_block.o)
 .debug_line    0x000036d9       0x7a C:/Program Files (x86)/Atmel/Studio/7.0/Packs/atmel/ATmega_DFP/1.2.209/gcc/dev/atmega324a/avr5\libatmega324a.a(eerd_byte.o)
 .debug_line    0x00003753       0x67 C:/Program Files (x86)/Atmel/Studio/7.0/Packs/atmel/ATmega_DFP/1.2.209/gcc/dev/atmega324a/avr5\libatmega324a.a(eerd_word.o)
 .debug_line    0x000037ba       0xa5 C:/Program Files (x86)/Atmel/Studio/7.0/Packs/atmel/ATmega_DFP/1.2.209/gcc/dev/atmega324a/avr5\libatmega324a.a(eeupd_block.o)
 .debug_line    0x0000385f       0xb6 C:/Program Files (x86)/Atmel/Studio/7.0/Packs/atmel/ATmega_DFP/1.2.209/gcc/dev/atmega324a/avr5\libatmega324a.a(eeupd_byte.o)
 .debug_line    0x00003915       0x7b C:/Program Files (x86)/Atmel/Studio/7.0/Packs/atmel/ATmega_DFP/1.2.209/gcc/dev/atmega324a/avr5\libatmega324a.a(eeupd_dword.o)
 .debug_line    0x00003990       0x62 C:/Program Files (x86)/Atmel/Studio/7.0/Packs/atmel/ATmega_DFP/1.2.209/gcc/dev/atmega324a/avr5\libatmega324a.a(eeupd_word.o)
 .debug_line    0x000039f2       0x80 C:/Program Files (x86)/Atmel/Studio/7.0/Packs/atmel/ATmega_DFP/1.2.209/gcc/dev/atmega324a/avr5\libatmega324a.a(eewr_block.o)
 .debug_line    0x00003a72       0x9e C:/Program Files (x86)/Atmel/Studio/7.0/Packs/atmel/ATmega_DFP/1.2.209/gcc/dev/atmega324a/avr5\libatmega324a.a(eewr_byte.o)
 .debug_line    0x00003b10       0x68 C:/Program Files (x86)/Atmel/Studio/7.0/Packs/atmel/ATmega_DFP/1.2.209/gcc/dev/atmega324a/avr5\libatmega324a.a(eewr_dword.o)
 .debug_line    0x00003b78       0x5b C:/Program Files (x86)/Atmel/Studio/7.0/Packs/atmel/ATmega_DFP/1.2.209/gcc/dev/atmega324a/avr5\libatmega324a.a(eewr_word.o)

.debug_frame    0x00000000      0xd04
 *(.debug_frame)
 .debug_frame   0x00000000       0x90 Libraria/atmega324analog.o
 .debug_frame   0x00000090       0x74 Libraria/atmega324preamble.o
 .debug_frame   0x00000104      0x190 Libraria/atmega324timer.o
 .debug_frame   0x00000294       0x24 Libraria/eeprom.o
 .debug_frame   0x000002b8      0x410 Libraria/function.o
 .debug_frame   0x000006c8       0x9c Libraria/keypad.o
 .debug_frame   0x00000764      0x28c Libraria/lcd.o
 .debug_frame   0x000009f0      0x294 Libraria/uart.o
 .debug_frame   0x00000c84       0x80 main.o

.debug_str      0x00000000     0x1185
 *(.debug_str)
 .debug_str     0x00000000      0x255 C:/Program Files (x86)/Atmel/Studio/7.0/Packs/atmel/ATmega_DFP/1.2.209/gcc/dev/atmega324a/avr5/crtatmega324a.o
 .debug_str     0x00000255      0x251 Libraria/atmega324analog.o
                                0x297 (size before relaxing)
 .debug_str     0x000004a6       0x8f Libraria/atmega324preamble.o
                                0x20e (size before relaxing)
 .debug_str     0x00000535      0x2d6 Libraria/atmega324timer.o
                                0x489 (size before relaxing)
 .debug_str     0x0000080b       0xee Libraria/eeprom.o
                                0x267 (size before relaxing)
 .debug_str     0x000008f9      0x27a Libraria/function.o
                                0x534 (size before relaxing)
 .debug_str     0x00000b73      0x108 Libraria/keypad.o
                                0x2a4 (size before relaxing)
 .debug_str     0x00000c7b      0x231 Libraria/lcd.o
                                0x404 (size before relaxing)
 .debug_str     0x00000eac      0x273 Libraria/uart.o
                                0x473 (size before relaxing)
 .debug_str     0x0000111f       0x66 main.o
                                0x555 (size before relaxing)

.debug_loc      0x00000000     0x4e4c
 *(.debug_loc)
 .debug_loc     0x00000000      0x30b Libraria/atmega324analog.o
 .debug_loc     0x0000030b      0x310 Libraria/atmega324preamble.o
 .debug_loc     0x0000061b      0x458 Libraria/atmega324timer.o
 .debug_loc     0x00000a73     0x1770 Libraria/function.o
 .debug_loc     0x000021e3      0x401 Libraria/keypad.o
 .debug_loc     0x000025e4     0x10ee Libraria/lcd.o
 .debug_loc     0x000036d2      0xf24 Libraria/uart.o
 .debug_loc     0x000045f6      0x856 main.o

.debug_macinfo
 *(.debug_macinfo)

.debug_weaknames
 *(.debug_weaknames)

.debug_funcnames
 *(.debug_funcnames)

.debug_typenames
 *(.debug_typenames)

.debug_varnames
 *(.debug_varnames)

.debug_pubtypes
 *(.debug_pubtypes)

.debug_ranges   0x00000000      0x498
 *(.debug_ranges)
 .debug_ranges  0x00000000       0x20 Libraria/atmega324analog.o
 .debug_ranges  0x00000020       0x38 Libraria/atmega324preamble.o
 .debug_ranges  0x00000058       0xb0 Libraria/atmega324timer.o
 .debug_ranges  0x00000108       0x10 Libraria/eeprom.o
 .debug_ranges  0x00000118      0x140 Libraria/function.o
 .debug_ranges  0x00000258       0x38 Libraria/keypad.o
 .debug_ranges  0x00000290       0xf0 Libraria/lcd.o
 .debug_ranges  0x00000380       0xf8 Libraria/uart.o
 .debug_ranges  0x00000478       0x20 main.o

.debug_macro
 *(.debug_macro)
OUTPUT(Atmega324.elf elf32-avr)
LOAD linker stubs
