Archive member included to satisfy reference by file (symbol)

c:/program files (x86)/atmel/studio/7.0/toolchain/avr8/avr8-gnu-toolchain/bin/../lib/gcc/avr/5.4.0/avr51\libgcc.a(_mulsi3.o)
                              Libraria/function.o (__mulsi3)
c:/program files (x86)/atmel/studio/7.0/toolchain/avr8/avr8-gnu-toolchain/bin/../lib/gcc/avr/5.4.0/avr51\libgcc.a(_udivmodhi4.o)
                              Libraria/clock.o (__udivmodhi4)
c:/program files (x86)/atmel/studio/7.0/toolchain/avr8/avr8-gnu-toolchain/bin/../lib/gcc/avr/5.4.0/avr51\libgcc.a(_divmodhi4.o)
                              Libraria/atmega128uart.o (__divmodhi4)
c:/program files (x86)/atmel/studio/7.0/toolchain/avr8/avr8-gnu-toolchain/bin/../lib/gcc/avr/5.4.0/avr51\libgcc.a(_udivmodsi4.o)
                              Libraria/atmega128twi.o (__udivmodsi4)
c:/program files (x86)/atmel/studio/7.0/toolchain/avr8/avr8-gnu-toolchain/bin/../lib/gcc/avr/5.4.0/avr51\libgcc.a(_divmodsi4.o)
                              Libraria/function.o (__divmodsi4)
c:/program files (x86)/atmel/studio/7.0/toolchain/avr8/avr8-gnu-toolchain/bin/../lib/gcc/avr/5.4.0/avr51\libgcc.a(_negsi2.o)
                              c:/program files (x86)/atmel/studio/7.0/toolchain/avr8/avr8-gnu-toolchain/bin/../lib/gcc/avr/5.4.0/avr51\libgcc.a(_divmodsi4.o) (__negsi2)
c:/program files (x86)/atmel/studio/7.0/toolchain/avr8/avr8-gnu-toolchain/bin/../lib/gcc/avr/5.4.0/avr51\libgcc.a(_exit.o)
                              C:/Program Files (x86)/Atmel/Studio/7.0/Packs/atmel/ATmega_DFP/1.3.300/gcc/dev/atmega128/avr51/crtatmega128.o (exit)
c:/program files (x86)/atmel/studio/7.0/toolchain/avr8/avr8-gnu-toolchain/bin/../lib/gcc/avr/5.4.0/avr51\libgcc.a(_tablejump2.o)
                              Libraria/atmega128interrupt.o (__tablejump2__)
c:/program files (x86)/atmel/studio/7.0/toolchain/avr8/avr8-gnu-toolchain/bin/../lib/gcc/avr/5.4.0/avr51\libgcc.a(_copy_data.o)
                              Libraria/atmega128uart.o (__do_copy_data)
c:/program files (x86)/atmel/studio/7.0/toolchain/avr8/avr8-gnu-toolchain/bin/../lib/gcc/avr/5.4.0/avr51\libgcc.a(_clear_bss.o)
                              Libraria/74hc595.o (__do_clear_bss)
c:/program files (x86)/atmel/studio/7.0/toolchain/avr8/avr8-gnu-toolchain/bin/../lib/gcc/avr/5.4.0/avr51\libgcc.a(_umulhisi3.o)
                              Libraria/clock.o (__umulhisi3)
c:/program files (x86)/atmel/studio/7.0/toolchain/avr8/avr8-gnu-toolchain/bin/../lib/gcc/avr/5.4.0/avr51\libgcc.a(_muluhisi3.o)
                              c:/program files (x86)/atmel/studio/7.0/toolchain/avr8/avr8-gnu-toolchain/bin/../lib/gcc/avr/5.4.0/avr51\libgcc.a(_mulsi3.o) (__muluhisi3)
C:/Program Files (x86)/Atmel/Studio/7.0/Packs/atmel/ATmega_DFP/1.3.300/gcc/dev/atmega128/avr51\libatmega128.a(eerd_block.o)
                              Libraria/eeprom.o (eeprom_read_block)
C:/Program Files (x86)/Atmel/Studio/7.0/Packs/atmel/ATmega_DFP/1.3.300/gcc/dev/atmega128/avr51\libatmega128.a(eerd_byte.o)
                              Libraria/eeprom.o (eeprom_read_byte)
C:/Program Files (x86)/Atmel/Studio/7.0/Packs/atmel/ATmega_DFP/1.3.300/gcc/dev/atmega128/avr51\libatmega128.a(eerd_word.o)
                              Libraria/eeprom.o (eeprom_read_word)
C:/Program Files (x86)/Atmel/Studio/7.0/Packs/atmel/ATmega_DFP/1.3.300/gcc/dev/atmega128/avr51\libatmega128.a(eeupd_block.o)
                              Libraria/eeprom.o (eeprom_update_block)
C:/Program Files (x86)/Atmel/Studio/7.0/Packs/atmel/ATmega_DFP/1.3.300/gcc/dev/atmega128/avr51\libatmega128.a(eeupd_byte.o)
                              Libraria/eeprom.o (eeprom_update_byte)
C:/Program Files (x86)/Atmel/Studio/7.0/Packs/atmel/ATmega_DFP/1.3.300/gcc/dev/atmega128/avr51\libatmega128.a(eeupd_dword.o)
                              Libraria/eeprom.o (eeprom_update_float)
C:/Program Files (x86)/Atmel/Studio/7.0/Packs/atmel/ATmega_DFP/1.3.300/gcc/dev/atmega128/avr51\libatmega128.a(eeupd_word.o)
                              Libraria/eeprom.o (eeprom_update_word)
C:/Program Files (x86)/Atmel/Studio/7.0/Packs/atmel/ATmega_DFP/1.3.300/gcc/dev/atmega128/avr51\libatmega128.a(eewr_block.o)
                              Libraria/eeprom.o (eeprom_write_block)
C:/Program Files (x86)/Atmel/Studio/7.0/Packs/atmel/ATmega_DFP/1.3.300/gcc/dev/atmega128/avr51\libatmega128.a(eewr_byte.o)
                              Libraria/eeprom.o (eeprom_write_byte)
C:/Program Files (x86)/Atmel/Studio/7.0/Packs/atmel/ATmega_DFP/1.3.300/gcc/dev/atmega128/avr51\libatmega128.a(eewr_dword.o)
                              Libraria/eeprom.o (eeprom_write_dword)
C:/Program Files (x86)/Atmel/Studio/7.0/Packs/atmel/ATmega_DFP/1.3.300/gcc/dev/atmega128/avr51\libatmega128.a(eewr_word.o)
                              Libraria/eeprom.o (eeprom_write_word)

Allocating common symbols
Common symbol       size              file

keypad_PORT         0x2               Libraria/keypad.o
lcd0_PIN            0x2               Libraria/lcd.o
uart_msg            0x20              Libraria/atmega128uart.o
CLOCK_timp          0x9               Libraria/clock.o
CLOCK_alarm_flag    0x1               Libraria/clock.o
FUNCstr             0x14              Libraria/function.o
timer1_state        0x1               Libraria/atmega128timer.o
hc595_DDR           0x2               Libraria/74hc595.o
hc595_PORT          0x2               Libraria/74hc595.o
alarmtime           0x3               Libraria/clock.o
keypad_dataf        0x4               Libraria/keypad.o
lcd1_DDR            0x2               Libraria/lcd.o
keypad_datai        0x4               Libraria/keypad.o
lcd1_detect         0x1               Libraria/lcd.o
lcd1_PIN            0x2               Libraria/lcd.o
tmp2                0xb               Libraria/lfsm.o
lcd0_DDR            0x2               Libraria/lcd.o
KEYPADSTRINGINDEX   0x1               Libraria/keypad.o
lcd0_detect         0x1               Libraria/lcd.o
HC595_datapin       0x1               Libraria/74hc595.o
uart1_index         0x2               Libraria/atmega128uart.o
HC595_outpin        0x1               Libraria/74hc595.o
HC595_clkpin        0x1               Libraria/74hc595.o
timer3_state        0x1               Libraria/atmega128timer.o
keypad_PIN          0x2               Libraria/keypad.o
uart1_msg           0x20              Libraria/atmega128uart.o
data                0x16              Libraria/keypad.o
timer2_state        0x1               Libraria/atmega128timer.o
time                0x3               Libraria/clock.o
uart_index          0x2               Libraria/atmega128uart.o
lcd0_PORT           0x2               Libraria/lcd.o
twi_chip_id         0x1               Libraria/atmega128twi.o
lcd1_PORT           0x2               Libraria/lcd.o
keypad_DDR          0x2               Libraria/keypad.o
laptime             0x3               Libraria/clock.o
i2c_output          0x1               Libraria/atmega128twi.o
tmp1                0xb               Libraria/lfsm.o
timer0_state        0x1               Libraria/atmega128timer.o
CLOCK_compare_active
                    0x1               Libraria/clock.o

Discarded input sections

 .data          0x00000000        0x0 C:/Program Files (x86)/Atmel/Studio/7.0/Packs/atmel/ATmega_DFP/1.3.300/gcc/dev/atmega128/avr51/crtatmega128.o
 .bss           0x00000000        0x0 C:/Program Files (x86)/Atmel/Studio/7.0/Packs/atmel/ATmega_DFP/1.3.300/gcc/dev/atmega128/avr51/crtatmega128.o
 .text          0x00000000        0x0 Libraria/74hc595.o
 .data          0x00000000        0x0 Libraria/74hc595.o
 .bss           0x00000000        0x0 Libraria/74hc595.o
 .text.HC595_shift_bit
                0x00000000       0x8a Libraria/74hc595.o
 .text.HC595_shift_out
                0x00000000       0x42 Libraria/74hc595.o
 .text.HC595_shift_byte
                0x00000000       0x40 Libraria/74hc595.o
 .text.HC595enable
                0x00000000       0xb2 Libraria/74hc595.o
 .debug_info    0x00000000      0x23b Libraria/74hc595.o
 .debug_abbrev  0x00000000      0x15a Libraria/74hc595.o
 .debug_loc     0x00000000      0x228 Libraria/74hc595.o
 .debug_aranges
                0x00000000       0x38 Libraria/74hc595.o
 .debug_ranges  0x00000000       0x28 Libraria/74hc595.o
 .debug_line    0x00000000      0x185 Libraria/74hc595.o
 .debug_str     0x00000000      0x23a Libraria/74hc595.o
 .comment       0x00000000       0x31 Libraria/74hc595.o
 .debug_frame   0x00000000       0x88 Libraria/74hc595.o
 COMMON         0x00000000        0x7 Libraria/74hc595.o
 .text          0x00000000        0x0 Libraria/atmega128analog.o
 .data          0x00000000        0x0 Libraria/atmega128analog.o
 .bss           0x00000000        0x0 Libraria/atmega128analog.o
 .text.ANALOG_read
                0x00000000       0x14 Libraria/atmega128analog.o
 .text.ANALOGenable
                0x00000000      0x12c Libraria/atmega128analog.o
 .text          0x00000000        0x0 Libraria/atmega128interrupt.o
 .data          0x00000000        0x0 Libraria/atmega128interrupt.o
 .bss           0x00000000        0x0 Libraria/atmega128interrupt.o
 .text.INTERRUPT_reset_status
                0x00000000       0x5a Libraria/atmega128interrupt.o
 .text.INTERRUPT_set
                0x00000000      0x1d0 Libraria/atmega128interrupt.o
 .progmem.gcc_sw_table.INTERRUPT_set
                0x00000000       0x10 Libraria/atmega128interrupt.o
 .text.INTERRUPT_off
                0x00000000       0x56 Libraria/atmega128interrupt.o
 .progmem.gcc_sw_table.INTERRUPT_off
                0x00000000       0x10 Libraria/atmega128interrupt.o
 .text.INTERRUPTenable
                0x00000000       0x44 Libraria/atmega128interrupt.o
 .text          0x00000000        0x0 Libraria/atmega128spi.o
 .data          0x00000000        0x0 Libraria/atmega128spi.o
 .bss           0x00000000        0x0 Libraria/atmega128spi.o
 .text.spi_transfer_sync
                0x00000000       0x2c Libraria/atmega128spi.o
 .text.spi_transmit_sync
                0x00000000       0x24 Libraria/atmega128spi.o
 .text.spi_fast_shift
                0x00000000        0xa Libraria/atmega128spi.o
 .text.SPIenable
                0x00000000      0x10c Libraria/atmega128spi.o
 .text.spi_default
                0x00000000       0x16 Libraria/atmega128spi.o
 .text          0x00000000        0x0 Libraria/atmega128timer.o
 .data          0x00000000        0x0 Libraria/atmega128timer.o
 .bss           0x00000000        0x0 Libraria/atmega128timer.o
 .text.TIMER_COUNTER0_start
                0x00000000       0x8a Libraria/atmega128timer.o
 .text.TIMER_COUNTER0_compoutmode
                0x00000000       0x2a Libraria/atmega128timer.o
 .text.TIMER_COUNTER0_compare
                0x00000000        0x4 Libraria/atmega128timer.o
 .text.TIMER_COUNTER0_stop
                0x00000000        0xe Libraria/atmega128timer.o
 .text.TIMER_COUNTER1_start
                0x00000000       0x8e Libraria/atmega128timer.o
 .text.TIMER_COUNTER1_compoutmodeA
                0x00000000       0x2a Libraria/atmega128timer.o
 .text.TIMER_COUNTER1_compoutmodeB
                0x00000000       0x2a Libraria/atmega128timer.o
 .text.TIMER_COUNTER1_compoutmodeC
                0x00000000       0x2a Libraria/atmega128timer.o
 .text.TIMER_COUNTER1_compareA
                0x00000000        0x6 Libraria/atmega128timer.o
 .text.TIMER_COUNTER1_compareB
                0x00000000        0x6 Libraria/atmega128timer.o
 .text.TIMER_COUNTER1_compareC
                0x00000000        0xa Libraria/atmega128timer.o
 .text.TIMER_COUNTER1_stop
                0x00000000       0x10 Libraria/atmega128timer.o
 .text.TIMER_COUNTER2_start
                0x00000000       0x8a Libraria/atmega128timer.o
 .text.TIMER_COUNTER2_compoutmode
                0x00000000       0x2a Libraria/atmega128timer.o
 .text.TIMER_COUNTER2_compare
                0x00000000        0x4 Libraria/atmega128timer.o
 .text.TIMER_COUNTER2_stop
                0x00000000        0xe Libraria/atmega128timer.o
 .text.TIMER_COUNTER3_start
                0x00000000       0xb6 Libraria/atmega128timer.o
 .text.TIMER_COUNTER3_compoutmodeA
                0x00000000       0x36 Libraria/atmega128timer.o
 .text.TIMER_COUNTER3_compoutmodeB
                0x00000000       0x36 Libraria/atmega128timer.o
 .text.TIMER_COUNTER3_compoutmodeC
                0x00000000       0x36 Libraria/atmega128timer.o
 .text.TIMER_COUNTER3_compareA
                0x00000000        0xa Libraria/atmega128timer.o
 .text.TIMER_COUNTER3_compareB
                0x00000000        0xa Libraria/atmega128timer.o
 .text.TIMER_COUNTER3_compareC
                0x00000000        0xa Libraria/atmega128timer.o
 .text.TIMER_COUNTER3_stop
                0x00000000       0x18 Libraria/atmega128timer.o
 .text.TIMER_COUNTER0enable
                0x00000000       0x84 Libraria/atmega128timer.o
 .text.TIMER_COUNTER1enable
                0x00000000      0x1ec Libraria/atmega128timer.o
 .progmem.gcc_sw_table.TIMER_COUNTER1enable
                0x00000000       0x36 Libraria/atmega128timer.o
 .text.TIMER_COUNTER2enable
                0x00000000       0x7e Libraria/atmega128timer.o
 .text.TIMER_COUNTER3enable
                0x00000000      0x264 Libraria/atmega128timer.o
 .progmem.gcc_sw_table.TIMER_COUNTER3enable
                0x00000000       0x36 Libraria/atmega128timer.o
 COMMON         0x00000000        0x4 Libraria/atmega128timer.o
 .text          0x00000000        0x0 Libraria/atmega128twi.o
 .data          0x00000000        0x0 Libraria/atmega128twi.o
 .bss           0x00000000        0x0 Libraria/atmega128twi.o
 .text.I2Cenable
                0x00000000       0xe0 Libraria/atmega128twi.o
 .text.twi_transmit
                0x00000000       0x48 Libraria/atmega128twi.o
 .text.twi_stop
                0x00000000       0x2c Libraria/atmega128twi.o
 .text.twi_status
                0x00000000        0x8 Libraria/atmega128twi.o
 .text.twi_poll
                0x00000000       0x28 Libraria/atmega128twi.o
 .text.twi_start
                0x00000000       0x24 Libraria/atmega128twi.o
 .text.twi_master_connect
                0x00000000       0x36 Libraria/atmega128twi.o
 .text.twi_master_write
                0x00000000       0x38 Libraria/atmega128twi.o
 .text.twi_master_read
                0x00000000       0xa0 Libraria/atmega128twi.o
 COMMON         0x00000000        0x2 Libraria/atmega128twi.o
 .text          0x00000000        0x0 Libraria/atmega128uart.o
 .data          0x00000000        0x0 Libraria/atmega128uart.o
 .bss           0x00000000        0x0 Libraria/atmega128uart.o
 .text.uart_getc
                0x00000000       0x3a Libraria/atmega128uart.o
 .text.uart_available
                0x00000000       0x1a Libraria/atmega128uart.o
 .text.uart_flush
                0x00000000        0xa Libraria/atmega128uart.o
 .text.uart1_getc
                0x00000000       0x3a Libraria/atmega128uart.o
 .text.uart1_available
                0x00000000       0x1a Libraria/atmega128uart.o
 .text.uart1_flush
                0x00000000        0xa Libraria/atmega128uart.o
 .text.UARTenable
                0x00000000      0x1d6 Libraria/atmega128uart.o
 .text.UART_Rx_pop
                0x00000000       0x2a Libraria/atmega128uart.o
 .rodata.str1.1
                0x00000000        0x6 Libraria/atmega128uart.o
 .text.uart_read
                0x00000000       0x5a Libraria/atmega128uart.o
 .text.UART_Tx_push
                0x00000000       0x26 Libraria/atmega128uart.o
 .text.uart_putc
                0x00000000        0x8 Libraria/atmega128uart.o
 .text.uart_puts
                0x00000000       0x1e Libraria/atmega128uart.o
 .text.uart_puts_p
                0x00000000       0x24 Libraria/atmega128uart.o
 .text.UART1enable
                0x00000000      0x210 Libraria/atmega128uart.o
 .text.UART1_Rx_pop
                0x00000000       0x2a Libraria/atmega128uart.o
 .text.uart1_read
                0x00000000       0x5a Libraria/atmega128uart.o
 .text.UART1_Tx_push
                0x00000000       0x26 Libraria/atmega128uart.o
 .text.uart1_putc
                0x00000000       0x10 Libraria/atmega128uart.o
 .text.uart1_puts
                0x00000000       0x1e Libraria/atmega128uart.o
 .text.uart1_puts_p
                0x00000000       0x24 Libraria/atmega128uart.o
 COMMON         0x00000000       0x44 Libraria/atmega128uart.o
 .text          0x00000000        0x0 Libraria/clock.o
 .data          0x00000000        0x0 Libraria/clock.o
 .bss           0x00000000        0x0 Libraria/clock.o
 .text.CLOCK_set
                0x00000000        0xc Libraria/clock.o
 .text.CLOCK_increment
                0x00000000      0x114 Libraria/clock.o
 .text.CLOCK_decrement
                0x00000000       0xac Libraria/clock.o
 .text.CLOCK_alarm
                0x00000000       0x1e Libraria/clock.o
 .text.CLOCK_second_count
                0x00000000       0xfa Libraria/clock.o
 .text.CLOCK_alarm_reset
                0x00000000        0x6 Libraria/clock.o
 .text.CLOCK_alarm_stop
                0x00000000        0x8 Libraria/clock.o
 .text.CLOCK_second_count_reset
                0x00000000        0x6 Libraria/clock.o
 .text.CLOCK_second_count_stop
                0x00000000        0x8 Libraria/clock.o
 .text.CLOCK_show
                0x00000000       0xda Libraria/clock.o
 .text.CLOCKenable
                0x00000000       0x70 Libraria/clock.o
 .debug_info    0x00000000      0x44b Libraria/clock.o
 .debug_abbrev  0x00000000      0x170 Libraria/clock.o
 .debug_loc     0x00000000      0x1e1 Libraria/clock.o
 .debug_aranges
                0x00000000       0x70 Libraria/clock.o
 .debug_ranges  0x00000000       0x60 Libraria/clock.o
 .debug_line    0x00000000      0x3d9 Libraria/clock.o
 .debug_str     0x00000000      0x344 Libraria/clock.o
 .comment       0x00000000       0x31 Libraria/clock.o
 .debug_frame   0x00000000       0xec Libraria/clock.o
 COMMON         0x00000000       0x14 Libraria/clock.o
 .text          0x00000000        0x0 Libraria/eeprom.o
 .data          0x00000000        0x0 Libraria/eeprom.o
 .bss           0x00000000        0x0 Libraria/eeprom.o
 .text.EEPROMenable
                0x00000000       0x66 Libraria/eeprom.o
 .debug_info    0x00000000      0x2de Libraria/eeprom.o
 .debug_abbrev  0x00000000       0xb5 Libraria/eeprom.o
 .debug_aranges
                0x00000000       0x20 Libraria/eeprom.o
 .debug_ranges  0x00000000       0x10 Libraria/eeprom.o
 .debug_line    0x00000000      0x12c Libraria/eeprom.o
 .debug_str     0x00000000      0x26f Libraria/eeprom.o
 .comment       0x00000000       0x31 Libraria/eeprom.o
 .debug_frame   0x00000000       0x24 Libraria/eeprom.o
 .text          0x00000000        0x0 Libraria/function.o
 .data          0x00000000        0x0 Libraria/function.o
 .bss           0x00000000        0x0 Libraria/function.o
 .text.leap_year_check
                0x00000000       0x70 Libraria/function.o
 .text          0x00000000        0x0 Libraria/i2c.o
 .data          0x00000000        0x0 Libraria/i2c.o
 .bss           0x00000000        0x0 Libraria/i2c.o
 .text          0x00000000        0x0 Libraria/keypad.o
 .data          0x00000000        0x0 Libraria/keypad.o
 .bss           0x00000000        0x0 Libraria/keypad.o
 .text.KEYPAD_flush
                0x00000000       0x1c Libraria/keypad.o
 .text.KEYPAD_getkey
                0x00000000      0x25a Libraria/keypad.o
 .text.KEYPAD_get
                0x00000000       0x48 Libraria/keypad.o
 .text.KEYPADenable
                0x00000000       0xb0 Libraria/keypad.o
 .text.KEYPADlh
                0x00000000        0x6 Libraria/keypad.o
 .text.KEYPADhl
                0x00000000        0x6 Libraria/keypad.o
 .data.keypadvalue
                0x00000000       0x10 Libraria/keypad.o
 .debug_info    0x00000000      0x49c Libraria/keypad.o
 .debug_abbrev  0x00000000      0x1da Libraria/keypad.o
 .debug_loc     0x00000000      0x401 Libraria/keypad.o
 .debug_aranges
                0x00000000       0x48 Libraria/keypad.o
 .debug_ranges  0x00000000       0x38 Libraria/keypad.o
 .debug_line    0x00000000      0x3bf Libraria/keypad.o
 .debug_str     0x00000000      0x2ad Libraria/keypad.o
 .comment       0x00000000       0x31 Libraria/keypad.o
 .debug_frame   0x00000000       0x9c Libraria/keypad.o
 COMMON         0x00000000       0x25 Libraria/keypad.o
 .text          0x00000000        0x0 Libraria/lcd.o
 .data          0x00000000        0x0 Libraria/lcd.o
 .bss           0x00000000        0x0 Libraria/lcd.o
 .text.LCD1_write
                0x00000000      0x188 Libraria/lcd.o
 .text.LCD1_read
                0x00000000       0xf6 Libraria/lcd.o
 .text.LCD1_BF  0x00000000       0x28 Libraria/lcd.o
 .text.LCD1_putch
                0x00000000        0xe Libraria/lcd.o
 .text.LCD1_getch
                0x00000000       0x16 Libraria/lcd.o
 .text.LCD1_string
                0x00000000       0x26 Libraria/lcd.o
 .text.LCD1_string_size
                0x00000000       0x66 Libraria/lcd.o
 .text.LCD1_hspace
                0x00000000       0x1e Libraria/lcd.o
 .text.LCD1_gotoxy
                0x00000000       0x5e Libraria/lcd.o
 .text.LCD1_clear
                0x00000000       0x18 Libraria/lcd.o
 .text.LCD0_strobe
                0x00000000       0x1e Libraria/lcd.o
 .text.LCD1_inic
                0x00000000       0x98 Libraria/lcd.o
 .text.LCD1enable
                0x00000000       0xb0 Libraria/lcd.o
 .text.LCD1_reboot
                0x00000000       0x24 Libraria/lcd.o
 .text.LCD1_strobe
                0x00000000       0x1e Libraria/lcd.o
 .text.LCD_ticks
                0x00000000       0x14 Libraria/lcd.o
 .text          0x00000000        0x0 Libraria/lfsm.o
 .data          0x00000000        0x0 Libraria/lfsm.o
 .bss           0x00000000        0x0 Libraria/lfsm.o
 .text.LFSMquant
                0x00000000       0x8c Libraria/lfsm.o
 .text.LFSMdeleteall
                0x00000000       0xb2 Libraria/lfsm.o
 .text.LFSMgetoutput
                0x00000000        0x8 Libraria/lfsm.o
 .text.LFSMgetstatus
                0x00000000        0x6 Libraria/lfsm.o
 .text.LFSMsetoutput
                0x00000000        0xa Libraria/lfsm.o
 .text.LFSMgetpage
                0x00000000        0x6 Libraria/lfsm.o
 .text.LFSMsetpage
                0x00000000        0x6 Libraria/lfsm.o
 .text.LFSMread
                0x00000000      0x312 Libraria/lfsm.o
 .text.LFSMremove
                0x00000000      0x292 Libraria/lfsm.o
 .text.LFSMlearn
                0x00000000      0x232 Libraria/lfsm.o
 .text.LFSMenable
                0x00000000       0x68 Libraria/lfsm.o
 .text.LFSMlh   0x00000000        0xa Libraria/lfsm.o
 .text.LFSMhl   0x00000000        0xa Libraria/lfsm.o
 .text.LFSMoutputcalc
                0x00000000       0x18 Libraria/lfsm.o
 .rodata.tmask  0x00000000        0x2 Libraria/lfsm.o
 .debug_info    0x00000000      0xfb6 Libraria/lfsm.o
 .debug_abbrev  0x00000000      0x2db Libraria/lfsm.o
 .debug_loc     0x00000000     0x1355 Libraria/lfsm.o
 .debug_aranges
                0x00000000       0x88 Libraria/lfsm.o
 .debug_ranges  0x00000000       0x78 Libraria/lfsm.o
 .debug_line    0x00000000      0x70b Libraria/lfsm.o
 .debug_str     0x00000000      0x3f5 Libraria/lfsm.o
 .comment       0x00000000       0x31 Libraria/lfsm.o
 .debug_frame   0x00000000      0x278 Libraria/lfsm.o
 COMMON         0x00000000       0x16 Libraria/lfsm.o
 .text          0x00000000        0x0 Libraria/pcf8563rtc.o
 .data          0x00000000        0x0 Libraria/pcf8563rtc.o
 .bss           0x00000000        0x0 Libraria/pcf8563rtc.o
 .text.PCF8563RTC_SetTime
                0x00000000       0x3a Libraria/pcf8563rtc.o
 .text.PCF8563RTC_SetDate
                0x00000000       0x3a Libraria/pcf8563rtc.o
 .text          0x00000000        0x0 Libraria/rotenc.o
 .data          0x00000000        0x0 Libraria/rotenc.o
 .bss           0x00000000        0x0 Libraria/rotenc.o
 .text.RotEnc_rte
                0x00000000       0xca Libraria/rotenc.o
 .text.ROTENCenable
                0x00000000       0x60 Libraria/rotenc.o
 .debug_info    0x00000000      0x19e Libraria/rotenc.o
 .debug_abbrev  0x00000000       0xe4 Libraria/rotenc.o
 .debug_loc     0x00000000      0x1e5 Libraria/rotenc.o
 .debug_aranges
                0x00000000       0x28 Libraria/rotenc.o
 .debug_ranges  0x00000000       0x18 Libraria/rotenc.o
 .debug_line    0x00000000      0x122 Libraria/rotenc.o
 .debug_str     0x00000000      0x1eb Libraria/rotenc.o
 .comment       0x00000000       0x31 Libraria/rotenc.o
 .debug_frame   0x00000000       0x54 Libraria/rotenc.o
 .text          0x00000000        0x0 main.o
 .data          0x00000000        0x0 main.o
 .bss           0x00000000        0x0 main.o
 .text          0x00000000        0x0 c:/program files (x86)/atmel/studio/7.0/toolchain/avr8/avr8-gnu-toolchain/bin/../lib/gcc/avr/5.4.0/avr51\libgcc.a(_mulsi3.o)
 .data          0x00000000        0x0 c:/program files (x86)/atmel/studio/7.0/toolchain/avr8/avr8-gnu-toolchain/bin/../lib/gcc/avr/5.4.0/avr51\libgcc.a(_mulsi3.o)
 .bss           0x00000000        0x0 c:/program files (x86)/atmel/studio/7.0/toolchain/avr8/avr8-gnu-toolchain/bin/../lib/gcc/avr/5.4.0/avr51\libgcc.a(_mulsi3.o)
 .text.libgcc.div
                0x00000000        0x0 c:/program files (x86)/atmel/studio/7.0/toolchain/avr8/avr8-gnu-toolchain/bin/../lib/gcc/avr/5.4.0/avr51\libgcc.a(_mulsi3.o)
 .text.libgcc   0x00000000        0x0 c:/program files (x86)/atmel/studio/7.0/toolchain/avr8/avr8-gnu-toolchain/bin/../lib/gcc/avr/5.4.0/avr51\libgcc.a(_mulsi3.o)
 .text.libgcc.prologue
                0x00000000        0x0 c:/program files (x86)/atmel/studio/7.0/toolchain/avr8/avr8-gnu-toolchain/bin/../lib/gcc/avr/5.4.0/avr51\libgcc.a(_mulsi3.o)
 .text.libgcc.builtins
                0x00000000        0x0 c:/program files (x86)/atmel/studio/7.0/toolchain/avr8/avr8-gnu-toolchain/bin/../lib/gcc/avr/5.4.0/avr51\libgcc.a(_mulsi3.o)
 .text.libgcc.fmul
                0x00000000        0x0 c:/program files (x86)/atmel/studio/7.0/toolchain/avr8/avr8-gnu-toolchain/bin/../lib/gcc/avr/5.4.0/avr51\libgcc.a(_mulsi3.o)
 .text.libgcc.fixed
                0x00000000        0x0 c:/program files (x86)/atmel/studio/7.0/toolchain/avr8/avr8-gnu-toolchain/bin/../lib/gcc/avr/5.4.0/avr51\libgcc.a(_mulsi3.o)
 .text          0x00000000        0x0 c:/program files (x86)/atmel/studio/7.0/toolchain/avr8/avr8-gnu-toolchain/bin/../lib/gcc/avr/5.4.0/avr51\libgcc.a(_udivmodhi4.o)
 .data          0x00000000        0x0 c:/program files (x86)/atmel/studio/7.0/toolchain/avr8/avr8-gnu-toolchain/bin/../lib/gcc/avr/5.4.0/avr51\libgcc.a(_udivmodhi4.o)
 .bss           0x00000000        0x0 c:/program files (x86)/atmel/studio/7.0/toolchain/avr8/avr8-gnu-toolchain/bin/../lib/gcc/avr/5.4.0/avr51\libgcc.a(_udivmodhi4.o)
 .text.libgcc.mul
                0x00000000        0x0 c:/program files (x86)/atmel/studio/7.0/toolchain/avr8/avr8-gnu-toolchain/bin/../lib/gcc/avr/5.4.0/avr51\libgcc.a(_udivmodhi4.o)
 .text.libgcc   0x00000000        0x0 c:/program files (x86)/atmel/studio/7.0/toolchain/avr8/avr8-gnu-toolchain/bin/../lib/gcc/avr/5.4.0/avr51\libgcc.a(_udivmodhi4.o)
 .text.libgcc.prologue
                0x00000000        0x0 c:/program files (x86)/atmel/studio/7.0/toolchain/avr8/avr8-gnu-toolchain/bin/../lib/gcc/avr/5.4.0/avr51\libgcc.a(_udivmodhi4.o)
 .text.libgcc.builtins
                0x00000000        0x0 c:/program files (x86)/atmel/studio/7.0/toolchain/avr8/avr8-gnu-toolchain/bin/../lib/gcc/avr/5.4.0/avr51\libgcc.a(_udivmodhi4.o)
 .text.libgcc.fmul
                0x00000000        0x0 c:/program files (x86)/atmel/studio/7.0/toolchain/avr8/avr8-gnu-toolchain/bin/../lib/gcc/avr/5.4.0/avr51\libgcc.a(_udivmodhi4.o)
 .text.libgcc.fixed
                0x00000000        0x0 c:/program files (x86)/atmel/studio/7.0/toolchain/avr8/avr8-gnu-toolchain/bin/../lib/gcc/avr/5.4.0/avr51\libgcc.a(_udivmodhi4.o)
 .text          0x00000000        0x0 c:/program files (x86)/atmel/studio/7.0/toolchain/avr8/avr8-gnu-toolchain/bin/../lib/gcc/avr/5.4.0/avr51\libgcc.a(_divmodhi4.o)
 .data          0x00000000        0x0 c:/program files (x86)/atmel/studio/7.0/toolchain/avr8/avr8-gnu-toolchain/bin/../lib/gcc/avr/5.4.0/avr51\libgcc.a(_divmodhi4.o)
 .bss           0x00000000        0x0 c:/program files (x86)/atmel/studio/7.0/toolchain/avr8/avr8-gnu-toolchain/bin/../lib/gcc/avr/5.4.0/avr51\libgcc.a(_divmodhi4.o)
 .text.libgcc.mul
                0x00000000        0x0 c:/program files (x86)/atmel/studio/7.0/toolchain/avr8/avr8-gnu-toolchain/bin/../lib/gcc/avr/5.4.0/avr51\libgcc.a(_divmodhi4.o)
 .text.libgcc   0x00000000        0x0 c:/program files (x86)/atmel/studio/7.0/toolchain/avr8/avr8-gnu-toolchain/bin/../lib/gcc/avr/5.4.0/avr51\libgcc.a(_divmodhi4.o)
 .text.libgcc.prologue
                0x00000000        0x0 c:/program files (x86)/atmel/studio/7.0/toolchain/avr8/avr8-gnu-toolchain/bin/../lib/gcc/avr/5.4.0/avr51\libgcc.a(_divmodhi4.o)
 .text.libgcc.builtins
                0x00000000        0x0 c:/program files (x86)/atmel/studio/7.0/toolchain/avr8/avr8-gnu-toolchain/bin/../lib/gcc/avr/5.4.0/avr51\libgcc.a(_divmodhi4.o)
 .text.libgcc.fmul
                0x00000000        0x0 c:/program files (x86)/atmel/studio/7.0/toolchain/avr8/avr8-gnu-toolchain/bin/../lib/gcc/avr/5.4.0/avr51\libgcc.a(_divmodhi4.o)
 .text.libgcc.fixed
                0x00000000        0x0 c:/program files (x86)/atmel/studio/7.0/toolchain/avr8/avr8-gnu-toolchain/bin/../lib/gcc/avr/5.4.0/avr51\libgcc.a(_divmodhi4.o)
 .text          0x00000000        0x0 c:/program files (x86)/atmel/studio/7.0/toolchain/avr8/avr8-gnu-toolchain/bin/../lib/gcc/avr/5.4.0/avr51\libgcc.a(_udivmodsi4.o)
 .data          0x00000000        0x0 c:/program files (x86)/atmel/studio/7.0/toolchain/avr8/avr8-gnu-toolchain/bin/../lib/gcc/avr/5.4.0/avr51\libgcc.a(_udivmodsi4.o)
 .bss           0x00000000        0x0 c:/program files (x86)/atmel/studio/7.0/toolchain/avr8/avr8-gnu-toolchain/bin/../lib/gcc/avr/5.4.0/avr51\libgcc.a(_udivmodsi4.o)
 .text.libgcc.mul
                0x00000000        0x0 c:/program files (x86)/atmel/studio/7.0/toolchain/avr8/avr8-gnu-toolchain/bin/../lib/gcc/avr/5.4.0/avr51\libgcc.a(_udivmodsi4.o)
 .text.libgcc   0x00000000        0x0 c:/program files (x86)/atmel/studio/7.0/toolchain/avr8/avr8-gnu-toolchain/bin/../lib/gcc/avr/5.4.0/avr51\libgcc.a(_udivmodsi4.o)
 .text.libgcc.prologue
                0x00000000        0x0 c:/program files (x86)/atmel/studio/7.0/toolchain/avr8/avr8-gnu-toolchain/bin/../lib/gcc/avr/5.4.0/avr51\libgcc.a(_udivmodsi4.o)
 .text.libgcc.builtins
                0x00000000        0x0 c:/program files (x86)/atmel/studio/7.0/toolchain/avr8/avr8-gnu-toolchain/bin/../lib/gcc/avr/5.4.0/avr51\libgcc.a(_udivmodsi4.o)
 .text.libgcc.fmul
                0x00000000        0x0 c:/program files (x86)/atmel/studio/7.0/toolchain/avr8/avr8-gnu-toolchain/bin/../lib/gcc/avr/5.4.0/avr51\libgcc.a(_udivmodsi4.o)
 .text.libgcc.fixed
                0x00000000        0x0 c:/program files (x86)/atmel/studio/7.0/toolchain/avr8/avr8-gnu-toolchain/bin/../lib/gcc/avr/5.4.0/avr51\libgcc.a(_udivmodsi4.o)
 .text          0x00000000        0x0 c:/program files (x86)/atmel/studio/7.0/toolchain/avr8/avr8-gnu-toolchain/bin/../lib/gcc/avr/5.4.0/avr51\libgcc.a(_divmodsi4.o)
 .data          0x00000000        0x0 c:/program files (x86)/atmel/studio/7.0/toolchain/avr8/avr8-gnu-toolchain/bin/../lib/gcc/avr/5.4.0/avr51\libgcc.a(_divmodsi4.o)
 .bss           0x00000000        0x0 c:/program files (x86)/atmel/studio/7.0/toolchain/avr8/avr8-gnu-toolchain/bin/../lib/gcc/avr/5.4.0/avr51\libgcc.a(_divmodsi4.o)
 .text.libgcc.mul
                0x00000000        0x0 c:/program files (x86)/atmel/studio/7.0/toolchain/avr8/avr8-gnu-toolchain/bin/../lib/gcc/avr/5.4.0/avr51\libgcc.a(_divmodsi4.o)
 .text.libgcc   0x00000000        0x0 c:/program files (x86)/atmel/studio/7.0/toolchain/avr8/avr8-gnu-toolchain/bin/../lib/gcc/avr/5.4.0/avr51\libgcc.a(_divmodsi4.o)
 .text.libgcc.prologue
                0x00000000        0x0 c:/program files (x86)/atmel/studio/7.0/toolchain/avr8/avr8-gnu-toolchain/bin/../lib/gcc/avr/5.4.0/avr51\libgcc.a(_divmodsi4.o)
 .text.libgcc.builtins
                0x00000000        0x0 c:/program files (x86)/atmel/studio/7.0/toolchain/avr8/avr8-gnu-toolchain/bin/../lib/gcc/avr/5.4.0/avr51\libgcc.a(_divmodsi4.o)
 .text.libgcc.fmul
                0x00000000        0x0 c:/program files (x86)/atmel/studio/7.0/toolchain/avr8/avr8-gnu-toolchain/bin/../lib/gcc/avr/5.4.0/avr51\libgcc.a(_divmodsi4.o)
 .text.libgcc.fixed
                0x00000000        0x0 c:/program files (x86)/atmel/studio/7.0/toolchain/avr8/avr8-gnu-toolchain/bin/../lib/gcc/avr/5.4.0/avr51\libgcc.a(_divmodsi4.o)
 .text          0x00000000        0x0 c:/program files (x86)/atmel/studio/7.0/toolchain/avr8/avr8-gnu-toolchain/bin/../lib/gcc/avr/5.4.0/avr51\libgcc.a(_negsi2.o)
 .data          0x00000000        0x0 c:/program files (x86)/atmel/studio/7.0/toolchain/avr8/avr8-gnu-toolchain/bin/../lib/gcc/avr/5.4.0/avr51\libgcc.a(_negsi2.o)
 .bss           0x00000000        0x0 c:/program files (x86)/atmel/studio/7.0/toolchain/avr8/avr8-gnu-toolchain/bin/../lib/gcc/avr/5.4.0/avr51\libgcc.a(_negsi2.o)
 .text.libgcc.mul
                0x00000000        0x0 c:/program files (x86)/atmel/studio/7.0/toolchain/avr8/avr8-gnu-toolchain/bin/../lib/gcc/avr/5.4.0/avr51\libgcc.a(_negsi2.o)
 .text.libgcc   0x00000000        0x0 c:/program files (x86)/atmel/studio/7.0/toolchain/avr8/avr8-gnu-toolchain/bin/../lib/gcc/avr/5.4.0/avr51\libgcc.a(_negsi2.o)
 .text.libgcc.prologue
                0x00000000        0x0 c:/program files (x86)/atmel/studio/7.0/toolchain/avr8/avr8-gnu-toolchain/bin/../lib/gcc/avr/5.4.0/avr51\libgcc.a(_negsi2.o)
 .text.libgcc.builtins
                0x00000000        0x0 c:/program files (x86)/atmel/studio/7.0/toolchain/avr8/avr8-gnu-toolchain/bin/../lib/gcc/avr/5.4.0/avr51\libgcc.a(_negsi2.o)
 .text.libgcc.fmul
                0x00000000        0x0 c:/program files (x86)/atmel/studio/7.0/toolchain/avr8/avr8-gnu-toolchain/bin/../lib/gcc/avr/5.4.0/avr51\libgcc.a(_negsi2.o)
 .text.libgcc.fixed
                0x00000000        0x0 c:/program files (x86)/atmel/studio/7.0/toolchain/avr8/avr8-gnu-toolchain/bin/../lib/gcc/avr/5.4.0/avr51\libgcc.a(_negsi2.o)
 .text          0x00000000        0x0 c:/program files (x86)/atmel/studio/7.0/toolchain/avr8/avr8-gnu-toolchain/bin/../lib/gcc/avr/5.4.0/avr51\libgcc.a(_exit.o)
 .data          0x00000000        0x0 c:/program files (x86)/atmel/studio/7.0/toolchain/avr8/avr8-gnu-toolchain/bin/../lib/gcc/avr/5.4.0/avr51\libgcc.a(_exit.o)
 .bss           0x00000000        0x0 c:/program files (x86)/atmel/studio/7.0/toolchain/avr8/avr8-gnu-toolchain/bin/../lib/gcc/avr/5.4.0/avr51\libgcc.a(_exit.o)
 .text.libgcc.mul
                0x00000000        0x0 c:/program files (x86)/atmel/studio/7.0/toolchain/avr8/avr8-gnu-toolchain/bin/../lib/gcc/avr/5.4.0/avr51\libgcc.a(_exit.o)
 .text.libgcc.div
                0x00000000        0x0 c:/program files (x86)/atmel/studio/7.0/toolchain/avr8/avr8-gnu-toolchain/bin/../lib/gcc/avr/5.4.0/avr51\libgcc.a(_exit.o)
 .text.libgcc   0x00000000        0x0 c:/program files (x86)/atmel/studio/7.0/toolchain/avr8/avr8-gnu-toolchain/bin/../lib/gcc/avr/5.4.0/avr51\libgcc.a(_exit.o)
 .text.libgcc.prologue
                0x00000000        0x0 c:/program files (x86)/atmel/studio/7.0/toolchain/avr8/avr8-gnu-toolchain/bin/../lib/gcc/avr/5.4.0/avr51\libgcc.a(_exit.o)
 .text.libgcc.builtins
                0x00000000        0x0 c:/program files (x86)/atmel/studio/7.0/toolchain/avr8/avr8-gnu-toolchain/bin/../lib/gcc/avr/5.4.0/avr51\libgcc.a(_exit.o)
 .text.libgcc.fmul
                0x00000000        0x0 c:/program files (x86)/atmel/studio/7.0/toolchain/avr8/avr8-gnu-toolchain/bin/../lib/gcc/avr/5.4.0/avr51\libgcc.a(_exit.o)
 .text.libgcc.fixed
                0x00000000        0x0 c:/program files (x86)/atmel/studio/7.0/toolchain/avr8/avr8-gnu-toolchain/bin/../lib/gcc/avr/5.4.0/avr51\libgcc.a(_exit.o)
 .text          0x00000000        0x0 c:/program files (x86)/atmel/studio/7.0/toolchain/avr8/avr8-gnu-toolchain/bin/../lib/gcc/avr/5.4.0/avr51\libgcc.a(_tablejump2.o)
 .data          0x00000000        0x0 c:/program files (x86)/atmel/studio/7.0/toolchain/avr8/avr8-gnu-toolchain/bin/../lib/gcc/avr/5.4.0/avr51\libgcc.a(_tablejump2.o)
 .bss           0x00000000        0x0 c:/program files (x86)/atmel/studio/7.0/toolchain/avr8/avr8-gnu-toolchain/bin/../lib/gcc/avr/5.4.0/avr51\libgcc.a(_tablejump2.o)
 .text.libgcc.mul
                0x00000000        0x0 c:/program files (x86)/atmel/studio/7.0/toolchain/avr8/avr8-gnu-toolchain/bin/../lib/gcc/avr/5.4.0/avr51\libgcc.a(_tablejump2.o)
 .text.libgcc.div
                0x00000000        0x0 c:/program files (x86)/atmel/studio/7.0/toolchain/avr8/avr8-gnu-toolchain/bin/../lib/gcc/avr/5.4.0/avr51\libgcc.a(_tablejump2.o)
 .text.libgcc   0x00000000       0x12 c:/program files (x86)/atmel/studio/7.0/toolchain/avr8/avr8-gnu-toolchain/bin/../lib/gcc/avr/5.4.0/avr51\libgcc.a(_tablejump2.o)
 .text.libgcc.prologue
                0x00000000        0x0 c:/program files (x86)/atmel/studio/7.0/toolchain/avr8/avr8-gnu-toolchain/bin/../lib/gcc/avr/5.4.0/avr51\libgcc.a(_tablejump2.o)
 .text.libgcc.builtins
                0x00000000        0x0 c:/program files (x86)/atmel/studio/7.0/toolchain/avr8/avr8-gnu-toolchain/bin/../lib/gcc/avr/5.4.0/avr51\libgcc.a(_tablejump2.o)
 .text.libgcc.fmul
                0x00000000        0x0 c:/program files (x86)/atmel/studio/7.0/toolchain/avr8/avr8-gnu-toolchain/bin/../lib/gcc/avr/5.4.0/avr51\libgcc.a(_tablejump2.o)
 .text.libgcc.fixed
                0x00000000        0x0 c:/program files (x86)/atmel/studio/7.0/toolchain/avr8/avr8-gnu-toolchain/bin/../lib/gcc/avr/5.4.0/avr51\libgcc.a(_tablejump2.o)
 .text          0x00000000        0x0 c:/program files (x86)/atmel/studio/7.0/toolchain/avr8/avr8-gnu-toolchain/bin/../lib/gcc/avr/5.4.0/avr51\libgcc.a(_copy_data.o)
 .data          0x00000000        0x0 c:/program files (x86)/atmel/studio/7.0/toolchain/avr8/avr8-gnu-toolchain/bin/../lib/gcc/avr/5.4.0/avr51\libgcc.a(_copy_data.o)
 .bss           0x00000000        0x0 c:/program files (x86)/atmel/studio/7.0/toolchain/avr8/avr8-gnu-toolchain/bin/../lib/gcc/avr/5.4.0/avr51\libgcc.a(_copy_data.o)
 .text.libgcc.mul
                0x00000000        0x0 c:/program files (x86)/atmel/studio/7.0/toolchain/avr8/avr8-gnu-toolchain/bin/../lib/gcc/avr/5.4.0/avr51\libgcc.a(_copy_data.o)
 .text.libgcc.div
                0x00000000        0x0 c:/program files (x86)/atmel/studio/7.0/toolchain/avr8/avr8-gnu-toolchain/bin/../lib/gcc/avr/5.4.0/avr51\libgcc.a(_copy_data.o)
 .text.libgcc   0x00000000        0x0 c:/program files (x86)/atmel/studio/7.0/toolchain/avr8/avr8-gnu-toolchain/bin/../lib/gcc/avr/5.4.0/avr51\libgcc.a(_copy_data.o)
 .text.libgcc.prologue
                0x00000000        0x0 c:/program files (x86)/atmel/studio/7.0/toolchain/avr8/avr8-gnu-toolchain/bin/../lib/gcc/avr/5.4.0/avr51\libgcc.a(_copy_data.o)
 .text.libgcc.builtins
                0x00000000        0x0 c:/program files (x86)/atmel/studio/7.0/toolchain/avr8/avr8-gnu-toolchain/bin/../lib/gcc/avr/5.4.0/avr51\libgcc.a(_copy_data.o)
 .text.libgcc.fmul
                0x00000000        0x0 c:/program files (x86)/atmel/studio/7.0/toolchain/avr8/avr8-gnu-toolchain/bin/../lib/gcc/avr/5.4.0/avr51\libgcc.a(_copy_data.o)
 .text.libgcc.fixed
                0x00000000        0x0 c:/program files (x86)/atmel/studio/7.0/toolchain/avr8/avr8-gnu-toolchain/bin/../lib/gcc/avr/5.4.0/avr51\libgcc.a(_copy_data.o)
 .text          0x00000000        0x0 c:/program files (x86)/atmel/studio/7.0/toolchain/avr8/avr8-gnu-toolchain/bin/../lib/gcc/avr/5.4.0/avr51\libgcc.a(_clear_bss.o)
 .data          0x00000000        0x0 c:/program files (x86)/atmel/studio/7.0/toolchain/avr8/avr8-gnu-toolchain/bin/../lib/gcc/avr/5.4.0/avr51\libgcc.a(_clear_bss.o)
 .bss           0x00000000        0x0 c:/program files (x86)/atmel/studio/7.0/toolchain/avr8/avr8-gnu-toolchain/bin/../lib/gcc/avr/5.4.0/avr51\libgcc.a(_clear_bss.o)
 .text.libgcc.mul
                0x00000000        0x0 c:/program files (x86)/atmel/studio/7.0/toolchain/avr8/avr8-gnu-toolchain/bin/../lib/gcc/avr/5.4.0/avr51\libgcc.a(_clear_bss.o)
 .text.libgcc.div
                0x00000000        0x0 c:/program files (x86)/atmel/studio/7.0/toolchain/avr8/avr8-gnu-toolchain/bin/../lib/gcc/avr/5.4.0/avr51\libgcc.a(_clear_bss.o)
 .text.libgcc   0x00000000        0x0 c:/program files (x86)/atmel/studio/7.0/toolchain/avr8/avr8-gnu-toolchain/bin/../lib/gcc/avr/5.4.0/avr51\libgcc.a(_clear_bss.o)
 .text.libgcc.prologue
                0x00000000        0x0 c:/program files (x86)/atmel/studio/7.0/toolchain/avr8/avr8-gnu-toolchain/bin/../lib/gcc/avr/5.4.0/avr51\libgcc.a(_clear_bss.o)
 .text.libgcc.builtins
                0x00000000        0x0 c:/program files (x86)/atmel/studio/7.0/toolchain/avr8/avr8-gnu-toolchain/bin/../lib/gcc/avr/5.4.0/avr51\libgcc.a(_clear_bss.o)
 .text.libgcc.fmul
                0x00000000        0x0 c:/program files (x86)/atmel/studio/7.0/toolchain/avr8/avr8-gnu-toolchain/bin/../lib/gcc/avr/5.4.0/avr51\libgcc.a(_clear_bss.o)
 .text.libgcc.fixed
                0x00000000        0x0 c:/program files (x86)/atmel/studio/7.0/toolchain/avr8/avr8-gnu-toolchain/bin/../lib/gcc/avr/5.4.0/avr51\libgcc.a(_clear_bss.o)
 .text          0x00000000        0x0 c:/program files (x86)/atmel/studio/7.0/toolchain/avr8/avr8-gnu-toolchain/bin/../lib/gcc/avr/5.4.0/avr51\libgcc.a(_umulhisi3.o)
 .data          0x00000000        0x0 c:/program files (x86)/atmel/studio/7.0/toolchain/avr8/avr8-gnu-toolchain/bin/../lib/gcc/avr/5.4.0/avr51\libgcc.a(_umulhisi3.o)
 .bss           0x00000000        0x0 c:/program files (x86)/atmel/studio/7.0/toolchain/avr8/avr8-gnu-toolchain/bin/../lib/gcc/avr/5.4.0/avr51\libgcc.a(_umulhisi3.o)
 .text.libgcc.div
                0x00000000        0x0 c:/program files (x86)/atmel/studio/7.0/toolchain/avr8/avr8-gnu-toolchain/bin/../lib/gcc/avr/5.4.0/avr51\libgcc.a(_umulhisi3.o)
 .text.libgcc   0x00000000        0x0 c:/program files (x86)/atmel/studio/7.0/toolchain/avr8/avr8-gnu-toolchain/bin/../lib/gcc/avr/5.4.0/avr51\libgcc.a(_umulhisi3.o)
 .text.libgcc.prologue
                0x00000000        0x0 c:/program files (x86)/atmel/studio/7.0/toolchain/avr8/avr8-gnu-toolchain/bin/../lib/gcc/avr/5.4.0/avr51\libgcc.a(_umulhisi3.o)
 .text.libgcc.builtins
                0x00000000        0x0 c:/program files (x86)/atmel/studio/7.0/toolchain/avr8/avr8-gnu-toolchain/bin/../lib/gcc/avr/5.4.0/avr51\libgcc.a(_umulhisi3.o)
 .text.libgcc.fmul
                0x00000000        0x0 c:/program files (x86)/atmel/studio/7.0/toolchain/avr8/avr8-gnu-toolchain/bin/../lib/gcc/avr/5.4.0/avr51\libgcc.a(_umulhisi3.o)
 .text.libgcc.fixed
                0x00000000        0x0 c:/program files (x86)/atmel/studio/7.0/toolchain/avr8/avr8-gnu-toolchain/bin/../lib/gcc/avr/5.4.0/avr51\libgcc.a(_umulhisi3.o)
 .text          0x00000000        0x0 c:/program files (x86)/atmel/studio/7.0/toolchain/avr8/avr8-gnu-toolchain/bin/../lib/gcc/avr/5.4.0/avr51\libgcc.a(_muluhisi3.o)
 .data          0x00000000        0x0 c:/program files (x86)/atmel/studio/7.0/toolchain/avr8/avr8-gnu-toolchain/bin/../lib/gcc/avr/5.4.0/avr51\libgcc.a(_muluhisi3.o)
 .bss           0x00000000        0x0 c:/program files (x86)/atmel/studio/7.0/toolchain/avr8/avr8-gnu-toolchain/bin/../lib/gcc/avr/5.4.0/avr51\libgcc.a(_muluhisi3.o)
 .text.libgcc.div
                0x00000000        0x0 c:/program files (x86)/atmel/studio/7.0/toolchain/avr8/avr8-gnu-toolchain/bin/../lib/gcc/avr/5.4.0/avr51\libgcc.a(_muluhisi3.o)
 .text.libgcc   0x00000000        0x0 c:/program files (x86)/atmel/studio/7.0/toolchain/avr8/avr8-gnu-toolchain/bin/../lib/gcc/avr/5.4.0/avr51\libgcc.a(_muluhisi3.o)
 .text.libgcc.prologue
                0x00000000        0x0 c:/program files (x86)/atmel/studio/7.0/toolchain/avr8/avr8-gnu-toolchain/bin/../lib/gcc/avr/5.4.0/avr51\libgcc.a(_muluhisi3.o)
 .text.libgcc.builtins
                0x00000000        0x0 c:/program files (x86)/atmel/studio/7.0/toolchain/avr8/avr8-gnu-toolchain/bin/../lib/gcc/avr/5.4.0/avr51\libgcc.a(_muluhisi3.o)
 .text.libgcc.fmul
                0x00000000        0x0 c:/program files (x86)/atmel/studio/7.0/toolchain/avr8/avr8-gnu-toolchain/bin/../lib/gcc/avr/5.4.0/avr51\libgcc.a(_muluhisi3.o)
 .text.libgcc.fixed
                0x00000000        0x0 c:/program files (x86)/atmel/studio/7.0/toolchain/avr8/avr8-gnu-toolchain/bin/../lib/gcc/avr/5.4.0/avr51\libgcc.a(_muluhisi3.o)
 .text          0x00000000        0x0 C:/Program Files (x86)/Atmel/Studio/7.0/Packs/atmel/ATmega_DFP/1.3.300/gcc/dev/atmega128/avr51\libatmega128.a(eerd_block.o)
 .data          0x00000000        0x0 C:/Program Files (x86)/Atmel/Studio/7.0/Packs/atmel/ATmega_DFP/1.3.300/gcc/dev/atmega128/avr51\libatmega128.a(eerd_block.o)
 .bss           0x00000000        0x0 C:/Program Files (x86)/Atmel/Studio/7.0/Packs/atmel/ATmega_DFP/1.3.300/gcc/dev/atmega128/avr51\libatmega128.a(eerd_block.o)
 .text.avr-libc
                0x00000000       0x20 C:/Program Files (x86)/Atmel/Studio/7.0/Packs/atmel/ATmega_DFP/1.3.300/gcc/dev/atmega128/avr51\libatmega128.a(eerd_block.o)
 .debug_line    0x00000000       0xab C:/Program Files (x86)/Atmel/Studio/7.0/Packs/atmel/ATmega_DFP/1.3.300/gcc/dev/atmega128/avr51\libatmega128.a(eerd_block.o)
 .debug_info    0x00000000       0x9b C:/Program Files (x86)/Atmel/Studio/7.0/Packs/atmel/ATmega_DFP/1.3.300/gcc/dev/atmega128/avr51\libatmega128.a(eerd_block.o)
 .debug_abbrev  0x00000000       0x14 C:/Program Files (x86)/Atmel/Studio/7.0/Packs/atmel/ATmega_DFP/1.3.300/gcc/dev/atmega128/avr51\libatmega128.a(eerd_block.o)
 .debug_aranges
                0x00000000       0x20 C:/Program Files (x86)/Atmel/Studio/7.0/Packs/atmel/ATmega_DFP/1.3.300/gcc/dev/atmega128/avr51\libatmega128.a(eerd_block.o)
 .text          0x00000000        0x0 C:/Program Files (x86)/Atmel/Studio/7.0/Packs/atmel/ATmega_DFP/1.3.300/gcc/dev/atmega128/avr51\libatmega128.a(eerd_byte.o)
 .data          0x00000000        0x0 C:/Program Files (x86)/Atmel/Studio/7.0/Packs/atmel/ATmega_DFP/1.3.300/gcc/dev/atmega128/avr51\libatmega128.a(eerd_byte.o)
 .bss           0x00000000        0x0 C:/Program Files (x86)/Atmel/Studio/7.0/Packs/atmel/ATmega_DFP/1.3.300/gcc/dev/atmega128/avr51\libatmega128.a(eerd_byte.o)
 .text.avr-libc
                0x00000000       0x10 C:/Program Files (x86)/Atmel/Studio/7.0/Packs/atmel/ATmega_DFP/1.3.300/gcc/dev/atmega128/avr51\libatmega128.a(eerd_byte.o)
 .debug_line    0x00000000       0x7a C:/Program Files (x86)/Atmel/Studio/7.0/Packs/atmel/ATmega_DFP/1.3.300/gcc/dev/atmega128/avr51\libatmega128.a(eerd_byte.o)
 .debug_info    0x00000000       0x9a C:/Program Files (x86)/Atmel/Studio/7.0/Packs/atmel/ATmega_DFP/1.3.300/gcc/dev/atmega128/avr51\libatmega128.a(eerd_byte.o)
 .debug_abbrev  0x00000000       0x14 C:/Program Files (x86)/Atmel/Studio/7.0/Packs/atmel/ATmega_DFP/1.3.300/gcc/dev/atmega128/avr51\libatmega128.a(eerd_byte.o)
 .debug_aranges
                0x00000000       0x20 C:/Program Files (x86)/Atmel/Studio/7.0/Packs/atmel/ATmega_DFP/1.3.300/gcc/dev/atmega128/avr51\libatmega128.a(eerd_byte.o)
 .text          0x00000000        0x0 C:/Program Files (x86)/Atmel/Studio/7.0/Packs/atmel/ATmega_DFP/1.3.300/gcc/dev/atmega128/avr51\libatmega128.a(eerd_word.o)
 .data          0x00000000        0x0 C:/Program Files (x86)/Atmel/Studio/7.0/Packs/atmel/ATmega_DFP/1.3.300/gcc/dev/atmega128/avr51\libatmega128.a(eerd_word.o)
 .bss           0x00000000        0x0 C:/Program Files (x86)/Atmel/Studio/7.0/Packs/atmel/ATmega_DFP/1.3.300/gcc/dev/atmega128/avr51\libatmega128.a(eerd_word.o)
 .text.avr-libc
                0x00000000        0xc C:/Program Files (x86)/Atmel/Studio/7.0/Packs/atmel/ATmega_DFP/1.3.300/gcc/dev/atmega128/avr51\libatmega128.a(eerd_word.o)
 .debug_line    0x00000000       0x67 C:/Program Files (x86)/Atmel/Studio/7.0/Packs/atmel/ATmega_DFP/1.3.300/gcc/dev/atmega128/avr51\libatmega128.a(eerd_word.o)
 .debug_info    0x00000000       0x9a C:/Program Files (x86)/Atmel/Studio/7.0/Packs/atmel/ATmega_DFP/1.3.300/gcc/dev/atmega128/avr51\libatmega128.a(eerd_word.o)
 .debug_abbrev  0x00000000       0x14 C:/Program Files (x86)/Atmel/Studio/7.0/Packs/atmel/ATmega_DFP/1.3.300/gcc/dev/atmega128/avr51\libatmega128.a(eerd_word.o)
 .debug_aranges
                0x00000000       0x20 C:/Program Files (x86)/Atmel/Studio/7.0/Packs/atmel/ATmega_DFP/1.3.300/gcc/dev/atmega128/avr51\libatmega128.a(eerd_word.o)
 .text          0x00000000        0x0 C:/Program Files (x86)/Atmel/Studio/7.0/Packs/atmel/ATmega_DFP/1.3.300/gcc/dev/atmega128/avr51\libatmega128.a(eeupd_block.o)
 .data          0x00000000        0x0 C:/Program Files (x86)/Atmel/Studio/7.0/Packs/atmel/ATmega_DFP/1.3.300/gcc/dev/atmega128/avr51\libatmega128.a(eeupd_block.o)
 .bss           0x00000000        0x0 C:/Program Files (x86)/Atmel/Studio/7.0/Packs/atmel/ATmega_DFP/1.3.300/gcc/dev/atmega128/avr51\libatmega128.a(eeupd_block.o)
 .text.avr-libc
                0x00000000       0x20 C:/Program Files (x86)/Atmel/Studio/7.0/Packs/atmel/ATmega_DFP/1.3.300/gcc/dev/atmega128/avr51\libatmega128.a(eeupd_block.o)
 .debug_line    0x00000000       0xa5 C:/Program Files (x86)/Atmel/Studio/7.0/Packs/atmel/ATmega_DFP/1.3.300/gcc/dev/atmega128/avr51\libatmega128.a(eeupd_block.o)
 .debug_info    0x00000000       0x9c C:/Program Files (x86)/Atmel/Studio/7.0/Packs/atmel/ATmega_DFP/1.3.300/gcc/dev/atmega128/avr51\libatmega128.a(eeupd_block.o)
 .debug_abbrev  0x00000000       0x14 C:/Program Files (x86)/Atmel/Studio/7.0/Packs/atmel/ATmega_DFP/1.3.300/gcc/dev/atmega128/avr51\libatmega128.a(eeupd_block.o)
 .debug_aranges
                0x00000000       0x20 C:/Program Files (x86)/Atmel/Studio/7.0/Packs/atmel/ATmega_DFP/1.3.300/gcc/dev/atmega128/avr51\libatmega128.a(eeupd_block.o)
 .text          0x00000000        0x0 C:/Program Files (x86)/Atmel/Studio/7.0/Packs/atmel/ATmega_DFP/1.3.300/gcc/dev/atmega128/avr51\libatmega128.a(eeupd_byte.o)
 .data          0x00000000        0x0 C:/Program Files (x86)/Atmel/Studio/7.0/Packs/atmel/ATmega_DFP/1.3.300/gcc/dev/atmega128/avr51\libatmega128.a(eeupd_byte.o)
 .bss           0x00000000        0x0 C:/Program Files (x86)/Atmel/Studio/7.0/Packs/atmel/ATmega_DFP/1.3.300/gcc/dev/atmega128/avr51\libatmega128.a(eeupd_byte.o)
 .text.avr-libc
                0x00000000       0x22 C:/Program Files (x86)/Atmel/Studio/7.0/Packs/atmel/ATmega_DFP/1.3.300/gcc/dev/atmega128/avr51\libatmega128.a(eeupd_byte.o)
 .debug_line    0x00000000       0xb0 C:/Program Files (x86)/Atmel/Studio/7.0/Packs/atmel/ATmega_DFP/1.3.300/gcc/dev/atmega128/avr51\libatmega128.a(eeupd_byte.o)
 .debug_info    0x00000000       0x9b C:/Program Files (x86)/Atmel/Studio/7.0/Packs/atmel/ATmega_DFP/1.3.300/gcc/dev/atmega128/avr51\libatmega128.a(eeupd_byte.o)
 .debug_abbrev  0x00000000       0x14 C:/Program Files (x86)/Atmel/Studio/7.0/Packs/atmel/ATmega_DFP/1.3.300/gcc/dev/atmega128/avr51\libatmega128.a(eeupd_byte.o)
 .debug_aranges
                0x00000000       0x20 C:/Program Files (x86)/Atmel/Studio/7.0/Packs/atmel/ATmega_DFP/1.3.300/gcc/dev/atmega128/avr51\libatmega128.a(eeupd_byte.o)
 .text          0x00000000        0x0 C:/Program Files (x86)/Atmel/Studio/7.0/Packs/atmel/ATmega_DFP/1.3.300/gcc/dev/atmega128/avr51\libatmega128.a(eeupd_dword.o)
 .data          0x00000000        0x0 C:/Program Files (x86)/Atmel/Studio/7.0/Packs/atmel/ATmega_DFP/1.3.300/gcc/dev/atmega128/avr51\libatmega128.a(eeupd_dword.o)
 .bss           0x00000000        0x0 C:/Program Files (x86)/Atmel/Studio/7.0/Packs/atmel/ATmega_DFP/1.3.300/gcc/dev/atmega128/avr51\libatmega128.a(eeupd_dword.o)
 .text.avr-libc
                0x00000000       0x18 C:/Program Files (x86)/Atmel/Studio/7.0/Packs/atmel/ATmega_DFP/1.3.300/gcc/dev/atmega128/avr51\libatmega128.a(eeupd_dword.o)
 .debug_line    0x00000000       0x7b C:/Program Files (x86)/Atmel/Studio/7.0/Packs/atmel/ATmega_DFP/1.3.300/gcc/dev/atmega128/avr51\libatmega128.a(eeupd_dword.o)
 .debug_info    0x00000000       0x9c C:/Program Files (x86)/Atmel/Studio/7.0/Packs/atmel/ATmega_DFP/1.3.300/gcc/dev/atmega128/avr51\libatmega128.a(eeupd_dword.o)
 .debug_abbrev  0x00000000       0x14 C:/Program Files (x86)/Atmel/Studio/7.0/Packs/atmel/ATmega_DFP/1.3.300/gcc/dev/atmega128/avr51\libatmega128.a(eeupd_dword.o)
 .debug_aranges
                0x00000000       0x20 C:/Program Files (x86)/Atmel/Studio/7.0/Packs/atmel/ATmega_DFP/1.3.300/gcc/dev/atmega128/avr51\libatmega128.a(eeupd_dword.o)
 .text          0x00000000        0x0 C:/Program Files (x86)/Atmel/Studio/7.0/Packs/atmel/ATmega_DFP/1.3.300/gcc/dev/atmega128/avr51\libatmega128.a(eeupd_word.o)
 .data          0x00000000        0x0 C:/Program Files (x86)/Atmel/Studio/7.0/Packs/atmel/ATmega_DFP/1.3.300/gcc/dev/atmega128/avr51\libatmega128.a(eeupd_word.o)
 .bss           0x00000000        0x0 C:/Program Files (x86)/Atmel/Studio/7.0/Packs/atmel/ATmega_DFP/1.3.300/gcc/dev/atmega128/avr51\libatmega128.a(eeupd_word.o)
 .text.avr-libc
                0x00000000        0xc C:/Program Files (x86)/Atmel/Studio/7.0/Packs/atmel/ATmega_DFP/1.3.300/gcc/dev/atmega128/avr51\libatmega128.a(eeupd_word.o)
 .debug_line    0x00000000       0x62 C:/Program Files (x86)/Atmel/Studio/7.0/Packs/atmel/ATmega_DFP/1.3.300/gcc/dev/atmega128/avr51\libatmega128.a(eeupd_word.o)
 .debug_info    0x00000000       0x9b C:/Program Files (x86)/Atmel/Studio/7.0/Packs/atmel/ATmega_DFP/1.3.300/gcc/dev/atmega128/avr51\libatmega128.a(eeupd_word.o)
 .debug_abbrev  0x00000000       0x14 C:/Program Files (x86)/Atmel/Studio/7.0/Packs/atmel/ATmega_DFP/1.3.300/gcc/dev/atmega128/avr51\libatmega128.a(eeupd_word.o)
 .debug_aranges
                0x00000000       0x20 C:/Program Files (x86)/Atmel/Studio/7.0/Packs/atmel/ATmega_DFP/1.3.300/gcc/dev/atmega128/avr51\libatmega128.a(eeupd_word.o)
 .text          0x00000000        0x0 C:/Program Files (x86)/Atmel/Studio/7.0/Packs/atmel/ATmega_DFP/1.3.300/gcc/dev/atmega128/avr51\libatmega128.a(eewr_block.o)
 .data          0x00000000        0x0 C:/Program Files (x86)/Atmel/Studio/7.0/Packs/atmel/ATmega_DFP/1.3.300/gcc/dev/atmega128/avr51\libatmega128.a(eewr_block.o)
 .bss           0x00000000        0x0 C:/Program Files (x86)/Atmel/Studio/7.0/Packs/atmel/ATmega_DFP/1.3.300/gcc/dev/atmega128/avr51\libatmega128.a(eewr_block.o)
 .text.avr-libc
                0x00000000       0x14 C:/Program Files (x86)/Atmel/Studio/7.0/Packs/atmel/ATmega_DFP/1.3.300/gcc/dev/atmega128/avr51\libatmega128.a(eewr_block.o)
 .debug_line    0x00000000       0x80 C:/Program Files (x86)/Atmel/Studio/7.0/Packs/atmel/ATmega_DFP/1.3.300/gcc/dev/atmega128/avr51\libatmega128.a(eewr_block.o)
 .debug_info    0x00000000       0x9b C:/Program Files (x86)/Atmel/Studio/7.0/Packs/atmel/ATmega_DFP/1.3.300/gcc/dev/atmega128/avr51\libatmega128.a(eewr_block.o)
 .debug_abbrev  0x00000000       0x14 C:/Program Files (x86)/Atmel/Studio/7.0/Packs/atmel/ATmega_DFP/1.3.300/gcc/dev/atmega128/avr51\libatmega128.a(eewr_block.o)
 .debug_aranges
                0x00000000       0x20 C:/Program Files (x86)/Atmel/Studio/7.0/Packs/atmel/ATmega_DFP/1.3.300/gcc/dev/atmega128/avr51\libatmega128.a(eewr_block.o)
 .text          0x00000000        0x0 C:/Program Files (x86)/Atmel/Studio/7.0/Packs/atmel/ATmega_DFP/1.3.300/gcc/dev/atmega128/avr51\libatmega128.a(eewr_byte.o)
 .data          0x00000000        0x0 C:/Program Files (x86)/Atmel/Studio/7.0/Packs/atmel/ATmega_DFP/1.3.300/gcc/dev/atmega128/avr51\libatmega128.a(eewr_byte.o)
 .bss           0x00000000        0x0 C:/Program Files (x86)/Atmel/Studio/7.0/Packs/atmel/ATmega_DFP/1.3.300/gcc/dev/atmega128/avr51\libatmega128.a(eewr_byte.o)
 .text.avr-libc
                0x00000000       0x1a C:/Program Files (x86)/Atmel/Studio/7.0/Packs/atmel/ATmega_DFP/1.3.300/gcc/dev/atmega128/avr51\libatmega128.a(eewr_byte.o)
 .debug_line    0x00000000       0x98 C:/Program Files (x86)/Atmel/Studio/7.0/Packs/atmel/ATmega_DFP/1.3.300/gcc/dev/atmega128/avr51\libatmega128.a(eewr_byte.o)
 .debug_info    0x00000000       0x9a C:/Program Files (x86)/Atmel/Studio/7.0/Packs/atmel/ATmega_DFP/1.3.300/gcc/dev/atmega128/avr51\libatmega128.a(eewr_byte.o)
 .debug_abbrev  0x00000000       0x14 C:/Program Files (x86)/Atmel/Studio/7.0/Packs/atmel/ATmega_DFP/1.3.300/gcc/dev/atmega128/avr51\libatmega128.a(eewr_byte.o)
 .debug_aranges
                0x00000000       0x20 C:/Program Files (x86)/Atmel/Studio/7.0/Packs/atmel/ATmega_DFP/1.3.300/gcc/dev/atmega128/avr51\libatmega128.a(eewr_byte.o)
 .text          0x00000000        0x0 C:/Program Files (x86)/Atmel/Studio/7.0/Packs/atmel/ATmega_DFP/1.3.300/gcc/dev/atmega128/avr51\libatmega128.a(eewr_dword.o)
 .data          0x00000000        0x0 C:/Program Files (x86)/Atmel/Studio/7.0/Packs/atmel/ATmega_DFP/1.3.300/gcc/dev/atmega128/avr51\libatmega128.a(eewr_dword.o)
 .bss           0x00000000        0x0 C:/Program Files (x86)/Atmel/Studio/7.0/Packs/atmel/ATmega_DFP/1.3.300/gcc/dev/atmega128/avr51\libatmega128.a(eewr_dword.o)
 .text.avr-libc
                0x00000000       0x10 C:/Program Files (x86)/Atmel/Studio/7.0/Packs/atmel/ATmega_DFP/1.3.300/gcc/dev/atmega128/avr51\libatmega128.a(eewr_dword.o)
 .debug_line    0x00000000       0x68 C:/Program Files (x86)/Atmel/Studio/7.0/Packs/atmel/ATmega_DFP/1.3.300/gcc/dev/atmega128/avr51\libatmega128.a(eewr_dword.o)
 .debug_info    0x00000000       0x9b C:/Program Files (x86)/Atmel/Studio/7.0/Packs/atmel/ATmega_DFP/1.3.300/gcc/dev/atmega128/avr51\libatmega128.a(eewr_dword.o)
 .debug_abbrev  0x00000000       0x14 C:/Program Files (x86)/Atmel/Studio/7.0/Packs/atmel/ATmega_DFP/1.3.300/gcc/dev/atmega128/avr51\libatmega128.a(eewr_dword.o)
 .debug_aranges
                0x00000000       0x20 C:/Program Files (x86)/Atmel/Studio/7.0/Packs/atmel/ATmega_DFP/1.3.300/gcc/dev/atmega128/avr51\libatmega128.a(eewr_dword.o)
 .text          0x00000000        0x0 C:/Program Files (x86)/Atmel/Studio/7.0/Packs/atmel/ATmega_DFP/1.3.300/gcc/dev/atmega128/avr51\libatmega128.a(eewr_word.o)
 .data          0x00000000        0x0 C:/Program Files (x86)/Atmel/Studio/7.0/Packs/atmel/ATmega_DFP/1.3.300/gcc/dev/atmega128/avr51\libatmega128.a(eewr_word.o)
 .bss           0x00000000        0x0 C:/Program Files (x86)/Atmel/Studio/7.0/Packs/atmel/ATmega_DFP/1.3.300/gcc/dev/atmega128/avr51\libatmega128.a(eewr_word.o)
 .text.avr-libc
                0x00000000        0xa C:/Program Files (x86)/Atmel/Studio/7.0/Packs/atmel/ATmega_DFP/1.3.300/gcc/dev/atmega128/avr51\libatmega128.a(eewr_word.o)
 .debug_line    0x00000000       0x5b C:/Program Files (x86)/Atmel/Studio/7.0/Packs/atmel/ATmega_DFP/1.3.300/gcc/dev/atmega128/avr51\libatmega128.a(eewr_word.o)
 .debug_info    0x00000000       0x9a C:/Program Files (x86)/Atmel/Studio/7.0/Packs/atmel/ATmega_DFP/1.3.300/gcc/dev/atmega128/avr51\libatmega128.a(eewr_word.o)
 .debug_abbrev  0x00000000       0x14 C:/Program Files (x86)/Atmel/Studio/7.0/Packs/atmel/ATmega_DFP/1.3.300/gcc/dev/atmega128/avr51\libatmega128.a(eewr_word.o)
 .debug_aranges
                0x00000000       0x20 C:/Program Files (x86)/Atmel/Studio/7.0/Packs/atmel/ATmega_DFP/1.3.300/gcc/dev/atmega128/avr51\libatmega128.a(eewr_word.o)

Memory Configuration

Name             Origin             Length             Attributes
text             0x00000000         0x00020000         xr
data             0x00800100         0x0000ff00         rw !x
eeprom           0x00810000         0x00010000         rw !x
fuse             0x00820000         0x00000003         rw !x
lock             0x00830000         0x00000400         rw !x
signature        0x00840000         0x00000400         rw !x
user_signatures  0x00850000         0x00000400         rw !x
*default*        0x00000000         0xffffffff

Linker script and memory map

Address of section .data set to 0x800100
LOAD C:/Program Files (x86)/Atmel/Studio/7.0/Packs/atmel/ATmega_DFP/1.3.300/gcc/dev/atmega128/avr51/crtatmega128.o
LOAD Libraria/74hc595.o
LOAD Libraria/atmega128analog.o
LOAD Libraria/atmega128interrupt.o
LOAD Libraria/atmega128spi.o
LOAD Libraria/atmega128timer.o
LOAD Libraria/atmega128twi.o
LOAD Libraria/atmega128uart.o
LOAD Libraria/clock.o
LOAD Libraria/eeprom.o
LOAD Libraria/function.o
LOAD Libraria/i2c.o
LOAD Libraria/keypad.o
LOAD Libraria/lcd.o
LOAD Libraria/lfsm.o
LOAD Libraria/pcf8563rtc.o
LOAD Libraria/rotenc.o
LOAD main.o
START GROUP
LOAD c:/program files (x86)/atmel/studio/7.0/toolchain/avr8/avr8-gnu-toolchain/bin/../lib/gcc/avr/5.4.0/../../../../avr/lib/avr51\libm.a
END GROUP
START GROUP
LOAD c:/program files (x86)/atmel/studio/7.0/toolchain/avr8/avr8-gnu-toolchain/bin/../lib/gcc/avr/5.4.0/avr51\libgcc.a
LOAD c:/program files (x86)/atmel/studio/7.0/toolchain/avr8/avr8-gnu-toolchain/bin/../lib/gcc/avr/5.4.0/../../../../avr/lib/avr51\libm.a
LOAD c:/program files (x86)/atmel/studio/7.0/toolchain/avr8/avr8-gnu-toolchain/bin/../lib/gcc/avr/5.4.0/../../../../avr/lib/avr51\libc.a
LOAD C:/Program Files (x86)/Atmel/Studio/7.0/Packs/atmel/ATmega_DFP/1.3.300/gcc/dev/atmega128/avr51\libatmega128.a
END GROUP
                0x00000000                __TEXT_REGION_ORIGIN__ = DEFINED (__TEXT_REGION_ORIGIN__)?__TEXT_REGION_ORIGIN__:0x0
                0x00800100                __DATA_REGION_ORIGIN__ = DEFINED (__DATA_REGION_ORIGIN__)?__DATA_REGION_ORIGIN__:0x800100
                0x00020000                __TEXT_REGION_LENGTH__ = DEFINED (__TEXT_REGION_LENGTH__)?__TEXT_REGION_LENGTH__:0x20000
                0x0000ff00                __DATA_REGION_LENGTH__ = DEFINED (__DATA_REGION_LENGTH__)?__DATA_REGION_LENGTH__:0xff00
                0x00010000                __EEPROM_REGION_LENGTH__ = DEFINED (__EEPROM_REGION_LENGTH__)?__EEPROM_REGION_LENGTH__:0x10000
                [0x00000003]                __FUSE_REGION_LENGTH__ = DEFINED (__FUSE_REGION_LENGTH__)?__FUSE_REGION_LENGTH__:0x400
                0x00000400                __LOCK_REGION_LENGTH__ = DEFINED (__LOCK_REGION_LENGTH__)?__LOCK_REGION_LENGTH__:0x400
                0x00000400                __SIGNATURE_REGION_LENGTH__ = DEFINED (__SIGNATURE_REGION_LENGTH__)?__SIGNATURE_REGION_LENGTH__:0x400
                0x00000400                __USER_SIGNATURE_REGION_LENGTH__ = DEFINED (__USER_SIGNATURE_REGION_LENGTH__)?__USER_SIGNATURE_REGION_LENGTH__:0x400

.hash
 *(.hash)

.dynsym
 *(.dynsym)

.dynstr
 *(.dynstr)

.gnu.version
 *(.gnu.version)

.gnu.version_d
 *(.gnu.version_d)

.gnu.version_r
 *(.gnu.version_r)

.rel.init
 *(.rel.init)

.rela.init
 *(.rela.init)

.rel.text
 *(.rel.text)
 *(.rel.text.*)
 *(.rel.gnu.linkonce.t*)

.rela.text
 *(.rela.text)
 *(.rela.text.*)
 *(.rela.gnu.linkonce.t*)

.rel.fini
 *(.rel.fini)

.rela.fini
 *(.rela.fini)

.rel.rodata
 *(.rel.rodata)
 *(.rel.rodata.*)
 *(.rel.gnu.linkonce.r*)

.rela.rodata
 *(.rela.rodata)
 *(.rela.rodata.*)
 *(.rela.gnu.linkonce.r*)

.rel.data
 *(.rel.data)
 *(.rel.data.*)
 *(.rel.gnu.linkonce.d*)

.rela.data
 *(.rela.data)
 *(.rela.data.*)
 *(.rela.gnu.linkonce.d*)

.rel.ctors
 *(.rel.ctors)

.rela.ctors
 *(.rela.ctors)

.rel.dtors
 *(.rel.dtors)

.rela.dtors
 *(.rela.dtors)

.rel.got
 *(.rel.got)

.rela.got
 *(.rela.got)

.rel.bss
 *(.rel.bss)

.rela.bss
 *(.rela.bss)

.rel.plt
 *(.rel.plt)

.rela.plt
 *(.rela.plt)

.text           0x00000000     0x1640
 *(.vectors)
 .vectors       0x00000000       0x8c C:/Program Files (x86)/Atmel/Studio/7.0/Packs/atmel/ATmega_DFP/1.3.300/gcc/dev/atmega128/avr51/crtatmega128.o
                0x00000000                __vector_default
                0x00000000                __vectors
 *(.vectors)
 *(.progmem.gcc*)
                0x0000008c                . = ALIGN (0x2)
                0x0000008c                __trampolines_start = .
 *(.trampolines)
 .trampolines   0x0000008c        0x0 linker stubs
 *(.trampolines*)
                0x0000008c                __trampolines_end = .
 *libprintf_flt.a:*(.progmem.data)
 *libc.a:*(.progmem.data)
 *(.progmem*)
                0x0000008c                . = ALIGN (0x2)
 *(.jumptables)
 *(.jumptables*)
 *(.lowtext)
 *(.lowtext*)
                0x0000008c                __ctors_start = .
 *(.ctors)
                0x0000008c                __ctors_end = .
                0x0000008c                __dtors_start = .
 *(.dtors)
                0x0000008c                __dtors_end = .
 SORT(*)(.ctors)
 SORT(*)(.dtors)
 *(.init0)
 .init0         0x0000008c        0x0 C:/Program Files (x86)/Atmel/Studio/7.0/Packs/atmel/ATmega_DFP/1.3.300/gcc/dev/atmega128/avr51/crtatmega128.o
                0x0000008c                __init
 *(.init0)
 *(.init1)
 *(.init1)
 *(.init2)
 .init2         0x0000008c        0xc C:/Program Files (x86)/Atmel/Studio/7.0/Packs/atmel/ATmega_DFP/1.3.300/gcc/dev/atmega128/avr51/crtatmega128.o
 *(.init2)
 *(.init3)
 *(.init3)
 *(.init4)
 .init4         0x00000098       0x1a c:/program files (x86)/atmel/studio/7.0/toolchain/avr8/avr8-gnu-toolchain/bin/../lib/gcc/avr/5.4.0/avr51\libgcc.a(_copy_data.o)
                0x00000098                __do_copy_data
 .init4         0x000000b2       0x10 c:/program files (x86)/atmel/studio/7.0/toolchain/avr8/avr8-gnu-toolchain/bin/../lib/gcc/avr/5.4.0/avr51\libgcc.a(_clear_bss.o)
                0x000000b2                __do_clear_bss
 *(.init4)
 *(.init5)
 *(.init5)
 *(.init6)
 *(.init6)
 *(.init7)
 *(.init7)
 *(.init8)
 *(.init8)
 *(.init9)
 .init9         0x000000c2        0x8 C:/Program Files (x86)/Atmel/Studio/7.0/Packs/atmel/ATmega_DFP/1.3.300/gcc/dev/atmega128/avr51/crtatmega128.o
 *(.init9)
 *(.text)
 .text          0x000000ca        0x2 C:/Program Files (x86)/Atmel/Studio/7.0/Packs/atmel/ATmega_DFP/1.3.300/gcc/dev/atmega128/avr51/crtatmega128.o
                0x000000ca                __vector_32
                0x000000ca                __vector_34
                0x000000ca                __bad_interrupt
                0x000000ca                __vector_23
                0x000000ca                __vector_9
                0x000000ca                __vector_20
                0x000000ca                __vector_22
                0x000000cc                . = ALIGN (0x2)
 *(.text.*)
 .text.__vector_21
                0x000000cc      0x10a Libraria/atmega128analog.o
                0x000000cc                __vector_21
 .text.__vector_1
                0x000001d6       0x14 Libraria/atmega128interrupt.o
                0x000001d6                __vector_1
 .text.__vector_2
                0x000001ea       0x14 Libraria/atmega128interrupt.o
                0x000001ea                __vector_2
 .text.__vector_3
                0x000001fe       0x14 Libraria/atmega128interrupt.o
                0x000001fe                __vector_3
 .text.__vector_4
                0x00000212       0x14 Libraria/atmega128interrupt.o
                0x00000212                __vector_4
 .text.__vector_5
                0x00000226       0x14 Libraria/atmega128interrupt.o
                0x00000226                __vector_5
 .text.__vector_6
                0x0000023a       0x14 Libraria/atmega128interrupt.o
                0x0000023a                __vector_6
 .text.__vector_7
                0x0000024e       0x14 Libraria/atmega128interrupt.o
                0x0000024e                __vector_7
 .text.__vector_8
                0x00000262       0x14 Libraria/atmega128interrupt.o
                0x00000262                __vector_8
 .text.__vector_17
                0x00000276       0x14 Libraria/atmega128spi.o
                0x00000276                __vector_17
 .text.__vector_10
                0x0000028a       0x14 Libraria/atmega128timer.o
                0x0000028a                __vector_10
 .text.__vector_11
                0x0000029e       0x14 Libraria/atmega128timer.o
                0x0000029e                __vector_11
 .text.__vector_12
                0x000002b2       0x14 Libraria/atmega128timer.o
                0x000002b2                __vector_12
 .text.__vector_13
                0x000002c6       0x14 Libraria/atmega128timer.o
                0x000002c6                __vector_13
 .text.__vector_14
                0x000002da       0x14 Libraria/atmega128timer.o
                0x000002da                __vector_14
 .text.__vector_15
                0x000002ee       0x14 Libraria/atmega128timer.o
                0x000002ee                __vector_15
 .text.__vector_16
                0x00000302       0x14 Libraria/atmega128timer.o
                0x00000302                __vector_16
 .text.__vector_24
                0x00000316       0x14 Libraria/atmega128timer.o
                0x00000316                __vector_24
 .text.__vector_25
                0x0000032a       0x14 Libraria/atmega128timer.o
                0x0000032a                __vector_25
 .text.__vector_26
                0x0000033e       0x14 Libraria/atmega128timer.o
                0x0000033e                __vector_26
 .text.__vector_27
                0x00000352       0x14 Libraria/atmega128timer.o
                0x00000352                __vector_27
 .text.__vector_28
                0x00000366       0x14 Libraria/atmega128timer.o
                0x00000366                __vector_28
 .text.__vector_29
                0x0000037a       0x14 Libraria/atmega128timer.o
                0x0000037a                __vector_29
 .text.__vector_33
                0x0000038e       0x14 Libraria/atmega128twi.o
                0x0000038e                __vector_33
 .text.__vector_18
                0x000003a2       0x70 Libraria/atmega128uart.o
                0x000003a2                __vector_18
 .text.__vector_19
                0x00000412       0x52 Libraria/atmega128uart.o
                0x00000412                __vector_19
 .text.__vector_30
                0x00000464       0x76 Libraria/atmega128uart.o
                0x00000464                __vector_30
 .text.__vector_31
                0x000004da       0x60 Libraria/atmega128uart.o
                0x000004da                __vector_31
 .text.FUNCpinmatch
                0x0000053a       0x14 Libraria/function.o
                0x0000053a                FUNCpinmatch
 .text.FUNChmerge
                0x0000054e        0x4 Libraria/function.o
                0x0000054e                FUNChmerge
 .text.FUNClmerge
                0x00000552        0x4 Libraria/function.o
                0x00000552                FUNClmerge
 .text.FUNChh   0x00000556        0x4 Libraria/function.o
                0x00000556                FUNChh
 .text.FUNCll   0x0000055a        0x6 Libraria/function.o
                0x0000055a                FUNCll
 .text.FUNClh   0x00000560        0x6 Libraria/function.o
                0x00000560                FUNClh
 .text.FUNChl   0x00000566        0x6 Libraria/function.o
                0x00000566                FUNChl
 .text.FUNCdiff
                0x0000056c        0x4 Libraria/function.o
                0x0000056c                FUNCdiff
 .text.FUNCswap
                0x00000570       0x42 Libraria/function.o
                0x00000570                FUNCswap
 .text.FUNCcopy
                0x000005b2       0x1c Libraria/function.o
                0x000005b2                FUNCcopy
 .text.FUNCsqueeze
                0x000005ce       0x44 Libraria/function.o
                0x000005ce                FUNCsqueeze
 .text.FUNCshellsort
                0x00000612      0x14c Libraria/function.o
                0x00000612                FUNCshellsort
 .text.FUNCpmax
                0x0000075e        0xa Libraria/function.o
                0x0000075e                FUNCpmax
 .text.FUNCgcd  0x00000768       0x1c Libraria/function.o
                0x00000768                FUNCgcd
 .text.FUNCstrToInt
                0x00000784       0x48 Libraria/function.o
                0x00000784                FUNCstrToInt
 .text.FUNCfilter
                0x000007cc        0x4 Libraria/function.o
                0x000007cc                FUNCfilter
 .text.FUNCticks
                0x000007d0       0x14 Libraria/function.o
                0x000007d0                FUNCticks
 .text.FUNCtwocomptoint8bit
                0x000007e4       0x1a Libraria/function.o
                0x000007e4                FUNCtwocomptoint8bit
 .text.FUNCtwocomptoint10bit
                0x000007fe       0x18 Libraria/function.o
                0x000007fe                FUNCtwocomptoint10bit
 .text.FUNCtwocomptointnbit
                0x00000816       0x30 Libraria/function.o
                0x00000816                FUNCtwocomptointnbit
 .text.FUNCdec2bcd
                0x00000846       0x26 Libraria/function.o
                0x00000846                FUNCdec2bcd
 .text.FUNCbcd2dec
                0x0000086c       0x16 Libraria/function.o
                0x0000086c                FUNCbcd2dec
 .text.FUNCresizestr
                0x00000882       0x5a Libraria/function.o
                0x00000882                FUNCresizestr
 .text.FUNCtrimmer
                0x000008dc       0x7e Libraria/function.o
                0x000008dc                FUNCtrimmer
 .text.Pwr      0x0000095a       0x36 Libraria/function.o
                0x0000095a                Pwr
 .text.StringLength
                0x00000990       0x1e Libraria/function.o
                0x00000990                StringLength
 .text.FUNCtrim
                0x000009ae       0x36 Libraria/function.o
                0x000009ae                FUNCtrim
 .text.Reverse  0x000009e4       0x3a Libraria/function.o
                0x000009e4                Reverse
 .text.FUNCi32toa
                0x00000a1e       0xb4 Libraria/function.o
                0x00000a1e                FUNCi32toa
 .text.FUNCi16toa
                0x00000ad2       0x70 Libraria/function.o
                0x00000ad2                FUNCi16toa
 .text.FUNCui16toa
                0x00000b42       0x78 Libraria/function.o
                0x00000b42                FUNCui16toa
 .text.FUNCbcd2bin
                0x00000bba       0x16 Libraria/function.o
                0x00000bba                FUNCbcd2bin
 .text.FUNCbin2bcd
                0x00000bd0       0x40 Libraria/function.o
                0x00000bd0                FUNCbin2bcd
 .text.FUNCgcd1
                0x00000c10       0x9e Libraria/function.o
                0x00000c10                FUNCgcd1
 .text.FUNCpincheck
                0x00000cae       0x10 Libraria/function.o
                0x00000cae                FUNCpincheck
 .text.FUNCprint_binary
                0x00000cbe       0x2c Libraria/function.o
                0x00000cbe                FUNCprint_binary
 .text.FUNCmayia
                0x00000cea       0x46 Libraria/function.o
                0x00000cea                FUNCmayia
 .text.FUNCenable
                0x00000d30      0x14e Libraria/function.o
                0x00000d30                FUNCenable
 .text.I2C_Init
                0x00000e7e       0x12 Libraria/i2c.o
                0x00000e7e                I2C_Init
 .text.I2C_Start
                0x00000e90       0x12 Libraria/i2c.o
                0x00000e90                I2C_Start
 .text.I2C_Stop
                0x00000ea2       0x14 Libraria/i2c.o
                0x00000ea2                I2C_Stop
 .text.I2C_Write
                0x00000eb6       0x16 Libraria/i2c.o
                0x00000eb6                I2C_Write
 .text.I2C_Read
                0x00000ecc       0x1e Libraria/i2c.o
                0x00000ecc                I2C_Read
 .text.LCD0_write
                0x00000eea      0x188 Libraria/lcd.o
                0x00000eea                LCD0_write
 .text.LCD0_read
                0x00001072       0xf6 Libraria/lcd.o
                0x00001072                LCD0_read
 .text.LCD0_BF  0x00001168       0x24 Libraria/lcd.o
                0x00001168                LCD0_BF
 .text.LCD0_putch
                0x0000118c        0xa Libraria/lcd.o
                0x0000118c                LCD0_putch
 .text.LCD0_getch
                0x00001196       0x12 Libraria/lcd.o
                0x00001196                LCD0_getch
 .text.LCD0_string
                0x000011a8       0x22 Libraria/lcd.o
                0x000011a8                LCD0_string
 .text.LCD0_string_size
                0x000011ca       0x5e Libraria/lcd.o
                0x000011ca                LCD0_string_size
 .text.LCD0_hspace
                0x00001228       0x1a Libraria/lcd.o
                0x00001228                LCD0_hspace
 .text.LCD0_gotoxy
                0x00001242       0x4e Libraria/lcd.o
                0x00001242                LCD0_gotoxy
 .text.LCD0_clear
                0x00001290       0x16 Libraria/lcd.o
                0x00001290                LCD0_clear
 .text.LCD0_inic
                0x000012a6       0x8c Libraria/lcd.o
                0x000012a6                LCD0_inic
 .text.LCD0enable
                0x00001332       0xae Libraria/lcd.o
                0x00001332                LCD0enable
 .text.LCD0_reboot
                0x000013e0       0x22 Libraria/lcd.o
                0x000013e0                LCD0_reboot
 .text.PCF8563RTC_Init
                0x00001402       0x14 Libraria/pcf8563rtc.o
                0x00001402                PCF8563RTC_Init
 .text.PCF8563RTC_GetTime
                0x00001416       0x3a Libraria/pcf8563rtc.o
                0x00001416                PCF8563RTC_GetTime
 .text.PCF8563RTC_GetDate
                0x00001450       0x46 Libraria/pcf8563rtc.o
                0x00001450                PCF8563RTC_GetDate
 .text.PCF8563RTC_bcd2dec
                0x00001496       0x16 Libraria/pcf8563rtc.o
                0x00001496                PCF8563RTC_bcd2dec
 .text.main     0x000014ac       0x76 main.o
                0x000014ac                main
 .text.libgcc.mul
                0x00001522       0x1e c:/program files (x86)/atmel/studio/7.0/toolchain/avr8/avr8-gnu-toolchain/bin/../lib/gcc/avr/5.4.0/avr51\libgcc.a(_mulsi3.o)
                0x00001522                __mulsi3
 .text.libgcc.div
                0x00001540       0x28 c:/program files (x86)/atmel/studio/7.0/toolchain/avr8/avr8-gnu-toolchain/bin/../lib/gcc/avr/5.4.0/avr51\libgcc.a(_udivmodhi4.o)
                0x00001540                __udivmodhi4
 .text.libgcc.div
                0x00001568       0x26 c:/program files (x86)/atmel/studio/7.0/toolchain/avr8/avr8-gnu-toolchain/bin/../lib/gcc/avr/5.4.0/avr51\libgcc.a(_divmodhi4.o)
                0x00001568                _div
                0x00001568                __divmodhi4
 .text.libgcc.div
                0x0000158e       0x44 c:/program files (x86)/atmel/studio/7.0/toolchain/avr8/avr8-gnu-toolchain/bin/../lib/gcc/avr/5.4.0/avr51\libgcc.a(_udivmodsi4.o)
                0x0000158e                __udivmodsi4
 .text.libgcc.div
                0x000015d2       0x28 c:/program files (x86)/atmel/studio/7.0/toolchain/avr8/avr8-gnu-toolchain/bin/../lib/gcc/avr/5.4.0/avr51\libgcc.a(_divmodsi4.o)
                0x000015d2                __divmodsi4
 .text.libgcc.div
                0x000015fa       0x10 c:/program files (x86)/atmel/studio/7.0/toolchain/avr8/avr8-gnu-toolchain/bin/../lib/gcc/avr/5.4.0/avr51\libgcc.a(_negsi2.o)
                0x000015fa                __negsi2
 .text.libgcc.mul
                0x0000160a       0x1e c:/program files (x86)/atmel/studio/7.0/toolchain/avr8/avr8-gnu-toolchain/bin/../lib/gcc/avr/5.4.0/avr51\libgcc.a(_umulhisi3.o)
                0x0000160a                __umulhisi3
 .text.libgcc.mul
                0x00001628       0x14 c:/program files (x86)/atmel/studio/7.0/toolchain/avr8/avr8-gnu-toolchain/bin/../lib/gcc/avr/5.4.0/avr51\libgcc.a(_muluhisi3.o)
                0x00001628                __muluhisi3
                0x0000163c                . = ALIGN (0x2)
 *(.fini9)
 .fini9         0x0000163c        0x0 c:/program files (x86)/atmel/studio/7.0/toolchain/avr8/avr8-gnu-toolchain/bin/../lib/gcc/avr/5.4.0/avr51\libgcc.a(_exit.o)
                0x0000163c                _exit
                0x0000163c                exit
 *(.fini9)
 *(.fini8)
 *(.fini8)
 *(.fini7)
 *(.fini7)
 *(.fini6)
 *(.fini6)
 *(.fini5)
 *(.fini5)
 *(.fini4)
 *(.fini4)
 *(.fini3)
 *(.fini3)
 *(.fini2)
 *(.fini2)
 *(.fini1)
 *(.fini1)
 *(.fini0)
 .fini0         0x0000163c        0x4 c:/program files (x86)/atmel/studio/7.0/toolchain/avr8/avr8-gnu-toolchain/bin/../lib/gcc/avr/5.4.0/avr51\libgcc.a(_exit.o)
 *(.fini0)
                0x00001640                _etext = .

.data           0x00800100        0x6 load address 0x00001640
                0x00800100                PROVIDE (__data_start, .)
 *(.data)
 *(.data*)
 *(.gnu.linkonce.d*)
 *(.rodata)
 *(.rodata*)
 .rodata.str1.1
                0x00800100        0x6 main.o
 *(.gnu.linkonce.r*)
                0x00800106                . = ALIGN (0x2)
                0x00800106                _edata = .
                0x00800106                PROVIDE (__data_end, .)

.bss            0x00800106       0xd5
                0x00800106                PROVIDE (__bss_start, .)
 *(.bss)
 *(.bss*)
 .bss.adc_n_sample
                0x00800106        0x1 Libraria/atmega128analog.o
 .bss.adc_tmp   0x00800107        0x2 Libraria/atmega128analog.o
 .bss.adc_sample
                0x00800109        0x2 Libraria/atmega128analog.o
 .bss.ADC_SELECTOR
                0x0080010b        0x2 Libraria/atmega128analog.o
 .bss.ADC_N_CHANNEL
                0x0080010d        0x2 Libraria/atmega128analog.o
 .bss.ADC_CHANNEL_GAIN
                0x0080010f       0x10 Libraria/atmega128analog.o
 .bss.ADC_VALUE
                0x0080011f       0x10 Libraria/atmega128analog.o
 .bss.UART1_LastRxError
                0x0080012f        0x1 Libraria/atmega128uart.o
 .bss.UART1_RxTail
                0x00800130        0x1 Libraria/atmega128uart.o
 .bss.UART1_RxHead
                0x00800131        0x1 Libraria/atmega128uart.o
 .bss.UART1_TxTail
                0x00800132        0x1 Libraria/atmega128uart.o
 .bss.UART1_TxHead
                0x00800133        0x1 Libraria/atmega128uart.o
 .bss.UART1_RxBuf
                0x00800134       0x20 Libraria/atmega128uart.o
 .bss.UART1_TxBuf
                0x00800154       0x20 Libraria/atmega128uart.o
 .bss.UART_LastRxError
                0x00800174        0x1 Libraria/atmega128uart.o
 .bss.UART_RxTail
                0x00800175        0x1 Libraria/atmega128uart.o
 .bss.UART_RxHead
                0x00800176        0x1 Libraria/atmega128uart.o
 .bss.UART_TxTail
                0x00800177        0x1 Libraria/atmega128uart.o
 .bss.UART_TxHead
                0x00800178        0x1 Libraria/atmega128uart.o
 .bss.UART_RxBuf
                0x00800179       0x20 Libraria/atmega128uart.o
 .bss.UART_TxBuf
                0x00800199       0x20 Libraria/atmega128uart.o
 *(COMMON)
 COMMON         0x008001b9       0x14 Libraria/function.o
                0x008001b9                FUNCstr
 COMMON         0x008001cd        0xe Libraria/lcd.o
                0x008001cd                lcd0_PIN
                0x008001cf                lcd1_DDR
                0x008001d1                lcd1_detect
                0x008001d2                lcd1_PIN
                0x008001d4                lcd0_DDR
                0x008001d6                lcd0_detect
                0x008001d7                lcd0_PORT
                0x008001d9                lcd1_PORT
                0x008001db                PROVIDE (__bss_end, .)
                0x00001640                __data_load_start = LOADADDR (.data)
                0x00001646                __data_load_end = (__data_load_start + SIZEOF (.data))

.noinit         0x008001db        0x0
                [!provide]                PROVIDE (__noinit_start, .)
 *(.noinit*)
                [!provide]                PROVIDE (__noinit_end, .)
                0x008001db                _end = .
                [!provide]                PROVIDE (__heap_start, .)

.eeprom         0x00810000        0x0
 *(.eeprom*)
                0x00810000                __eeprom_end = .

.fuse
 *(.fuse)
 *(.lfuse)
 *(.hfuse)
 *(.efuse)

.lock
 *(.lock*)

.signature
 *(.signature*)

.user_signatures
 *(.user_signatures*)

.stab
 *(.stab)

.stabstr
 *(.stabstr)

.stab.excl
 *(.stab.excl)

.stab.exclstr
 *(.stab.exclstr)

.stab.index
 *(.stab.index)

.stab.indexstr
 *(.stab.indexstr)

.comment        0x00000000       0x30
 *(.comment)
 .comment       0x00000000       0x30 Libraria/atmega128analog.o
                                 0x31 (size before relaxing)
 .comment       0x00000030       0x31 Libraria/atmega128interrupt.o
 .comment       0x00000030       0x31 Libraria/atmega128spi.o
 .comment       0x00000030       0x31 Libraria/atmega128timer.o
 .comment       0x00000030       0x31 Libraria/atmega128twi.o
 .comment       0x00000030       0x31 Libraria/atmega128uart.o
 .comment       0x00000030       0x31 Libraria/function.o
 .comment       0x00000030       0x31 Libraria/i2c.o
 .comment       0x00000030       0x31 Libraria/lcd.o
 .comment       0x00000030       0x31 Libraria/pcf8563rtc.o
 .comment       0x00000030       0x31 main.o

.note.gnu.avr.deviceinfo
                0x00000000       0x3c
 .note.gnu.avr.deviceinfo
                0x00000000       0x3c C:/Program Files (x86)/Atmel/Studio/7.0/Packs/atmel/ATmega_DFP/1.3.300/gcc/dev/atmega128/avr51/crtatmega128.o

.note.gnu.build-id
 *(.note.gnu.build-id)

.debug
 *(.debug)

.line
 *(.line)

.debug_srcinfo
 *(.debug_srcinfo)

.debug_sfnames
 *(.debug_sfnames)

.debug_aranges  0x00000000      0x688
 *(.debug_aranges)
 .debug_aranges
                0x00000000       0x30 Libraria/atmega128analog.o
 .debug_aranges
                0x00000030       0x78 Libraria/atmega128interrupt.o
 .debug_aranges
                0x000000a8       0x48 Libraria/atmega128spi.o
 .debug_aranges
                0x000000f0      0x160 Libraria/atmega128timer.o
 .debug_aranges
                0x00000250       0x68 Libraria/atmega128twi.o
 .debug_aranges
                0x000002b8       0xd8 Libraria/atmega128uart.o
 .debug_aranges
                0x00000390      0x150 Libraria/function.o
 .debug_aranges
                0x000004e0       0x40 Libraria/i2c.o
 .debug_aranges
                0x00000520      0x100 Libraria/lcd.o
 .debug_aranges
                0x00000620       0x48 Libraria/pcf8563rtc.o
 .debug_aranges
                0x00000668       0x20 main.o

.debug_pubnames
 *(.debug_pubnames)

.debug_info     0x00000000     0x586f
 *(.debug_info .gnu.linkonce.wi.*)
 .debug_info    0x00000000      0x780 C:/Program Files (x86)/Atmel/Studio/7.0/Packs/atmel/ATmega_DFP/1.3.300/gcc/dev/atmega128/avr51/crtatmega128.o
 .debug_info    0x00000780      0x25a Libraria/atmega128analog.o
 .debug_info    0x000009da      0x266 Libraria/atmega128interrupt.o
 .debug_info    0x00000c40      0x261 Libraria/atmega128spi.o
 .debug_info    0x00000ea1      0x93b Libraria/atmega128timer.o
 .debug_info    0x000017dc      0x59d Libraria/atmega128twi.o
 .debug_info    0x00001d79      0x8ff Libraria/atmega128uart.o
 .debug_info    0x00002678     0x11c7 Libraria/function.o
 .debug_info    0x0000383f      0x189 Libraria/i2c.o
 .debug_info    0x000039c8     0x119e Libraria/lcd.o
 .debug_info    0x00004b66      0x4e0 Libraria/pcf8563rtc.o
 .debug_info    0x00005046      0x829 main.o

.debug_abbrev   0x00000000     0x1a21
 *(.debug_abbrev)
 .debug_abbrev  0x00000000      0x718 C:/Program Files (x86)/Atmel/Studio/7.0/Packs/atmel/ATmega_DFP/1.3.300/gcc/dev/atmega128/avr51/crtatmega128.o
 .debug_abbrev  0x00000718      0x134 Libraria/atmega128analog.o
 .debug_abbrev  0x0000084c      0x164 Libraria/atmega128interrupt.o
 .debug_abbrev  0x000009b0      0x153 Libraria/atmega128spi.o
 .debug_abbrev  0x00000b03      0x189 Libraria/atmega128timer.o
 .debug_abbrev  0x00000c8c      0x1f3 Libraria/atmega128twi.o
 .debug_abbrev  0x00000e7f      0x269 Libraria/atmega128uart.o
 .debug_abbrev  0x000010e8      0x2e7 Libraria/function.o
 .debug_abbrev  0x000013cf       0xf8 Libraria/i2c.o
 .debug_abbrev  0x000014c7      0x2ed Libraria/lcd.o
 .debug_abbrev  0x000017b4      0x124 Libraria/pcf8563rtc.o
 .debug_abbrev  0x000018d8      0x149 main.o

.debug_line     0x00000000     0x3bbe
 *(.debug_line .debug_line.* .debug_line_end)
 .debug_line    0x00000000      0x169 C:/Program Files (x86)/Atmel/Studio/7.0/Packs/atmel/ATmega_DFP/1.3.300/gcc/dev/atmega128/avr51/crtatmega128.o
 .debug_line    0x00000169      0x301 Libraria/atmega128analog.o
 .debug_line    0x0000046a      0x466 Libraria/atmega128interrupt.o
 .debug_line    0x000008d0      0x2da Libraria/atmega128spi.o
 .debug_line    0x00000baa      0xb9d Libraria/atmega128timer.o
 .debug_line    0x00001747      0x391 Libraria/atmega128twi.o
 .debug_line    0x00001ad8      0x800 Libraria/atmega128uart.o
 .debug_line    0x000022d8      0x7ff Libraria/function.o
 .debug_line    0x00002ad7      0x1d2 Libraria/i2c.o
 .debug_line    0x00002ca9      0xbc9 Libraria/lcd.o
 .debug_line    0x00003872      0x230 Libraria/pcf8563rtc.o
 .debug_line    0x00003aa2      0x11c main.o

.debug_frame    0x00000000     0x10f0
 *(.debug_frame)
 .debug_frame   0x00000000       0x84 Libraria/atmega128analog.o
 .debug_frame   0x00000084      0x144 Libraria/atmega128interrupt.o
 .debug_frame   0x000001c8       0x90 Libraria/atmega128spi.o
 .debug_frame   0x00000258      0x360 Libraria/atmega128timer.o
 .debug_frame   0x000005b8       0xd8 Libraria/atmega128twi.o
 .debug_frame   0x00000690      0x294 Libraria/atmega128uart.o
 .debug_frame   0x00000924      0x3f0 Libraria/function.o
 .debug_frame   0x00000d14       0x64 Libraria/i2c.o
 .debug_frame   0x00000d78      0x28c Libraria/lcd.o
 .debug_frame   0x00001004       0xb8 Libraria/pcf8563rtc.o
 .debug_frame   0x000010bc       0x34 main.o

.debug_str      0x00000000     0x1406
 *(.debug_str)
 .debug_str     0x00000000      0x27d C:/Program Files (x86)/Atmel/Studio/7.0/Packs/atmel/ATmega_DFP/1.3.300/gcc/dev/atmega128/avr51/crtatmega128.o
 .debug_str     0x0000027d      0x25a Libraria/atmega128analog.o
                                0x2a0 (size before relaxing)
 .debug_str     0x000004d7       0xe3 Libraria/atmega128interrupt.o
                                0x26b (size before relaxing)
 .debug_str     0x000005ba       0xb8 Libraria/atmega128spi.o
                                0x252 (size before relaxing)
 .debug_str     0x00000672      0x416 Libraria/atmega128timer.o
                                0x5fe (size before relaxing)
 .debug_str     0x00000a88       0xc7 Libraria/atmega128twi.o
                                0x299 (size before relaxing)
 .debug_str     0x00000b4f      0x27f Libraria/atmega128uart.o
                                0x438 (size before relaxing)
 .debug_str     0x00000dce      0x280 Libraria/function.o
                                0x538 (size before relaxing)
 .debug_str     0x0000104e       0xac Libraria/i2c.o
                                0x21f (size before relaxing)
 .debug_str     0x000010fa      0x1ec Libraria/lcd.o
                                0x40a (size before relaxing)
 .debug_str     0x000012e6      0x10f Libraria/pcf8563rtc.o
                                0x2bd (size before relaxing)
 .debug_str     0x000013f5       0x11 main.o
                                0x383 (size before relaxing)

.debug_loc      0x00000000     0x506c
 *(.debug_loc)
 .debug_loc     0x00000000      0x2f4 Libraria/atmega128analog.o
 .debug_loc     0x000002f4      0x44e Libraria/atmega128interrupt.o
 .debug_loc     0x00000742      0x219 Libraria/atmega128spi.o
 .debug_loc     0x0000095b      0x953 Libraria/atmega128timer.o
 .debug_loc     0x000012ae      0x39e Libraria/atmega128twi.o
 .debug_loc     0x0000164c      0xea6 Libraria/atmega128uart.o
 .debug_loc     0x000024f2     0x1680 Libraria/function.o
 .debug_loc     0x00003b72       0x94 Libraria/i2c.o
 .debug_loc     0x00003c06     0x10ee Libraria/lcd.o
 .debug_loc     0x00004cf4      0x2f8 Libraria/pcf8563rtc.o
 .debug_loc     0x00004fec       0x80 main.o

.debug_macinfo
 *(.debug_macinfo)

.debug_weaknames
 *(.debug_weaknames)

.debug_funcnames
 *(.debug_funcnames)

.debug_typenames
 *(.debug_typenames)

.debug_varnames
 *(.debug_varnames)

.debug_pubtypes
 *(.debug_pubtypes)

.debug_ranges   0x00000000      0x608
 *(.debug_ranges)
 .debug_ranges  0x00000000       0x20 Libraria/atmega128analog.o
 .debug_ranges  0x00000020       0x68 Libraria/atmega128interrupt.o
 .debug_ranges  0x00000088       0x38 Libraria/atmega128spi.o
 .debug_ranges  0x000000c0      0x150 Libraria/atmega128timer.o
 .debug_ranges  0x00000210       0x58 Libraria/atmega128twi.o
 .debug_ranges  0x00000268       0xf8 Libraria/atmega128uart.o
 .debug_ranges  0x00000360      0x140 Libraria/function.o
 .debug_ranges  0x000004a0       0x30 Libraria/i2c.o
 .debug_ranges  0x000004d0       0xf0 Libraria/lcd.o
 .debug_ranges  0x000005c0       0x38 Libraria/pcf8563rtc.o
 .debug_ranges  0x000005f8       0x10 main.o

.debug_macro
 *(.debug_macro)
OUTPUT(Atmega128.elf elf32-avr)
LOAD linker stubs
